Archive member included to satisfy reference by file (symbol)

C:/Program Files/STM32CubeIDE_1.18.1/STM32CubeIDE/plugins/com.st.stm32cube.ide.mcu.externaltools.gnu-tools-for-stm32.13.3.rel1.win32_1.0.0.202411081344/tools/bin/../lib/gcc/arm-none-eabi/13.3.1/../../../../arm-none-eabi/lib/thumb/v7e-m+fp/hard\libm.a(libm_a-w_acos.o)
                              ./Core/Src/motor/motor_control.o (acos)
C:/Program Files/STM32CubeIDE_1.18.1/STM32CubeIDE/plugins/com.st.stm32cube.ide.mcu.externaltools.gnu-tools-for-stm32.13.3.rel1.win32_1.0.0.202411081344/tools/bin/../lib/gcc/arm-none-eabi/13.3.1/../../../../arm-none-eabi/lib/thumb/v7e-m+fp/hard\libm.a(libm_a-s_atan.o)
                              ./Core/Src/motor/motor_control.o (atan)
C:/Program Files/STM32CubeIDE_1.18.1/STM32CubeIDE/plugins/com.st.stm32cube.ide.mcu.externaltools.gnu-tools-for-stm32.13.3.rel1.win32_1.0.0.202411081344/tools/bin/../lib/gcc/arm-none-eabi/13.3.1/../../../../arm-none-eabi/lib/thumb/v7e-m+fp/hard\libm.a(libm_a-s_cos.o)
                              ./Core/Src/motor/motor_control.o (cos)
C:/Program Files/STM32CubeIDE_1.18.1/STM32CubeIDE/plugins/com.st.stm32cube.ide.mcu.externaltools.gnu-tools-for-stm32.13.3.rel1.win32_1.0.0.202411081344/tools/bin/../lib/gcc/arm-none-eabi/13.3.1/../../../../arm-none-eabi/lib/thumb/v7e-m+fp/hard\libm.a(libm_a-s_fabs.o)
                              C:/Program Files/STM32CubeIDE_1.18.1/STM32CubeIDE/plugins/com.st.stm32cube.ide.mcu.externaltools.gnu-tools-for-stm32.13.3.rel1.win32_1.0.0.202411081344/tools/bin/../lib/gcc/arm-none-eabi/13.3.1/../../../../arm-none-eabi/lib/thumb/v7e-m+fp/hard\libm.a(libm_a-w_acos.o) (fabs)
C:/Program Files/STM32CubeIDE_1.18.1/STM32CubeIDE/plugins/com.st.stm32cube.ide.mcu.externaltools.gnu-tools-for-stm32.13.3.rel1.win32_1.0.0.202411081344/tools/bin/../lib/gcc/arm-none-eabi/13.3.1/../../../../arm-none-eabi/lib/thumb/v7e-m+fp/hard\libm.a(libm_a-s_sin.o)
                              ./Core/Src/motor/motor_control.o (sin)
C:/Program Files/STM32CubeIDE_1.18.1/STM32CubeIDE/plugins/com.st.stm32cube.ide.mcu.externaltools.gnu-tools-for-stm32.13.3.rel1.win32_1.0.0.202411081344/tools/bin/../lib/gcc/arm-none-eabi/13.3.1/../../../../arm-none-eabi/lib/thumb/v7e-m+fp/hard\libm.a(libm_a-wf_sqrt.o)
                              ./Core/Src/motor/motor_control.o (sqrtf)
C:/Program Files/STM32CubeIDE_1.18.1/STM32CubeIDE/plugins/com.st.stm32cube.ide.mcu.externaltools.gnu-tools-for-stm32.13.3.rel1.win32_1.0.0.202411081344/tools/bin/../lib/gcc/arm-none-eabi/13.3.1/../../../../arm-none-eabi/lib/thumb/v7e-m+fp/hard\libm.a(libm_a-sf_cos.o)
                              ./Core/Src/display/ssd1306.o (cosf)
C:/Program Files/STM32CubeIDE_1.18.1/STM32CubeIDE/plugins/com.st.stm32cube.ide.mcu.externaltools.gnu-tools-for-stm32.13.3.rel1.win32_1.0.0.202411081344/tools/bin/../lib/gcc/arm-none-eabi/13.3.1/../../../../arm-none-eabi/lib/thumb/v7e-m+fp/hard\libm.a(libm_a-sf_sin.o)
                              ./Core/Src/display/ssd1306.o (sinf)
C:/Program Files/STM32CubeIDE_1.18.1/STM32CubeIDE/plugins/com.st.stm32cube.ide.mcu.externaltools.gnu-tools-for-stm32.13.3.rel1.win32_1.0.0.202411081344/tools/bin/../lib/gcc/arm-none-eabi/13.3.1/../../../../arm-none-eabi/lib/thumb/v7e-m+fp/hard\libm.a(libm_a-s_nan.o)
                              C:/Program Files/STM32CubeIDE_1.18.1/STM32CubeIDE/plugins/com.st.stm32cube.ide.mcu.externaltools.gnu-tools-for-stm32.13.3.rel1.win32_1.0.0.202411081344/tools/bin/../lib/gcc/arm-none-eabi/13.3.1/../../../../arm-none-eabi/lib/thumb/v7e-m+fp/hard\libm.a(libm_a-w_acos.o) (nan)
C:/Program Files/STM32CubeIDE_1.18.1/STM32CubeIDE/plugins/com.st.stm32cube.ide.mcu.externaltools.gnu-tools-for-stm32.13.3.rel1.win32_1.0.0.202411081344/tools/bin/../lib/gcc/arm-none-eabi/13.3.1/../../../../arm-none-eabi/lib/thumb/v7e-m+fp/hard\libm.a(libm_a-ef_sqrt.o)
                              C:/Program Files/STM32CubeIDE_1.18.1/STM32CubeIDE/plugins/com.st.stm32cube.ide.mcu.externaltools.gnu-tools-for-stm32.13.3.rel1.win32_1.0.0.202411081344/tools/bin/../lib/gcc/arm-none-eabi/13.3.1/../../../../arm-none-eabi/lib/thumb/v7e-m+fp/hard\libm.a(libm_a-wf_sqrt.o) (__ieee754_sqrtf)
C:/Program Files/STM32CubeIDE_1.18.1/STM32CubeIDE/plugins/com.st.stm32cube.ide.mcu.externaltools.gnu-tools-for-stm32.13.3.rel1.win32_1.0.0.202411081344/tools/bin/../lib/gcc/arm-none-eabi/13.3.1/../../../../arm-none-eabi/lib/thumb/v7e-m+fp/hard\libm.a(libm_a-k_cos.o)
                              C:/Program Files/STM32CubeIDE_1.18.1/STM32CubeIDE/plugins/com.st.stm32cube.ide.mcu.externaltools.gnu-tools-for-stm32.13.3.rel1.win32_1.0.0.202411081344/tools/bin/../lib/gcc/arm-none-eabi/13.3.1/../../../../arm-none-eabi/lib/thumb/v7e-m+fp/hard\libm.a(libm_a-s_cos.o) (__kernel_cos)
C:/Program Files/STM32CubeIDE_1.18.1/STM32CubeIDE/plugins/com.st.stm32cube.ide.mcu.externaltools.gnu-tools-for-stm32.13.3.rel1.win32_1.0.0.202411081344/tools/bin/../lib/gcc/arm-none-eabi/13.3.1/../../../../arm-none-eabi/lib/thumb/v7e-m+fp/hard\libm.a(libm_a-k_sin.o)
[...]
Memory Configuration

Name             Origin             Length             Attributes
RAM              0x20000000         0x00020000         xrw
FLASH            0x08000000         0x00080000         xr
*default*        0x00000000         0xffffffff

Linker script and memory map

LOAD C:/Program Files/STM32CubeIDE_1.18.1/STM32CubeIDE/plugins/com.st.stm32cube.ide.mcu.externaltools.gnu-tools-for-stm32.13.3.rel1.win32_1.0.0.202411081344/tools/bin/../lib/gcc/arm-none-eabi/13.3.1/thumb/v7e-m+fp/hard/crti.o
LOAD C:/Program Files/STM32CubeIDE_1.18.1/STM32CubeIDE/plugins/com.st.stm32cube.ide.mcu.externaltools.gnu-tools-for-stm32.13.3.rel1.win32_1.0.0.202411081344/tools/bin/../lib/gcc/arm-none-eabi/13.3.1/thumb/v7e-m+fp/hard/crtbegin.o
LOAD C:/Program Files/STM32CubeIDE_1.18.1/STM32CubeIDE/plugins/com.st.stm32cube.ide.mcu.externaltools.gnu-tools-for-stm32.13.3.rel1.win32_1.0.0.202411081344/tools/bin/../lib/gcc/arm-none-eabi/13.3.1/../../../../arm-none-eabi/lib/thumb/v7e-m+fp/hard/crt0.o
LOAD ./Core/Src/display/helper.o
LOAD ./Core/Src/display/ssd1306.o
LOAD ./Core/Src/display/ssd1306_fonts.o
LOAD ./Core/Src/display/ssd1306_tests.o
LOAD ./Core/Src/main.o
LOAD ./Core/Src/stm32f4xx_hal_msp.o
LOAD ./Core/Src/stm32f4xx_it.o
LOAD ./Core/Src/syscalls.o
LOAD ./Core/Src/sysmem.o
LOAD ./Core/Src/system_stm32f4xx.o
LOAD ./Core/Src/tmc2209.o
LOAD ./Core/Src/tmc2209_if.o
LOAD ./Core/Src/motor/motor_control.o
LOAD ./Core/Src/motor/motor_init.o
LOAD ./Core/Startup/startup_stm32f446retx.o
LOAD ./Drivers/STM32F4xx_HAL_Driver/Src/stm32f4xx_hal.o
LOAD ./Drivers/STM32F4xx_HAL_Driver/Src/stm32f4xx_hal_cortex.o
LOAD ./Drivers/STM32F4xx_HAL_Driver/Src/stm32f4xx_hal_dma.o
LOAD ./Drivers/STM32F4xx_HAL_Driver/Src/stm32f4xx_hal_dma_ex.o
LOAD ./Drivers/STM32F4xx_HAL_Driver/Src/stm32f4xx_hal_exti.o
LOAD ./Drivers/STM32F4xx_HAL_Driver/Src/stm32f4xx_hal_flash.o
LOAD ./Drivers/STM32F4xx_HAL_Driver/Src/stm32f4xx_hal_flash_ex.o
LOAD ./Drivers/STM32F4xx_HAL_Driver/Src/stm32f4xx_hal_flash_ramfunc.o
LOAD ./Drivers/STM32F4xx_HAL_Driver/Src/stm32f4xx_hal_gpio.o
LOAD ./Drivers/STM32F4xx_HAL_Driver/Src/stm32f4xx_hal_i2c.o
LOAD ./Drivers/STM32F4xx_HAL_Driver/Src/stm32f4xx_hal_i2c_ex.o
LOAD ./Drivers/STM32F4xx_HAL_Driver/Src/stm32f4xx_hal_pwr.o
LOAD ./Drivers/STM32F4xx_HAL_Driver/Src/stm32f4xx_hal_pwr_ex.o
LOAD ./Drivers/STM32F4xx_HAL_Driver/Src/stm32f4xx_hal_rcc.o
LOAD ./Drivers/STM32F4xx_HAL_Driver/Src/stm32f4xx_hal_rcc_ex.o
LOAD ./Drivers/STM32F4xx_HAL_Driver/Src/stm32f4xx_hal_tim.o
LOAD ./Drivers/STM32F4xx_HAL_Driver/Src/stm32f4xx_hal_tim_ex.o
LOAD ./Drivers/STM32F4xx_HAL_Driver/Src/stm32f4xx_hal_uart.o
START GROUP
LOAD C:/Program Files/STM32CubeIDE_1.18.1/STM32CubeIDE/plugins/com.st.stm32cube.ide.mcu.externaltools.gnu-tools-for-stm32.13.3.rel1.win32_1.0.0.202411081344/tools/bin/../lib/gcc/arm-none-eabi/13.3.1/../../../../arm-none-eabi/lib/thumb/v7e-m+fp/hard\libstdc++_nano.a
LOAD C:/Program Files/STM32CubeIDE_1.18.1/STM32CubeIDE/plugins/com.st.stm32cube.ide.mcu.externaltools.gnu-tools-for-stm32.13.3.rel1.win32_1.0.0.202411081344/tools/bin/../lib/gcc/arm-none-eabi/13.3.1/../../../../arm-none-eabi/lib/thumb/v7e-m+fp/hard\libsupc++_nano.a
END GROUP
LOAD C:/Program Files/STM32CubeIDE_1.18.1/STM32CubeIDE/plugins/com.st.stm32cube.ide.mcu.externaltools.gnu-tools-for-stm32.13.3.rel1.win32_1.0.0.202411081344/tools/bin/../lib/gcc/arm-none-eabi/13.3.1/../../../../arm-none-eabi/lib/thumb/v7e-m+fp/hard\libstdc++_nano.a
LOAD C:/Program Files/STM32CubeIDE_1.18.1/STM32CubeIDE/plugins/com.st.stm32cube.ide.mcu.externaltools.gnu-tools-for-stm32.13.3.rel1.win32_1.0.0.202411081344/tools/bin/../lib/gcc/arm-none-eabi/13.3.1/../../../../arm-none-eabi/lib/thumb/v7e-m+fp/hard\libm.a
LOAD C:/Program Files/STM32CubeIDE_1.18.1/STM32CubeIDE/plugins/com.st.stm32cube.ide.mcu.externaltools.gnu-tools-for-stm32.13.3.rel1.win32_1.0.0.202411081344/tools/bin/../lib/gcc/arm-none-eabi/13.3.1/../../../../arm-none-eabi/lib/thumb/v7e-m+fp/hard\libc_nano.a
START GROUP
LOAD C:/Program Files/STM32CubeIDE_1.18.1/STM32CubeIDE/plugins/com.st.stm32cube.ide.mcu.externaltools.gnu-tools-for-stm32.13.3.rel1.win32_1.0.0.202411081344/tools/bin/../lib/gcc/arm-none-eabi/13.3.1/thumb/v7e-m+fp/hard\libgcc.a
LOAD C:/Program Files/STM32CubeIDE_1.18.1/STM32CubeIDE/plugins/com.st.stm32cube.ide.mcu.externaltools.gnu-tools-for-stm32.13.3.rel1.win32_1.0.0.202411081344/tools/bin/../lib/gcc/arm-none-eabi/13.3.1/../../../../arm-none-eabi/lib/thumb/v7e-m+fp/hard\libc_nano.a
END GROUP
START GROUP
LOAD C:/Program Files/STM32CubeIDE_1.18.1/STM32CubeIDE/plugins/com.st.stm32cube.ide.mcu.externaltools.gnu-tools-for-stm32.13.3.rel1.win32_1.0.0.202411081344/tools/bin/../lib/gcc/arm-none-eabi/13.3.1/thumb/v7e-m+fp/hard\libgcc.a
LOAD C:/Program Files/STM32CubeIDE_1.18.1/STM32CubeIDE/plugins/com.st.stm32cube.ide.mcu.externaltools.gnu-tools-for-stm32.13.3.rel1.win32_1.0.0.202411081344/tools/bin/../lib/gcc/arm-none-eabi/13.3.1/../../../../arm-none-eabi/lib/thumb/v7e-m+fp/hard\libc_nano.a
LOAD C:/Program Files/STM32CubeIDE_1.18.1/STM32CubeIDE/plugins/com.st.stm32cube.ide.mcu.externaltools.gnu-tools-for-stm32.13.3.rel1.win32_1.0.0.202411081344/tools/bin/../lib/gcc/arm-none-eabi/13.3.1/../../../../arm-none-eabi/lib/thumb/v7e-m+fp/hard\libnosys.a
END GROUP
START GROUP
LOAD C:/Program Files/STM32CubeIDE_1.18.1/STM32CubeIDE/plugins/com.st.stm32cube.ide.mcu.externaltools.gnu-tools-for-stm32.13.3.rel1.win32_1.0.0.202411081344/tools/bin/../lib/gcc/arm-none-eabi/13.3.1/thumb/v7e-m+fp/hard\libgcc.a
LOAD C:/Program Files/STM32CubeIDE_1.18.1/STM32CubeIDE/plugins/com.st.stm32cube.ide.mcu.externaltools.gnu-tools-for-stm32.13.3.rel1.win32_1.0.0.202411081344/tools/bin/../lib/gcc/arm-none-eabi/13.3.1/../../../../arm-none-eabi/lib/thumb/v7e-m+fp/hard\libc_nano.a
LOAD C:/Program Files/STM32CubeIDE_1.18.1/STM32CubeIDE/plugins/com.st.stm32cube.ide.mcu.externaltools.gnu-tools-for-stm32.13.3.rel1.win32_1.0.0.202411081344/tools/bin/../lib/gcc/arm-none-eabi/13.3.1/../../../../arm-none-eabi/lib/thumb/v7e-m+fp/hard\libnosys.a
END GROUP
LOAD C:/Program Files/STM32CubeIDE_1.18.1/STM32CubeIDE/plugins/com.st.stm32cube.ide.mcu.externaltools.gnu-tools-for-stm32.13.3.rel1.win32_1.0.0.202411081344/tools/bin/../lib/gcc/arm-none-eabi/13.3.1/thumb/v7e-m+fp/hard/crtend.o
LOAD C:/Program Files/STM32CubeIDE_1.18.1/STM32CubeIDE/plugins/com.st.stm32cube.ide.mcu.externaltools.gnu-tools-for-stm32.13.3.rel1.win32_1.0.0.202411081344/tools/bin/../lib/gcc/arm-none-eabi/13.3.1/thumb/v7e-m+fp/hard/crtn.o
                0x20020000                        _estack = (ORIGIN (RAM) + LENGTH (RAM))
                0x00000200                        _Min_Heap_Size = 0x200
                0x00000400                        _Min_Stack_Size = 0x400

.isr_vector     0x08000000      0x1c4
                0x08000000                        . = ALIGN (0x4)
 *(.isr_vector)
 .isr_vector    0x08000000      0x1c4 ./Core/Startup/startup_stm32f446retx.o
                0x08000000                g_pfnVectors
                0x080001c4                        . = ALIGN (0x4)

.text           0x080001c4     0x7e24
                0x080001c4                        . = ALIGN (0x4)
 *(.text)
 .text          0x080001c4       0x40 C:/Program Files/STM32CubeIDE_1.18.1/STM32CubeIDE/plugins/com.st.stm32cube.ide.mcu.externaltools.gnu-tools-for-stm32.13.3.rel1.win32_1.0.0.202411081344/tools/bin/../lib/gcc/arm-none-eabi/13.3.1/thumb/v7e-m+fp/hard/crtbegin.o
 .text          0x08000204       0x10 C:/Program Files/STM32CubeIDE_1.18.1/STM32CubeIDE/plugins/com.st.stm32cube.ide.mcu.externaltools.gnu-tools-for-stm32.13.3.rel1.win32_1.0.0.202411081344/tools/bin/../lib/gcc/arm-none-eabi/13.3.1/../../../../arm-none-eabi/lib/thumb/v7e-m+fp/hard\libc_nano.a(libc_a-strlen.o)
                0x08000204                strlen
 .text          0x08000214      0x378 C:/Program Files/STM32CubeIDE_1.18.1/STM32CubeIDE/plugins/com.st.stm32cube.ide.mcu.externaltools.gnu-tools-for-stm32.13.3.rel1.win32_1.0.0.202411081344/tools/bin/../lib/gcc/arm-none-eabi/13.3.1/thumb/v7e-m+fp/hard\libgcc.a(_arm_addsubdf3.o)
                0x08000214                __aeabi_drsub
                0x0800021c                __aeabi_dsub
                0x0800021c                __subdf3
                0x08000220                __aeabi_dadd
                0x08000220                __adddf3
                0x08000498                __floatunsidf
                0x08000498                __aeabi_ui2d
                0x080004b8                __floatsidf
                0x080004b8                __aeabi_i2d
                0x080004dc                __aeabi_f2d
                0x080004dc                __extendsfdf2
                0x08000520                __floatundidf
                0x08000520                __aeabi_ul2d
                0x08000530                __floatdidf
                0x08000530                __aeabi_l2d
 .text          0x0800058c      0x424 C:/Program Files/STM32CubeIDE_1.18.1/STM32CubeIDE/plugins/com.st.stm32cube.ide.mcu.externaltools.gnu-tools-for-stm32.13.3.rel1.win32_1.0.0.202411081344/tools/bin/../lib/gcc/arm-none-eabi/13.3.1/thumb/v7e-m+fp/hard\libgcc.a(_arm_muldivdf3.o)
                0x0800058c                __aeabi_dmul
                0x0800058c                __muldf3
                0x080007e0                __divdf3
                0x080007e0                __aeabi_ddiv
 .text          0x080009b0       0x50 C:/Program Files/STM32CubeIDE_1.18.1/STM32CubeIDE/plugins/com.st.stm32cube.ide.mcu.externaltools.gnu-tools-for-stm32.13.3.rel1.win32_1.0.0.202411081344/tools/bin/../lib/gcc/arm-none-eabi/13.3.1/thumb/v7e-m+fp/hard\libgcc.a(_arm_fixdfsi.o)
                0x080009b0                __aeabi_d2iz
                0x080009b0                __fixdfsi
 .text          0x08000a00       0x30 C:/Program Files/STM32CubeIDE_1.18.1/STM32CubeIDE/plugins/com.st.stm32cube.ide.mcu.externaltools.gnu-tools-for-stm32.13.3.rel1.win32_1.0.0.202411081344/tools/bin/../lib/gcc/arm-none-eabi/13.3.1/thumb/v7e-m+fp/hard\libgcc.a(_aeabi_uldivmod.o)
                0x08000a00                __aeabi_uldivmod
 .text          0x08000a30      0x2f8 C:/Program Files/STM32CubeIDE_1.18.1/STM32CubeIDE/plugins/com.st.stm32cube.ide.mcu.externaltools.gnu-tools-for-stm32.13.3.rel1.win32_1.0.0.202411081344/tools/bin/../lib/gcc/arm-none-eabi/13.3.1/thumb/v7e-m+fp/hard\libgcc.a(_udivmoddi4.o)
                0x08000a30                __udivmoddi4
 .text          0x08000d28        0x4 C:/Program Files/STM32CubeIDE_1.18.1/STM32CubeIDE/plugins/com.st.stm32cube.ide.mcu.externaltools.gnu-tools-for-stm32.13.3.rel1.win32_1.0.0.202411081344/tools/bin/../lib/gcc/arm-none-eabi/13.3.1/thumb/v7e-m+fp/hard\libgcc.a(_dvmd_tls.o)
                0x08000d28                __aeabi_idiv0
                0x08000d28                __aeabi_ldiv0
 *(.text*)
 .text.writeDisplay
                0x08000d2c      0x108 ./Core/Src/display/helper.o
                0x08000d2c                writeDisplay
 .text.ssd1306_Reset
                0x08000e34        0xe ./Core/Src/display/ssd1306.o
                0x08000e34                ssd1306_Reset
 *fill*         0x08000e42        0x2 
 .text.ssd1306_WriteCommand
                0x08000e44       0x30 ./Core/Src/display/ssd1306.o
                0x08000e44                ssd1306_WriteCommand
 .text.ssd1306_WriteData
                0x08000e74       0x34 ./Core/Src/display/ssd1306.o
                0x08000e74                ssd1306_WriteData
 .text.ssd1306_Init
                0x08000ea8       0xd4 ./Core/Src/display/ssd1306.o
                0x08000ea8                ssd1306_Init
 .text.ssd1306_Fill
                0x08000f7c       0x30 ./Core/Src/display/ssd1306.o
                0x08000f7c                ssd1306_Fill
 .text.ssd1306_UpdateScreen
                0x08000fac       0x50 ./Core/Src/display/ssd1306.o
                0x08000fac                ssd1306_UpdateScreen
 .text.ssd1306_DrawPixel
                0x08000ffc       0xa8 ./Core/Src/display/ssd1306.o
                0x08000ffc                ssd1306_DrawPixel
 .text.ssd1306_WriteChar
                0x080010a4      0x124 ./Core/Src/display/ssd1306.o
                0x080010a4                ssd1306_WriteChar
 .text.ssd1306_WriteString
                0x080011c8       0x4c ./Core/Src/display/ssd1306.o
                0x080011c8                ssd1306_WriteString
 .text.ssd1306_SetCursor
                0x08001214       0x30 ./Core/Src/display/ssd1306.o
                0x08001214                ssd1306_SetCursor
 .text.ssd1306_SetContrast
                0x08001244       0x26 ./Core/Src/display/ssd1306.o
                0x08001244                ssd1306_SetContrast
 *fill*         0x0800126a        0x2 
 .text.ssd1306_SetDisplayOn
                0x0800126c       0x3c ./Core/Src/display/ssd1306.o
                0x0800126c                ssd1306_SetDisplayOn
 .text.main     0x080012a8       0xdc ./Core/Src/main.o
                0x080012a8                main
 .text.SystemClock_Config
                0x08001384       0xdc ./Core/Src/main.o
                0x08001384                SystemClock_Config
 .text.MX_I2C1_Init
                0x08001460       0x5c ./Core/Src/main.o
 .text.MX_TIM1_Init
                0x080014bc       0xa0 ./Core/Src/main.o
 .text.MX_TIM3_Init
                0x0800155c       0xe8 ./Core/Src/main.o
 .text.MX_TIM4_Init
                0x08001644       0xe8 ./Core/Src/main.o
 .text.MX_TIM6_Init
                0x0800172c       0x6c ./Core/Src/main.o
 .text.MX_TIM7_Init
                0x08001798       0x6c ./Core/Src/main.o
 .text.MX_TIM8_Init
                0x08001804      0x13c ./Core/Src/main.o
 .text.MX_TIM9_Init
                0x08001940       0x74 ./Core/Src/main.o
 .text.MX_TIM10_Init
                0x080019b4       0x48 ./Core/Src/main.o
 .text.MX_TIM12_Init
                0x080019fc       0xc0 ./Core/Src/main.o
 .text.MX_TIM13_Init
                0x08001abc       0x94 ./Core/Src/main.o
 .text.MX_UART4_Init
                0x08001b50       0x54 ./Core/Src/main.o
 .text.MX_UART5_Init
                0x08001ba4       0x54 ./Core/Src/main.o
 .text.MX_USART1_UART_Init
                0x08001bf8       0x54 ./Core/Src/main.o
 .text.MX_USART2_UART_Init
                0x08001c4c       0x54 ./Core/Src/main.o
 .text.MX_USART3_UART_Init
                0x08001ca0       0x54 ./Core/Src/main.o
 .text.MX_USART6_UART_Init
                0x08001cf4       0x54 ./Core/Src/main.o
 .text.MX_GPIO_Init
                0x08001d48      0x1b4 ./Core/Src/main.o
 .text.Error_Handler
                0x08001efc        0xc ./Core/Src/main.o
                0x08001efc                Error_Handler
 .text.HAL_MspInit
                0x08001f08       0x50 ./Core/Src/stm32f4xx_hal_msp.o
                0x08001f08                HAL_MspInit
 .text.HAL_I2C_MspInit
                0x08001f58       0x90 ./Core/Src/stm32f4xx_hal_msp.o
                0x08001f58                HAL_I2C_MspInit
 .text.HAL_TIM_Base_MspInit
                0x08001fe8      0x29c ./Core/Src/stm32f4xx_hal_msp.o
                0x08001fe8                HAL_TIM_Base_MspInit
 .text.HAL_UART_MspInit
                0x08002284      0x32c ./Core/Src/stm32f4xx_hal_msp.o
                0x08002284                HAL_UART_MspInit
 .text.NMI_Handler
                0x080025b0        0x8 ./Core/Src/stm32f4xx_it.o
                0x080025b0                NMI_Handler
 .text.HardFault_Handler
                0x080025b8        0x8 ./Core/Src/stm32f4xx_it.o
                0x080025b8                HardFault_Handler
 .text.MemManage_Handler
                0x080025c0        0x8 ./Core/Src/stm32f4xx_it.o
                0x080025c0                MemManage_Handler
 .text.BusFault_Handler
                0x080025c8        0x8 ./Core/Src/stm32f4xx_it.o
                0x080025c8                BusFault_Handler
 .text.UsageFault_Handler
                0x080025d0        0x8 ./Core/Src/stm32f4xx_it.o
                0x080025d0                UsageFault_Handler
 .text.SVC_Handler
                0x080025d8        0xe ./Core/Src/stm32f4xx_it.o
                0x080025d8                SVC_Handler
 .text.DebugMon_Handler
                0x080025e6        0xe ./Core/Src/stm32f4xx_it.o
                0x080025e6                DebugMon_Handler
 .text.PendSV_Handler
                0x080025f4        0xe ./Core/Src/stm32f4xx_it.o
                0x080025f4                PendSV_Handler
 .text.SysTick_Handler
                0x08002602        0xc ./Core/Src/stm32f4xx_it.o
                0x08002602                SysTick_Handler
 *fill*         0x0800260e        0x2 
 .text.TIM1_BRK_TIM9_IRQHandler
                0x08002610       0x1c ./Core/Src/stm32f4xx_it.o
                0x08002610                TIM1_BRK_TIM9_IRQHandler
 .text.TIM1_UP_TIM10_IRQHandler
                0x0800262c       0x1c ./Core/Src/stm32f4xx_it.o
                0x0800262c                TIM1_UP_TIM10_IRQHandler
 .text.TIM3_IRQHandler
                0x08002648       0x14 ./Core/Src/stm32f4xx_it.o
                0x08002648                TIM3_IRQHandler
 .text.TIM4_IRQHandler
                0x0800265c       0x14 ./Core/Src/stm32f4xx_it.o
                0x0800265c                TIM4_IRQHandler
 .text.EXTI15_10_IRQHandler
                0x08002670       0x10 ./Core/Src/stm32f4xx_it.o
                0x08002670                EXTI15_10_IRQHandler
 .text.TIM8_BRK_TIM12_IRQHandler
                0x08002680       0x1c ./Core/Src/stm32f4xx_it.o
                0x08002680                TIM8_BRK_TIM12_IRQHandler
 .text.TIM8_UP_TIM13_IRQHandler
                0x0800269c       0x1c ./Core/Src/stm32f4xx_it.o
                0x0800269c                TIM8_UP_TIM13_IRQHandler
 .text.TIM8_CC_IRQHandler
                0x080026b8       0x14 ./Core/Src/stm32f4xx_it.o
                0x080026b8                TIM8_CC_IRQHandler
 .text.TIM6_DAC_IRQHandler
                0x080026cc       0x14 ./Core/Src/stm32f4xx_it.o
                0x080026cc                TIM6_DAC_IRQHandler
 .text.TIM7_IRQHandler
                0x080026e0       0x14 ./Core/Src/stm32f4xx_it.o
                0x080026e0                TIM7_IRQHandler
 .text._sbrk    0x080026f4       0x6c ./Core/Src/sysmem.o
                0x080026f4                _sbrk
 .text.SystemInit
                0x08002760       0x24 ./Core/Src/system_stm32f4xx.o
                0x08002760                SystemInit
 .text.tmc2209_setup
                0x08002784       0x36 ./Core/Src/tmc2209.o
                0x08002784                tmc2209_setup
 .text.map      0x080027ba       0x38 ./Core/Src/tmc2209.o
                0x080027ba                map
 .text.constrain
                0x080027f2       0x32 ./Core/Src/tmc2209.o
                0x080027f2                constrain
 .text.set_micro_steps_per_step
                0x08002824       0x50 ./Core/Src/tmc2209.o
                0x08002824                set_micro_steps_per_step
 .text.set_micro_steps_per_step_power_of_two
                0x08002874       0xe8 ./Core/Src/tmc2209.o
                0x08002874                set_micro_steps_per_step_power_of_two
 .text.set_all_current_percent_values
                0x0800295c       0x94 ./Core/Src/tmc2209.o
                0x0800295c                set_all_current_percent_values
 .text.enable_inverse_motor_direction
                0x080029f0       0x24 ./Core/Src/tmc2209.o
                0x080029f0                enable_inverse_motor_direction
 .text.disable_inverse_motor_direction
                0x08002a14       0x24 ./Core/Src/tmc2209.o
                0x08002a14                disable_inverse_motor_direction
 .text.enable_automatic_current_scaling
                0x08002a38       0x24 ./Core/Src/tmc2209.o
                0x08002a38                enable_automatic_current_scaling
 .text.enable_automatic_gradient_adaptation
                0x08002a5c       0x24 ./Core/Src/tmc2209.o
                0x08002a5c                enable_automatic_gradient_adaptation
 .text.enable_cool_step
                0x08002a80       0x7a ./Core/Src/tmc2209.o
                0x08002a80                enable_cool_step
 .text.get_stall_guard_result
                0x08002afa       0x1c ./Core/Src/tmc2209.o
                0x08002afa                get_stall_guard_result
 .text.tmc2209_initialize
                0x08002b16       0x44 ./Core/Src/tmc2209.o
                0x08002b16                tmc2209_initialize
 .text.set_operation_mode_to_serial
                0x08002b5a       0x5e ./Core/Src/tmc2209.o
                0x08002b5a                set_operation_mode_to_serial
 .text.set_registers_to_default
                0x08002bb8      0x10c ./Core/Src/tmc2209.o
                0x08002bb8                set_registers_to_default
 .text.minimize_motor_current
                0x08002cc4       0x32 ./Core/Src/tmc2209.o
                0x08002cc4                minimize_motor_current
 .text.reverse_data
                0x08002cf6       0x54 ./Core/Src/tmc2209.o
                0x08002cf6                reverse_data
 .text.calculate_crc_write
                0x08002d4a       0xc8 ./Core/Src/tmc2209.o
                0x08002d4a                calculate_crc_write
 .text.calculate_crc_read
                0x08002e12       0xb2 ./Core/Src/tmc2209.o
                0x08002e12                calculate_crc_read
 .text.percent_to_current_settings
                0x08002ec4       0x3a ./Core/Src/tmc2209.o
                0x08002ec4                percent_to_current_settings
 .text.percent_to_hold_delay_setting
                0x08002efe       0x3a ./Core/Src/tmc2209.o
                0x08002efe                percent_to_hold_delay_setting
 .text.write_stored_global_config
                0x08002f38       0x1e ./Core/Src/tmc2209.o
                0x08002f38                write_stored_global_config
 .text.write_stored_driver_current
                0x08002f56       0x64 ./Core/Src/tmc2209.o
                0x08002f56                write_stored_driver_current
 .text.write_stored_chopper_config
                0x08002fba       0x1e ./Core/Src/tmc2209.o
                0x08002fba                write_stored_chopper_config
 .text.write_stored_pwm_config
                0x08002fd8       0x1e ./Core/Src/tmc2209.o
                0x08002fd8                write_stored_pwm_config
 .text.tmc2209_set_uart
                0x08002ff6       0x30 ./Core/Src/tmc2209_if.o
                0x08002ff6                tmc2209_set_uart
 .text.tmc2209_set_hardware_enable_pin
                0x08003026       0x2e ./Core/Src/tmc2209_if.o
                0x08003026                tmc2209_set_hardware_enable_pin
 .text.tmc2209_enable
                0x08003054       0x3e ./Core/Src/tmc2209_if.o
                0x08003054                tmc2209_enable
 .text.tmc2209_disable
                0x08003092       0x34 ./Core/Src/tmc2209_if.o
                0x08003092                tmc2209_disable
 .text.tmc2209_write
                0x080030c6       0xbc ./Core/Src/tmc2209_if.o
                0x080030c6                tmc2209_write
 .text.tmc2209_read
                0x08003182      0x150 ./Core/Src/tmc2209_if.o
                0x08003182                tmc2209_read
 *fill*         0x080032d2        0x2 
 .text.toSteps  0x080032d4       0x98 ./Core/Src/motor/motor_control.o
                0x080032d4                toSteps
 .text.stopMotorMovement
                0x0800336c       0x28 ./Core/Src/motor/motor_control.o
 .text.trapezMove
                0x08003394       0xd8 ./Core/Src/motor/motor_control.o
 .text.HAL_TIM_OC_DelayElapsedCallback
                0x0800346c      0x188 ./Core/Src/motor/motor_control.o
                0x0800346c                HAL_TIM_OC_DelayElapsedCallback
 .text.HAL_TIM_PeriodElapsedCallback
                0x080035f4       0x6c ./Core/Src/motor/motor_control.o
                0x080035f4                HAL_TIM_PeriodElapsedCallback
 .text.HAL_GPIO_EXTI_Callback
                0x08003660       0x2c ./Core/Src/motor/motor_control.o
                0x08003660                HAL_GPIO_EXTI_Callback
 .text.moveDegrees
                0x0800368c      0x18a ./Core/Src/motor/motor_control.o
                0x0800368c                moveDegrees
 *fill*         0x08003816        0x2 
 .text.grip     0x08003818       0xb8 ./Core/Src/motor/motor_control.o
                0x08003818                grip
 .text.goHome   0x080038d0      0x17c ./Core/Src/motor/motor_control.o
                0x080038d0                goHome
 .text.initMovementVars
                0x08003a4c       0x34 ./Core/Src/motor/motor_control.o
                0x08003a4c                initMovementVars
 .text.startMovement
                0x08003a80       0x3e ./Core/Src/motor/motor_control.o
                0x08003a80                startMovement
 .text.startStatusChecks
                0x08003abe       0x2c ./Core/Src/motor/motor_control.o
                0x08003abe                startStatusChecks
 *fill*         0x08003aea        0x2 
 .text.checkStall
                0x08003aec      0x12c ./Core/Src/motor/motor_control.o
                0x08003aec                checkStall
 .text.checkDriverStatus
                0x08003c18       0x3c ./Core/Src/motor/motor_control.o
                0x08003c18                checkDriverStatus
 .text.toggle_inverse_motor_direction
                0x08003c54       0x3c ./Core/Src/motor/motor_control.o
                0x08003c54                toggle_inverse_motor_direction
 .text.init_motor_1
                0x08003c90      0x164 ./Core/Src/motor/motor_init.o
                0x08003c90                init_motor_1
 .text.init_motor_2
                0x08003df4      0x19c ./Core/Src/motor/motor_init.o
                0x08003df4                init_motor_2
 .text.init_motor_3
                0x08003f90      0x178 ./Core/Src/motor/motor_init.o
                0x08003f90                init_motor_3
 .text.init_motor_4
                0x08004108      0x168 ./Core/Src/motor/motor_init.o
                0x08004108                init_motor_4
 .text.init_motor_5
                0x08004270      0x164 ./Core/Src/motor/motor_init.o
                0x08004270                init_motor_5
 .text.initializeDefaults
                0x080043d4       0x72 ./Core/Src/motor/motor_init.o
                0x080043d4                initializeDefaults
 *fill*         0x08004446        0x2 
 .text.Reset_Handler
                0x08004448       0x50 ./Core/Startup/startup_stm32f446retx.o
                0x08004448                Reset_Handler
 .text.Default_Handler
                0x08004498        0x2 ./Core/Startup/startup_stm32f446retx.o
                0x08004498                RTC_Alarm_IRQHandler
                0x08004498                EXTI2_IRQHandler
                0x08004498                FMPI2C1_EV_IRQHandler
                0x08004498                SPI4_IRQHandler
                0x08004498                TIM1_CC_IRQHandler
                0x08004498                DMA2_Stream5_IRQHandler
                0x08004498                DMA1_Stream5_IRQHandler
                0x08004498                PVD_IRQHandler
                0x08004498                SDIO_IRQHandler
                0x08004498                TAMP_STAMP_IRQHandler
                0x08004498                CAN2_RX1_IRQHandler
                0x08004498                EXTI3_IRQHandler
                0x08004498                TIM8_TRG_COM_TIM14_IRQHandler
                0x08004498                I2C3_ER_IRQHandler
                0x08004498                EXTI0_IRQHandler
                0x08004498                I2C2_EV_IRQHandler
                0x08004498                DMA1_Stream2_IRQHandler
                0x08004498                CAN1_RX0_IRQHandler
                0x08004498                FPU_IRQHandler
                0x08004498                OTG_HS_WKUP_IRQHandler
                0x08004498                CAN2_SCE_IRQHandler
                0x08004498                DMA2_Stream2_IRQHandler
                0x08004498                SPI1_IRQHandler
                0x08004498                DCMI_IRQHandler
                0x08004498                CAN2_RX0_IRQHandler
                0x08004498                DMA2_Stream3_IRQHandler
                0x08004498                SAI2_IRQHandler
                0x08004498                USART6_IRQHandler
                0x08004498                USART3_IRQHandler
                0x08004498                CAN1_RX1_IRQHandler
                0x08004498                UART5_IRQHandler
                0x08004498                DMA2_Stream0_IRQHandler
                0x08004498                QUADSPI_IRQHandler
                0x08004498                I2C1_EV_IRQHandler
                0x08004498                DMA1_Stream6_IRQHandler
                0x08004498                DMA1_Stream1_IRQHandler
                0x08004498                UART4_IRQHandler
                0x08004498                RCC_IRQHandler
                0x08004498                Default_Handler
                0x08004498                CEC_IRQHandler
                0x08004498                ADC_IRQHandler
                0x08004498                DMA1_Stream7_IRQHandler
                0x08004498                CAN2_TX_IRQHandler
                0x08004498                TIM5_IRQHandler
                0x08004498                DMA2_Stream7_IRQHandler
                0x08004498                I2C3_EV_IRQHandler
                0x08004498                EXTI9_5_IRQHandler
                0x08004498                RTC_WKUP_IRQHandler
                0x08004498                SPDIF_RX_IRQHandler
                0x08004498                SPI2_IRQHandler
                0x08004498                OTG_HS_EP1_IN_IRQHandler
                0x08004498                DMA1_Stream0_IRQHandler
                0x08004498                CAN1_TX_IRQHandler
                0x08004498                FMPI2C1_ER_IRQHandler
                0x08004498                EXTI4_IRQHandler
                0x08004498                OTG_HS_EP1_OUT_IRQHandler
                0x08004498                WWDG_IRQHandler
                0x08004498                TIM2_IRQHandler
                0x08004498                OTG_FS_WKUP_IRQHandler
                0x08004498                TIM1_TRG_COM_TIM11_IRQHandler
                0x08004498                OTG_HS_IRQHandler
                0x08004498                EXTI1_IRQHandler
                0x08004498                USART2_IRQHandler
                0x08004498                I2C2_ER_IRQHandler
                0x08004498                DMA2_Stream1_IRQHandler
                0x08004498                CAN1_SCE_IRQHandler
                0x08004498                FLASH_IRQHandler
                0x08004498                DMA2_Stream4_IRQHandler
                0x08004498                USART1_IRQHandler
                0x08004498                OTG_FS_IRQHandler
                0x08004498                SPI3_IRQHandler
                0x08004498                DMA1_Stream4_IRQHandler
                0x08004498                I2C1_ER_IRQHandler
                0x08004498                FMC_IRQHandler
                0x08004498                DMA2_Stream6_IRQHandler
                0x08004498                SAI1_IRQHandler
                0x08004498                DMA1_Stream3_IRQHandler
 *fill*         0x0800449a        0x2 
 .text.HAL_Init
                0x0800449c       0x44 ./Drivers/STM32F4xx_HAL_Driver/Src/stm32f4xx_hal.o
                0x0800449c                HAL_Init
 .text.HAL_InitTick
                0x080044e0       0x60 ./Drivers/STM32F4xx_HAL_Driver/Src/stm32f4xx_hal.o
                0x080044e0                HAL_InitTick
 .text.HAL_IncTick
                0x08004540       0x28 ./Drivers/STM32F4xx_HAL_Driver/Src/stm32f4xx_hal.o
                0x08004540                HAL_IncTick
 .text.HAL_GetTick
                0x08004568       0x18 ./Drivers/STM32F4xx_HAL_Driver/Src/stm32f4xx_hal.o
                0x08004568                HAL_GetTick
 .text.HAL_Delay
                0x08004580       0x48 ./Drivers/STM32F4xx_HAL_Driver/Src/stm32f4xx_hal.o
                0x08004580                HAL_Delay
 .text.__NVIC_SetPriorityGrouping
                0x080045c8       0x48 ./Drivers/STM32F4xx_HAL_Driver/Src/stm32f4xx_hal_cortex.o
 .text.__NVIC_GetPriorityGrouping
                0x08004610       0x1c ./Drivers/STM32F4xx_HAL_Driver/Src/stm32f4xx_hal_cortex.o
 .text.__NVIC_EnableIRQ
                0x0800462c       0x3c ./Drivers/STM32F4xx_HAL_Driver/Src/stm32f4xx_hal_cortex.o
 .text.__NVIC_SetPriority
                0x08004668       0x54 ./Drivers/STM32F4xx_HAL_Driver/Src/stm32f4xx_hal_cortex.o
 .text.NVIC_EncodePriority
                0x080046bc       0x66 ./Drivers/STM32F4xx_HAL_Driver/Src/stm32f4xx_hal_cortex.o
 *fill*         0x08004722        0x2 
 .text.SysTick_Config
                0x08004724       0x44 ./Drivers/STM32F4xx_HAL_Driver/Src/stm32f4xx_hal_cortex.o
 .text.HAL_NVIC_SetPriorityGrouping
                0x08004768       0x16 ./Drivers/STM32F4xx_HAL_Driver/Src/stm32f4xx_hal_cortex.o
                0x08004768                HAL_NVIC_SetPriorityGrouping
 .text.HAL_NVIC_SetPriority
                0x0800477e       0x38 ./Drivers/STM32F4xx_HAL_Driver/Src/stm32f4xx_hal_cortex.o
                0x0800477e                HAL_NVIC_SetPriority
 .text.HAL_NVIC_EnableIRQ
                0x080047b6       0x1c ./Drivers/STM32F4xx_HAL_Driver/Src/stm32f4xx_hal_cortex.o
                0x080047b6                HAL_NVIC_EnableIRQ
 .text.HAL_SYSTICK_Config
                0x080047d2       0x18 ./Drivers/STM32F4xx_HAL_Driver/Src/stm32f4xx_hal_cortex.o
                0x080047d2                HAL_SYSTICK_Config
 *fill*         0x080047ea        0x2 
 .text.HAL_GPIO_Init
                0x080047ec      0x328 ./Drivers/STM32F4xx_HAL_Driver/Src/stm32f4xx_hal_gpio.o
                0x080047ec                HAL_GPIO_Init
 .text.HAL_GPIO_ReadPin
                0x08004b14       0x30 ./Drivers/STM32F4xx_HAL_Driver/Src/stm32f4xx_hal_gpio.o
                0x08004b14                HAL_GPIO_ReadPin
 .text.HAL_GPIO_WritePin
                0x08004b44       0x32 ./Drivers/STM32F4xx_HAL_Driver/Src/stm32f4xx_hal_gpio.o
                0x08004b44                HAL_GPIO_WritePin
 .text.HAL_GPIO_TogglePin
                0x08004b76       0x34 ./Drivers/STM32F4xx_HAL_Driver/Src/stm32f4xx_hal_gpio.o
                0x08004b76                HAL_GPIO_TogglePin
 *fill*         0x08004baa        0x2 
 .text.HAL_GPIO_EXTI_IRQHandler
                0x08004bac       0x30 ./Drivers/STM32F4xx_HAL_Driver/Src/stm32f4xx_hal_gpio.o
                0x08004bac                HAL_GPIO_EXTI_IRQHandler
 .text.HAL_I2C_Init
                0x08004bdc      0x288 ./Drivers/STM32F4xx_HAL_Driver/Src/stm32f4xx_hal_i2c.o
                0x08004bdc                HAL_I2C_Init
 .text.HAL_I2C_Mem_Write
                0x08004e64      0x1f4 ./Drivers/STM32F4xx_HAL_Driver/Src/stm32f4xx_hal_i2c.o
                0x08004e64                HAL_I2C_Mem_Write
 .text.I2C_RequestMemoryWrite
                0x08005058      0x12c ./Drivers/STM32F4xx_HAL_Driver/Src/stm32f4xx_hal_i2c.o
 .text.I2C_WaitOnFlagUntilTimeout
                0x08005184       0xf4 ./Drivers/STM32F4xx_HAL_Driver/Src/stm32f4xx_hal_i2c.o
 .text.I2C_WaitOnMasterAddressFlagUntilTimeout
                0x08005278      0x140 ./Drivers/STM32F4xx_HAL_Driver/Src/stm32f4xx_hal_i2c.o
 .text.I2C_WaitOnTXEFlagUntilTimeout
                0x080053b8       0x90 ./Drivers/STM32F4xx_HAL_Driver/Src/stm32f4xx_hal_i2c.o
 .text.I2C_WaitOnBTFFlagUntilTimeout
                0x08005448       0x90 ./Drivers/STM32F4xx_HAL_Driver/Src/stm32f4xx_hal_i2c.o
 .text.I2C_IsAcknowledgeFailed
                0x080054d8       0x5e ./Drivers/STM32F4xx_HAL_Driver/Src/stm32f4xx_hal_i2c.o
 *fill*         0x08005536        0x2 
 .text.HAL_RCC_ClockConfig
                0x08005538      0x1cc ./Drivers/STM32F4xx_HAL_Driver/Src/stm32f4xx_hal_rcc.o
                0x08005538                HAL_RCC_ClockConfig
 .text.HAL_RCC_GetHCLKFreq
                0x08005704       0x18 ./Drivers/STM32F4xx_HAL_Driver/Src/stm32f4xx_hal_rcc.o
                0x08005704                HAL_RCC_GetHCLKFreq
 .text.HAL_RCC_GetPCLK1Freq
                0x0800571c       0x28 ./Drivers/STM32F4xx_HAL_Driver/Src/stm32f4xx_hal_rcc.o
                0x0800571c                HAL_RCC_GetPCLK1Freq
 .text.HAL_RCC_GetPCLK2Freq
                0x08005744       0x28 ./Drivers/STM32F4xx_HAL_Driver/Src/stm32f4xx_hal_rcc.o
                0x08005744                HAL_RCC_GetPCLK2Freq
 .text.HAL_RCC_GetSysClockFreq
                0x0800576c      0x460 ./Drivers/STM32F4xx_HAL_Driver/Src/stm32f4xx_hal_rcc_ex.o
                0x0800576c                HAL_RCC_GetSysClockFreq
 .text.HAL_RCC_OscConfig
                0x08005bcc      0x53c ./Drivers/STM32F4xx_HAL_Driver/Src/stm32f4xx_hal_rcc_ex.o
                0x08005bcc                HAL_RCC_OscConfig
 .text.HAL_TIM_Base_Init
                0x08006108       0x9e ./Drivers/STM32F4xx_HAL_Driver/Src/stm32f4xx_hal_tim.o
                0x08006108                HAL_TIM_Base_Init
 *fill*         0x080061a6        0x2 
 .text.HAL_TIM_Base_Start_IT
                0x080061a8       0xe0 ./Drivers/STM32F4xx_HAL_Driver/Src/stm32f4xx_hal_tim.o
                0x080061a8                HAL_TIM_Base_Start_IT
 .text.HAL_TIM_Base_Stop_IT
                0x08006288       0x5e ./Drivers/STM32F4xx_HAL_Driver/Src/stm32f4xx_hal_tim.o
                0x08006288                HAL_TIM_Base_Stop_IT
 .text.HAL_TIM_OC_Init
                0x080062e6       0x9e ./Drivers/STM32F4xx_HAL_Driver/Src/stm32f4xx_hal_tim.o
                0x080062e6                HAL_TIM_OC_Init
 .text.HAL_TIM_OC_MspInit
                0x08006384       0x14 ./Drivers/STM32F4xx_HAL_Driver/Src/stm32f4xx_hal_tim.o
                0x08006384                HAL_TIM_OC_MspInit
 .text.HAL_TIM_OC_Start_IT
                0x08006398      0x22c ./Drivers/STM32F4xx_HAL_Driver/Src/stm32f4xx_hal_tim.o
                0x08006398                HAL_TIM_OC_Start_IT
 .text.HAL_TIM_OC_Stop_IT
                0x080065c4      0x17c ./Drivers/STM32F4xx_HAL_Driver/Src/stm32f4xx_hal_tim.o
                0x080065c4                HAL_TIM_OC_Stop_IT
 .text.HAL_TIM_IRQHandler
                0x08006740      0x1e0 ./Drivers/STM32F4xx_HAL_Driver/Src/stm32f4xx_hal_tim.o
                0x08006740                HAL_TIM_IRQHandler
 .text.HAL_TIM_OC_ConfigChannel
                0x08006920       0xb8 ./Drivers/STM32F4xx_HAL_Driver/Src/stm32f4xx_hal_tim.o
                0x08006920                HAL_TIM_OC_ConfigChannel
 .text.HAL_TIM_ConfigClockSource
                0x080069d8      0x18e ./Drivers/STM32F4xx_HAL_Driver/Src/stm32f4xx_hal_tim.o
                0x080069d8                HAL_TIM_ConfigClockSource
 .text.HAL_TIM_IC_CaptureCallback
                0x08006b66       0x14 ./Drivers/STM32F4xx_HAL_Driver/Src/stm32f4xx_hal_tim.o
                0x08006b66                HAL_TIM_IC_CaptureCallback
 .text.HAL_TIM_PWM_PulseFinishedCallback
                0x08006b7a       0x14 ./Drivers/STM32F4xx_HAL_Driver/Src/stm32f4xx_hal_tim.o
                0x08006b7a                HAL_TIM_PWM_PulseFinishedCallback
 .text.HAL_TIM_TriggerCallback
                0x08006b8e       0x14 ./Drivers/STM32F4xx_HAL_Driver/Src/stm32f4xx_hal_tim.o
                0x08006b8e                HAL_TIM_TriggerCallback
 *fill*         0x08006ba2        0x2 
 .text.TIM_Base_SetConfig
                0x08006ba4      0x14c ./Drivers/STM32F4xx_HAL_Driver/Src/stm32f4xx_hal_tim.o
                0x08006ba4                TIM_Base_SetConfig
 .text.TIM_OC1_SetConfig
                0x08006cf0       0xe0 ./Drivers/STM32F4xx_HAL_Driver/Src/stm32f4xx_hal_tim.o
 .text.TIM_OC2_SetConfig
                0x08006dd0       0xec ./Drivers/STM32F4xx_HAL_Driver/Src/stm32f4xx_hal_tim.o
                0x08006dd0                TIM_OC2_SetConfig
 .text.TIM_OC3_SetConfig
                0x08006ebc       0xe8 ./Drivers/STM32F4xx_HAL_Driver/Src/stm32f4xx_hal_tim.o
 .text.TIM_OC4_SetConfig
                0x08006fa4       0xac ./Drivers/STM32F4xx_HAL_Driver/Src/stm32f4xx_hal_tim.o
 .text.TIM_TI1_ConfigInputStage
                0x08007050       0x5e ./Drivers/STM32F4xx_HAL_Driver/Src/stm32f4xx_hal_tim.o
 .text.TIM_TI2_ConfigInputStage
                0x080070ae       0x60 ./Drivers/STM32F4xx_HAL_Driver/Src/stm32f4xx_hal_tim.o
 .text.TIM_ITRx_SetConfig
                0x0800710e       0x36 ./Drivers/STM32F4xx_HAL_Driver/Src/stm32f4xx_hal_tim.o
 .text.TIM_ETR_SetConfig
                0x08007144       0x40 ./Drivers/STM32F4xx_HAL_Driver/Src/stm32f4xx_hal_tim.o
                0x08007144                TIM_ETR_SetConfig
 .text.TIM_CCxChannelCmd
                0x08007184       0x4a ./Drivers/STM32F4xx_HAL_Driver/Src/stm32f4xx_hal_tim.o
                0x08007184                TIM_CCxChannelCmd
 *fill*         0x080071ce        0x2 
 .text.HAL_TIMEx_MasterConfigSynchronization
                0x080071d0       0xf8 ./Drivers/STM32F4xx_HAL_Driver/Src/stm32f4xx_hal_tim_ex.o
                0x080071d0                HAL_TIMEx_MasterConfigSynchronization
 .text.HAL_TIMEx_ConfigBreakDeadTime
                0x080072c8       0xa4 ./Drivers/STM32F4xx_HAL_Driver/Src/stm32f4xx_hal_tim_ex.o
                0x080072c8                HAL_TIMEx_ConfigBreakDeadTime
 .text.HAL_TIMEx_CommutCallback
                0x0800736c       0x14 ./Drivers/STM32F4xx_HAL_Driver/Src/stm32f4xx_hal_tim_ex.o
                0x0800736c                HAL_TIMEx_CommutCallback
 .text.HAL_TIMEx_BreakCallback
                0x08007380       0x14 ./Drivers/STM32F4xx_HAL_Driver/Src/stm32f4xx_hal_tim_ex.o
                0x08007380                HAL_TIMEx_BreakCallback
 .text.HAL_UART_Init
                0x08007394       0xa0 ./Drivers/STM32F4xx_HAL_Driver/Src/stm32f4xx_hal_uart.o
                0x08007394                HAL_UART_Init
 .text.HAL_UART_Transmit
                0x08007434      0x116 ./Drivers/STM32F4xx_HAL_Driver/Src/stm32f4xx_hal_uart.o
                0x08007434                HAL_UART_Transmit
 .text.HAL_UART_Receive
                0x0800754a      0x12e ./Drivers/STM32F4xx_HAL_Driver/Src/stm32f4xx_hal_uart.o
                0x0800754a                HAL_UART_Receive
 .text.UART_WaitOnFlagUntilTimeout
                0x08007678       0xb2 ./Drivers/STM32F4xx_HAL_Driver/Src/stm32f4xx_hal_uart.o
 .text.UART_EndRxTransfer
                0x0800772a       0xc6 ./Drivers/STM32F4xx_HAL_Driver/Src/stm32f4xx_hal_uart.o
 .text.UART_SetConfig
                0x080077f0      0x4e8 ./Drivers/STM32F4xx_HAL_Driver/Src/stm32f4xx_hal_uart.o
 .text.sqrtf    0x08007cd8       0x3c C:/Program Files/STM32CubeIDE_1.18.1/STM32CubeIDE/plugins/com.st.stm32cube.ide.mcu.externaltools.gnu-tools-for-stm32.13.3.rel1.win32_1.0.0.202411081344/tools/bin/../lib/gcc/arm-none-eabi/13.3.1/../../../../arm-none-eabi/lib/thumb/v7e-m+fp/hard\libm.a(libm_a-wf_sqrt.o)
                0x08007cd8                sqrtf
 .text.__ieee754_sqrtf
                0x08007d14        0x6 C:/Program Files/STM32CubeIDE_1.18.1/STM32CubeIDE/plugins/com.st.stm32cube.ide.mcu.externaltools.gnu-tools-for-stm32.13.3.rel1.win32_1.0.0.202411081344/tools/bin/../lib/gcc/arm-none-eabi/13.3.1/../../../../arm-none-eabi/lib/thumb/v7e-m+fp/hard\libm.a(libm_a-ef_sqrt.o)
                0x08007d14                __ieee754_sqrtf
 *fill*         0x08007d1a        0x2 
 .text.malloc   0x08007d1c       0x10 C:/Program Files/STM32CubeIDE_1.18.1/STM32CubeIDE/plugins/com.st.stm32cube.ide.mcu.externaltools.gnu-tools-for-stm32.13.3.rel1.win32_1.0.0.202411081344/tools/bin/../lib/gcc/arm-none-eabi/13.3.1/../../../../arm-none-eabi/lib/thumb/v7e-m+fp/hard\libc_nano.a(libc_a-malloc.o)
                0x08007d1c                malloc
 .text.free     0x08007d2c       0x10 C:/Program Files/STM32CubeIDE_1.18.1/STM32CubeIDE/plugins/com.st.stm32cube.ide.mcu.externaltools.gnu-tools-for-stm32.13.3.rel1.win32_1.0.0.202411081344/tools/bin/../lib/gcc/arm-none-eabi/13.3.1/../../../../arm-none-eabi/lib/thumb/v7e-m+fp/hard\libc_nano.a(libc_a-malloc.o)
                0x08007d2c                free
 .text.sbrk_aligned
                0x08007d3c       0x44 C:/Program Files/STM32CubeIDE_1.18.1/STM32CubeIDE/plugins/com.st.stm32cube.ide.mcu.externaltools.gnu-tools-for-stm32.13.3.rel1.win32_1.0.0.202411081344/tools/bin/../lib/gcc/arm-none-eabi/13.3.1/../../../../arm-none-eabi/lib/thumb/v7e-m+fp/hard\libc_nano.a(libc_a-mallocr.o)
 .text._malloc_r
                0x08007d80      0x100 C:/Program Files/STM32CubeIDE_1.18.1/STM32CubeIDE/plugins/com.st.stm32cube.ide.mcu.externaltools.gnu-tools-for-stm32.13.3.rel1.win32_1.0.0.202411081344/tools/bin/../lib/gcc/arm-none-eabi/13.3.1/../../../../arm-none-eabi/lib/thumb/v7e-m+fp/hard\libc_nano.a(libc_a-mallocr.o)
                0x08007d80                _malloc_r
 .text.__malloc_lock
                0x08007e80        0xc C:/Program Files/STM32CubeIDE_1.18.1/STM32CubeIDE/plugins/com.st.stm32cube.ide.mcu.externaltools.gnu-tools-for-stm32.13.3.rel1.win32_1.0.0.202411081344/tools/bin/../lib/gcc/arm-none-eabi/13.3.1/../../../../arm-none-eabi/lib/thumb/v7e-m+fp/hard\libc_nano.a(libc_a-mlock.o)
                0x08007e80                __malloc_lock
 .text.__malloc_unlock
                0x08007e8c        0xc C:/Program Files/STM32CubeIDE_1.18.1/STM32CubeIDE/plugins/com.st.stm32cube.ide.mcu.externaltools.gnu-tools-for-stm32.13.3.rel1.win32_1.0.0.202411081344/tools/bin/../lib/gcc/arm-none-eabi/13.3.1/../../../../arm-none-eabi/lib/thumb/v7e-m+fp/hard\libc_nano.a(libc_a-mlock.o)
                0x08007e8c                __malloc_unlock
 .text.memset   0x08007e98       0x10 C:/Program Files/STM32CubeIDE_1.18.1/STM32CubeIDE/plugins/com.st.stm32cube.ide.mcu.externaltools.gnu-tools-for-stm32.13.3.rel1.win32_1.0.0.202411081344/tools/bin/../lib/gcc/arm-none-eabi/13.3.1/../../../../arm-none-eabi/lib/thumb/v7e-m+fp/hard\libc_nano.a(libc_a-memset.o)
                0x08007e98                memset
 .text._sbrk_r  0x08007ea8       0x20 C:/Program Files/STM32CubeIDE_1.18.1/STM32CubeIDE/plugins/com.st.stm32cube.ide.mcu.externaltools.gnu-tools-for-stm32.13.3.rel1.win32_1.0.0.202411081344/tools/bin/../lib/gcc/arm-none-eabi/13.3.1/../../../../arm-none-eabi/lib/thumb/v7e-m+fp/hard\libc_nano.a(libc_a-sbrkr.o)
                0x08007ea8                _sbrk_r
 .text.__errno  0x08007ec8        0xc C:/Program Files/STM32CubeIDE_1.18.1/STM32CubeIDE/plugins/com.st.stm32cube.ide.mcu.externaltools.gnu-tools-for-stm32.13.3.rel1.win32_1.0.0.202411081344/tools/bin/../lib/gcc/arm-none-eabi/13.3.1/../../../../arm-none-eabi/lib/thumb/v7e-m+fp/hard\libc_nano.a(libc_a-errno.o)
                0x08007ec8                __errno
 .text.__libc_init_array
                0x08007ed4       0x48 C:/Program Files/STM32CubeIDE_1.18.1/STM32CubeIDE/plugins/com.st.stm32cube.ide.mcu.externaltools.gnu-tools-for-stm32.13.3.rel1.win32_1.0.0.202411081344/tools/bin/../lib/gcc/arm-none-eabi/13.3.1/../../../../arm-none-eabi/lib/thumb/v7e-m+fp/hard\libc_nano.a(libc_a-init.o)
                0x08007ed4                __libc_init_array
 .text.__retarget_lock_acquire_recursive
                0x08007f1c        0x2 C:/Program Files/STM32CubeIDE_1.18.1/STM32CubeIDE/plugins/com.st.stm32cube.ide.mcu.externaltools.gnu-tools-for-stm32.13.3.rel1.win32_1.0.0.202411081344/tools/bin/../lib/gcc/arm-none-eabi/13.3.1/../../../../arm-none-eabi/lib/thumb/v7e-m+fp/hard\libc_nano.a(libc_a-lock.o)
                0x08007f1c                __retarget_lock_acquire_recursive
 .text.__retarget_lock_release_recursive
                0x08007f1e        0x2 C:/Program Files/STM32CubeIDE_1.18.1/STM32CubeIDE/plugins/com.st.stm32cube.ide.mcu.externaltools.gnu-tools-for-stm32.13.3.rel1.win32_1.0.0.202411081344/tools/bin/../lib/gcc/arm-none-eabi/13.3.1/../../../../arm-none-eabi/lib/thumb/v7e-m+fp/hard\libc_nano.a(libc_a-lock.o)
                0x08007f1e                __retarget_lock_release_recursive
 .text.memcpy   0x08007f20       0x1c C:/Program Files/STM32CubeIDE_1.18.1/STM32CubeIDE/plugins/com.st.stm32cube.ide.mcu.externaltools.gnu-tools-for-stm32.13.3.rel1.win32_1.0.0.202411081344/tools/bin/../lib/gcc/arm-none-eabi/13.3.1/../../../../arm-none-eabi/lib/thumb/v7e-m+fp/hard\libc_nano.a(libc_a-memcpy-stub.o)
                0x08007f20                memcpy
 .text._free_r  0x08007f3c       0x94 C:/Program Files/STM32CubeIDE_1.18.1/STM32CubeIDE/plugins/com.st.stm32cube.ide.mcu.externaltools.gnu-tools-for-stm32.13.3.rel1.win32_1.0.0.202411081344/tools/bin/../lib/gcc/arm-none-eabi/13.3.1/../../../../arm-none-eabi/lib/thumb/v7e-m+fp/hard\libc_nano.a(libc_a-freer.o)
                0x08007f3c                _free_r
 *(.glue_7)
 .glue_7        0x08007fd0        0x0 linker stubs
 *(.glue_7t)
 .glue_7t       0x08007fd0        0x0 linker stubs
 *(.eh_frame)
 .eh_frame      0x08007fd0        0x0 C:/Program Files/STM32CubeIDE_1.18.1/STM32CubeIDE/plugins/com.st.stm32cube.ide.mcu.externaltools.gnu-tools-for-stm32.13.3.rel1.win32_1.0.0.202411081344/tools/bin/../lib/gcc/arm-none-eabi/13.3.1/thumb/v7e-m+fp/hard/crtbegin.o
 *(.init)
 .init          0x08007fd0        0x4 C:/Program Files/STM32CubeIDE_1.18.1/STM32CubeIDE/plugins/com.st.stm32cube.ide.mcu.externaltools.gnu-tools-for-stm32.13.3.rel1.win32_1.0.0.202411081344/tools/bin/../lib/gcc/arm-none-eabi/13.3.1/thumb/v7e-m+fp/hard/crti.o
                0x08007fd0                _init
 .init          0x08007fd4        0x8 C:/Program Files/STM32CubeIDE_1.18.1/STM32CubeIDE/plugins/com.st.stm32cube.ide.mcu.externaltools.gnu-tools-for-stm32.13.3.rel1.win32_1.0.0.202411081344/tools/bin/../lib/gcc/arm-none-eabi/13.3.1/thumb/v7e-m+fp/hard/crtn.o
 *(.fini)
 .fini          0x08007fdc        0x4 C:/Program Files/STM32CubeIDE_1.18.1/STM32CubeIDE/plugins/com.st.stm32cube.ide.mcu.externaltools.gnu-tools-for-stm32.13.3.rel1.win32_1.0.0.202411081344/tools/bin/../lib/gcc/arm-none-eabi/13.3.1/thumb/v7e-m+fp/hard/crti.o
                0x08007fdc                _fini
 .fini          0x08007fe0        0x8 C:/Program Files/STM32CubeIDE_1.18.1/STM32CubeIDE/plugins/com.st.stm32cube.ide.mcu.externaltools.gnu-tools-for-stm32.13.3.rel1.win32_1.0.0.202411081344/tools/bin/../lib/gcc/arm-none-eabi/13.3.1/thumb/v7e-m+fp/hard/crtn.o
                0x08007fe8                        . = ALIGN (0x4)
                0x08007fe8                        _etext = .

.vfp11_veneer   0x08007fe8        0x0
 .vfp11_veneer  0x08007fe8        0x0 linker stubs

.v4_bx          0x08007fe8        0x0
 .v4_bx         0x08007fe8        0x0 linker stubs

.iplt           0x08007fe8        0x0
 .iplt          0x08007fe8        0x0 C:/Program Files/STM32CubeIDE_1.18.1/STM32CubeIDE/plugins/com.st.stm32cube.ide.mcu.externaltools.gnu-tools-for-stm32.13.3.rel1.win32_1.0.0.202411081344/tools/bin/../lib/gcc/arm-none-eabi/13.3.1/thumb/v7e-m+fp/hard/crtbegin.o

.rodata         0x08007fe8      0xdd4
                0x08007fe8                        . = ALIGN (0x4)
 *(.rodata)
 .rodata        0x08007fe8       0x54 ./Core/Src/motor/motor_control.o
 *(.rodata*)
 .rodata.Font11x18
                0x0800803c      0xd5c ./Core/Src/display/ssd1306_fonts.o
 .rodata.Font_11x18
                0x08008d98        0xc ./Core/Src/display/ssd1306_fonts.o
                0x08008d98                Font_11x18
 .rodata.AHBPrescTable
                0x08008da4       0x10 ./Core/Src/system_stm32f4xx.o
                0x08008da4                AHBPrescTable
 .rodata.APBPrescTable
                0x08008db4        0x8 ./Core/Src/system_stm32f4xx.o
                0x08008db4                APBPrescTable
                0x08008dbc                        . = ALIGN (0x4)

.ARM.extab      0x08008dbc        0x0
                0x08008dbc                        . = ALIGN (0x4)
 *(.ARM.extab* .gnu.linkonce.armextab.*)
                0x08008dbc                        . = ALIGN (0x4)

.ARM            0x08008dbc        0x8
                0x08008dbc                        . = ALIGN (0x4)
                0x08008dbc                        __exidx_start = .
 *(.ARM.exidx*)
 .ARM.exidx     0x08008dbc        0x8 C:/Program Files/STM32CubeIDE_1.18.1/STM32CubeIDE/plugins/com.st.stm32cube.ide.mcu.externaltools.gnu-tools-for-stm32.13.3.rel1.win32_1.0.0.202411081344/tools/bin/../lib/gcc/arm-none-eabi/13.3.1/../../../../arm-none-eabi/lib/thumb/v7e-m+fp/hard\libc_nano.a(libc_a-strlen.o)
 .ARM.exidx     0x08008dc4        0x0 C:/Program Files/STM32CubeIDE_1.18.1/STM32CubeIDE/plugins/com.st.stm32cube.ide.mcu.externaltools.gnu-tools-for-stm32.13.3.rel1.win32_1.0.0.202411081344/tools/bin/../lib/gcc/arm-none-eabi/13.3.1/thumb/v7e-m+fp/hard\libgcc.a(_udivmoddi4.o)
                                  0x8 (size before relaxing)
                0x08008dc4                        __exidx_end = .
                0x08008dc4                        . = ALIGN (0x4)

.preinit_array  0x08008dc4        0x0
                0x08008dc4                        . = ALIGN (0x4)
                0x08008dc4                        PROVIDE (__preinit_array_start = .)
 *(.preinit_array*)
                0x08008dc4                        PROVIDE (__preinit_array_end = .)
                0x08008dc4                        . = ALIGN (0x4)

.init_array     0x08008dc4        0x4
                0x08008dc4                        . = ALIGN (0x4)
                0x08008dc4                        PROVIDE (__init_array_start = .)
 *(SORT_BY_NAME(.init_array.*))
 *(.init_array*)
 .init_array    0x08008dc4        0x4 C:/Program Files/STM32CubeIDE_1.18.1/STM32CubeIDE/plugins/com.st.stm32cube.ide.mcu.externaltools.gnu-tools-for-stm32.13.3.rel1.win32_1.0.0.202411081344/tools/bin/../lib/gcc/arm-none-eabi/13.3.1/thumb/v7e-m+fp/hard/crtbegin.o
                0x08008dc8                        PROVIDE (__init_array_end = .)
                0x08008dc8                        . = ALIGN (0x4)

.fini_array     0x08008dc8        0x4
                0x08008dc8                        . = ALIGN (0x4)
                [!provide]                        PROVIDE (__fini_array_start = .)
 *(SORT_BY_NAME(.fini_array.*))
 *(.fini_array*)
 .fini_array    0x08008dc8        0x4 C:/Program Files/STM32CubeIDE_1.18.1/STM32CubeIDE/plugins/com.st.stm32cube.ide.mcu.externaltools.gnu-tools-for-stm32.13.3.rel1.win32_1.0.0.202411081344/tools/bin/../lib/gcc/arm-none-eabi/13.3.1/thumb/v7e-m+fp/hard/crtbegin.o
                [!provide]                        PROVIDE (__fini_array_end = .)
                0x08008dcc                        . = ALIGN (0x4)
                0x08008dcc                        _sidata = LOADADDR (.data)

.rel.dyn        0x08008dcc        0x0
 .rel.iplt      0x08008dcc        0x0 C:/Program Files/STM32CubeIDE_1.18.1/STM32CubeIDE/plugins/com.st.stm32cube.ide.mcu.externaltools.gnu-tools-for-stm32.13.3.rel1.win32_1.0.0.202411081344/tools/bin/../lib/gcc/arm-none-eabi/13.3.1/thumb/v7e-m+fp/hard/crtbegin.o

.data           0x20000000       0x5c load address 0x08008dcc
                0x20000000                        . = ALIGN (0x4)
                0x20000000                        _sdata = .
 *(.data)
 *(.data*)
 .data.SystemCoreClock
                0x20000000        0x4 ./Core/Src/system_stm32f4xx.o
                0x20000000                SystemCoreClock
 .data.uwTickPrio
                0x20000004        0x4 ./Drivers/STM32F4xx_HAL_Driver/Src/stm32f4xx_hal.o
                0x20000004                uwTickPrio
 .data.uwTickFreq
                0x20000008        0x1 ./Drivers/STM32F4xx_HAL_Driver/Src/stm32f4xx_hal.o
                0x20000008                uwTickFreq
 *fill*         0x20000009        0x3 
 .data._impure_ptr
                0x2000000c        0x4 C:/Program Files/STM32CubeIDE_1.18.1/STM32CubeIDE/plugins/com.st.stm32cube.ide.mcu.externaltools.gnu-tools-for-stm32.13.3.rel1.win32_1.0.0.202411081344/tools/bin/../lib/gcc/arm-none-eabi/13.3.1/../../../../arm-none-eabi/lib/thumb/v7e-m+fp/hard\libc_nano.a(libc_a-impure.o)
                0x2000000c                _impure_ptr
 .data._impure_data
                0x20000010       0x4c C:/Program Files/STM32CubeIDE_1.18.1/STM32CubeIDE/plugins/com.st.stm32cube.ide.mcu.externaltools.gnu-tools-for-stm32.13.3.rel1.win32_1.0.0.202411081344/tools/bin/../lib/gcc/arm-none-eabi/13.3.1/../../../../arm-none-eabi/lib/thumb/v7e-m+fp/hard\libc_nano.a(libc_a-impure.o)
                0x20000010                _impure_data
 *(.RamFunc)
 *(.RamFunc*)
                0x2000005c                        . = ALIGN (0x4)
                0x2000005c                        _edata = .

.igot.plt       0x2000005c        0x0 load address 0x08008e28
 .igot.plt      0x2000005c        0x0 C:/Program Files/STM32CubeIDE_1.18.1/STM32CubeIDE/plugins/com.st.stm32cube.ide.mcu.externaltools.gnu-tools-for-stm32.13.3.rel1.win32_1.0.0.202411081344/tools/bin/../lib/gcc/arm-none-eabi/13.3.1/thumb/v7e-m+fp/hard/crtbegin.o
                0x2000005c                        . = ALIGN (0x4)

.bss            0x2000005c      0xa6c load address 0x08008e28
                0x2000005c                        _sbss = .
                0x2000005c                        __bss_start__ = _sbss
 *(.bss)
 .bss           0x2000005c       0x1c C:/Program Files/STM32CubeIDE_1.18.1/STM32CubeIDE/plugins/com.st.stm32cube.ide.mcu.externaltools.gnu-tools-for-stm32.13.3.rel1.win32_1.0.0.202411081344/tools/bin/../lib/gcc/arm-none-eabi/13.3.1/thumb/v7e-m+fp/hard/crtbegin.o
 *(.bss*)
 .bss.SSD1306_Buffer
                0x20000078      0x400 ./Core/Src/display/ssd1306.o
 .bss.SSD1306   0x20000478        0x6 ./Core/Src/display/ssd1306.o
 *fill*         0x2000047e        0x2 
 .bss.hi2c1     0x20000480       0x54 ./Core/Src/main.o
                0x20000480                hi2c1
 .bss.htim1     0x200004d4       0x48 ./Core/Src/main.o
                0x200004d4                htim1
 .bss.htim3     0x2000051c       0x48 ./Core/Src/main.o
                0x2000051c                htim3
 .bss.htim4     0x20000564       0x48 ./Core/Src/main.o
                0x20000564                htim4
 .bss.htim6     0x200005ac       0x48 ./Core/Src/main.o
                0x200005ac                htim6
 .bss.htim7     0x200005f4       0x48 ./Core/Src/main.o
                0x200005f4                htim7
 .bss.htim8     0x2000063c       0x48 ./Core/Src/main.o
                0x2000063c                htim8
 .bss.htim9     0x20000684       0x48 ./Core/Src/main.o
                0x20000684                htim9
 .bss.htim10    0x200006cc       0x48 ./Core/Src/main.o
                0x200006cc                htim10
 .bss.htim12    0x20000714       0x48 ./Core/Src/main.o
                0x20000714                htim12
 .bss.htim13    0x2000075c       0x48 ./Core/Src/main.o
                0x2000075c                htim13
 .bss.huart4    0x200007a4       0x48 ./Core/Src/main.o
                0x200007a4                huart4
 .bss.huart5    0x200007ec       0x48 ./Core/Src/main.o
                0x200007ec                huart5
 .bss.huart1    0x20000834       0x48 ./Core/Src/main.o
                0x20000834                huart1
 .bss.huart2    0x2000087c       0x48 ./Core/Src/main.o
                0x2000087c                huart2
 .bss.huart3    0x200008c4       0x48 ./Core/Src/main.o
                0x200008c4                huart3
 .bss.huart6    0x2000090c       0x48 ./Core/Src/main.o
                0x2000090c                huart6
 .bss.motors    0x20000954       0x14 ./Core/Src/main.o
                0x20000954                motors
 .bss.__sbrk_heap_end
                0x20000968        0x4 ./Core/Src/sysmem.o
 .bss.stallguard_result_g
                0x2000096c        0x2 ./Core/Src/motor/motor_control.o
                0x2000096c                stallguard_result_g
 *fill*         0x2000096e        0x2 
 .bss.smoothed_result_g
                0x20000970        0x4 ./Core/Src/motor/motor_control.o
                0x20000970                smoothed_result_g
 .bss.v_g       0x20000974        0x4 ./Core/Src/motor/motor_control.o
                0x20000974                v_g
 .bss.dynamic_threshold_g
                0x20000978        0x4 ./Core/Src/motor/motor_control.o
                0x20000978                dynamic_threshold_g
 .bss.uwTick    0x2000097c        0x4 ./Drivers/STM32F4xx_HAL_Driver/Src/stm32f4xx_hal.o
                0x2000097c                uwTick
 .bss.__malloc_sbrk_start
                0x20000980        0x4 C:/Program Files/STM32CubeIDE_1.18.1/STM32CubeIDE/plugins/com.st.stm32cube.ide.mcu.externaltools.gnu-tools-for-stm32.13.3.rel1.win32_1.0.0.202411081344/tools/bin/../lib/gcc/arm-none-eabi/13.3.1/../../../../arm-none-eabi/lib/thumb/v7e-m+fp/hard\libc_nano.a(libc_a-mallocr.o)
                0x20000980                __malloc_sbrk_start
 .bss.__malloc_free_list
                0x20000984        0x4 C:/Program Files/STM32CubeIDE_1.18.1/STM32CubeIDE/plugins/com.st.stm32cube.ide.mcu.externaltools.gnu-tools-for-stm32.13.3.rel1.win32_1.0.0.202411081344/tools/bin/../lib/gcc/arm-none-eabi/13.3.1/../../../../arm-none-eabi/lib/thumb/v7e-m+fp/hard\libc_nano.a(libc_a-mallocr.o)
                0x20000984                __malloc_free_list
 .bss.__sf      0x20000988      0x138 C:/Program Files/STM32CubeIDE_1.18.1/STM32CubeIDE/plugins/com.st.stm32cube.ide.mcu.externaltools.gnu-tools-for-stm32.13.3.rel1.win32_1.0.0.202411081344/tools/bin/../lib/gcc/arm-none-eabi/13.3.1/../../../../arm-none-eabi/lib/thumb/v7e-m+fp/hard\libc_nano.a(libc_a-findfp.o)
                0x20000988                __sf
 .bss.errno     0x20000ac0        0x4 C:/Program Files/STM32CubeIDE_1.18.1/STM32CubeIDE/plugins/com.st.stm32cube.ide.mcu.externaltools.gnu-tools-for-stm32.13.3.rel1.win32_1.0.0.202411081344/tools/bin/../lib/gcc/arm-none-eabi/13.3.1/../../../../arm-none-eabi/lib/thumb/v7e-m+fp/hard\libc_nano.a(libc_a-reent.o)
                0x20000ac0                errno
 .bss.__lock___malloc_recursive_mutex
                0x20000ac4        0x1 C:/Program Files/STM32CubeIDE_1.18.1/STM32CubeIDE/plugins/com.st.stm32cube.ide.mcu.externaltools.gnu-tools-for-stm32.13.3.rel1.win32_1.0.0.202411081344/tools/bin/../lib/gcc/arm-none-eabi/13.3.1/../../../../arm-none-eabi/lib/thumb/v7e-m+fp/hard\libc_nano.a(libc_a-lock.o)
                0x20000ac4                __lock___malloc_recursive_mutex
 *(COMMON)
                0x20000ac8                        . = ALIGN (0x4)
 *fill*         0x20000ac5        0x3 
                0x20000ac8                        _ebss = .
                0x20000ac8                        __bss_end__ = _ebss

._user_heap_stack
                0x20000ac8      0x600 load address 0x08008e28
                0x20000ac8                        . = ALIGN (0x8)
                [!provide]                        PROVIDE (end = .)
                0x20000ac8                        PROVIDE (_end = .)
                0x20000cc8                        . = (. + _Min_Heap_Size)
 *fill*         0x20000ac8      0x200 
                0x200010c8                        . = (. + _Min_Stack_Size)
 *fill*         0x20000cc8      0x400 
                0x200010c8                        . = ALIGN (0x8)

/DISCARD/
 libc.a(*)
 libm.a(*)
 libgcc.a(*)

.ARM.attributes
                0x00000000       0x30
 *(.ARM.attributes)
 .ARM.attributes
                0x00000000       0x22 C:/Program Files/STM32CubeIDE_1.18.1/STM32CubeIDE/plugins/com.st.stm32cube.ide.mcu.externaltools.gnu-tools-for-stm32.13.3.rel1.win32_1.0.0.202411081344/tools/bin/../lib/gcc/arm-none-eabi/13.3.1/thumb/v7e-m+fp/hard/crti.o
 .ARM.attributes
                0x00000022       0x34 C:/Program Files/STM32CubeIDE_1.18.1/STM32CubeIDE/plugins/com.st.stm32cube.ide.mcu.externaltools.gnu-tools-for-stm32.13.3.rel1.win32_1.0.0.202411081344/tools/bin/../lib/gcc/arm-none-eabi/13.3.1/thumb/v7e-m+fp/hard/crtbegin.o
 .ARM.attributes
                0x00000056       0x34 ./Core/Src/display/helper.o
 .ARM.attributes
                0x0000008a       0x34 ./Core/Src/display/ssd1306.o
 .ARM.attributes
                0x000000be       0x34 ./Core/Src/display/ssd1306_fonts.o
 .ARM.attributes
                0x000000f2       0x34 ./Core/Src/main.o
 .ARM.attributes
                0x00000126       0x34 ./Core/Src/stm32f4xx_hal_msp.o
 .ARM.attributes
                0x0000015a       0x34 ./Core/Src/stm32f4xx_it.o
 .ARM.attributes
                0x0000018e       0x34 ./Core/Src/sysmem.o
 .ARM.attributes
                0x000001c2       0x34 ./Core/Src/system_stm32f4xx.o
 .ARM.attributes
                0x000001f6       0x34 ./Core/Src/tmc2209.o
 .ARM.attributes
                0x0000022a       0x34 ./Core/Src/tmc2209_if.o
 .ARM.attributes
                0x0000025e       0x34 ./Core/Src/motor/motor_control.o
 .ARM.attributes
                0x00000292       0x34 ./Core/Src/motor/motor_init.o
 .ARM.attributes
                0x000002c6       0x21 ./Core/Startup/startup_stm32f446retx.o
 .ARM.attributes
                0x000002e7       0x34 ./Drivers/STM32F4xx_HAL_Driver/Src/stm32f4xx_hal.o
 .ARM.attributes
                0x0000031b       0x34 ./Drivers/STM32F4xx_HAL_Driver/Src/stm32f4xx_hal_cortex.o
 .ARM.attributes
                0x0000034f       0x34 ./Drivers/STM32F4xx_HAL_Driver/Src/stm32f4xx_hal_gpio.o
 .ARM.attributes
                0x00000383       0x34 ./Drivers/STM32F4xx_HAL_Driver/Src/stm32f4xx_hal_i2c.o
 .ARM.attributes
                0x000003b7       0x34 ./Drivers/STM32F4xx_HAL_Driver/Src/stm32f4xx_hal_rcc.o
 .ARM.attributes
                0x000003eb       0x34 ./Drivers/STM32F4xx_HAL_Driver/Src/stm32f4xx_hal_rcc_ex.o
 .ARM.attributes
                0x0000041f       0x34 ./Drivers/STM32F4xx_HAL_Driver/Src/stm32f4xx_hal_tim.o
 .ARM.attributes
                0x00000453       0x34 ./Drivers/STM32F4xx_HAL_Driver/Src/stm32f4xx_hal_tim_ex.o
 .ARM.attributes
                0x00000487       0x34 ./Drivers/STM32F4xx_HAL_Driver/Src/stm32f4xx_hal_uart.o
 .ARM.attributes
                0x000004bb       0x34 C:/Program Files/STM32CubeIDE_1.18.1/STM32CubeIDE/plugins/com.st.stm32cube.ide.mcu.externaltools.gnu-tools-for-stm32.13.3.rel1.win32_1.0.0.202411081344/tools/bin/../lib/gcc/arm-none-eabi/13.3.1/../../../../arm-none-eabi/lib/thumb/v7e-m+fp/hard\libm.a(libm_a-wf_sqrt.o)
 .ARM.attributes
                0x000004ef       0x34 C:/Program Files/STM32CubeIDE_1.18.1/STM32CubeIDE/plugins/com.st.stm32cube.ide.mcu.externaltools.gnu-tools-for-stm32.13.3.rel1.win32_1.0.0.202411081344/tools/bin/../lib/gcc/arm-none-eabi/13.3.1/../../../../arm-none-eabi/lib/thumb/v7e-m+fp/hard\libm.a(libm_a-ef_sqrt.o)
 .ARM.attributes
                0x00000523       0x34 C:/Program Files/STM32CubeIDE_1.18.1/STM32CubeIDE/plugins/com.st.stm32cube.ide.mcu.externaltools.gnu-tools-for-stm32.13.3.rel1.win32_1.0.0.202411081344/tools/bin/../lib/gcc/arm-none-eabi/13.3.1/../../../../arm-none-eabi/lib/thumb/v7e-m+fp/hard\libc_nano.a(libc_a-malloc.o)
 .ARM.attributes
                0x00000557       0x34 C:/Program Files/STM32CubeIDE_1.18.1/STM32CubeIDE/plugins/com.st.stm32cube.ide.mcu.externaltools.gnu-tools-for-stm32.13.3.rel1.win32_1.0.0.202411081344/tools/bin/../lib/gcc/arm-none-eabi/13.3.1/../../../../arm-none-eabi/lib/thumb/v7e-m+fp/hard\libc_nano.a(libc_a-mallocr.o)
 .ARM.attributes
                0x0000058b       0x34 C:/Program Files/STM32CubeIDE_1.18.1/STM32CubeIDE/plugins/com.st.stm32cube.ide.mcu.externaltools.gnu-tools-for-stm32.13.3.rel1.win32_1.0.0.202411081344/tools/bin/../lib/gcc/arm-none-eabi/13.3.1/../../../../arm-none-eabi/lib/thumb/v7e-m+fp/hard\libc_nano.a(libc_a-mlock.o)
 .ARM.attributes
                0x000005bf       0x34 C:/Program Files/STM32CubeIDE_1.18.1/STM32CubeIDE/plugins/com.st.stm32cube.ide.mcu.externaltools.gnu-tools-for-stm32.13.3.rel1.win32_1.0.0.202411081344/tools/bin/../lib/gcc/arm-none-eabi/13.3.1/../../../../arm-none-eabi/lib/thumb/v7e-m+fp/hard\libc_nano.a(libc_a-findfp.o)
 .ARM.attributes
                0x000005f3       0x34 C:/Program Files/STM32CubeIDE_1.18.1/STM32CubeIDE/plugins/com.st.stm32cube.ide.mcu.externaltools.gnu-tools-for-stm32.13.3.rel1.win32_1.0.0.202411081344/tools/bin/../lib/gcc/arm-none-eabi/13.3.1/../../../../arm-none-eabi/lib/thumb/v7e-m+fp/hard\libc_nano.a(libc_a-memset.o)
 .ARM.attributes
                0x00000627       0x34 C:/Program Files/STM32CubeIDE_1.18.1/STM32CubeIDE/plugins/com.st.stm32cube.ide.mcu.externaltools.gnu-tools-for-stm32.13.3.rel1.win32_1.0.0.202411081344/tools/bin/../lib/gcc/arm-none-eabi/13.3.1/../../../../arm-none-eabi/lib/thumb/v7e-m+fp/hard\libc_nano.a(libc_a-reent.o)
 .ARM.attributes
                0x0000065b       0x34 C:/Program Files/STM32CubeIDE_1.18.1/STM32CubeIDE/plugins/com.st.stm32cube.ide.mcu.externaltools.gnu-tools-for-stm32.13.3.rel1.win32_1.0.0.202411081344/tools/bin/../lib/gcc/arm-none-eabi/13.3.1/../../../../arm-none-eabi/lib/thumb/v7e-m+fp/hard\libc_nano.a(libc_a-impure.o)
 .ARM.attributes
                0x0000068f       0x34 C:/Program Files/STM32CubeIDE_1.18.1/STM32CubeIDE/plugins/com.st.stm32cube.ide.mcu.externaltools.gnu-tools-for-stm32.13.3.rel1.win32_1.0.0.202411081344/tools/bin/../lib/gcc/arm-none-eabi/13.3.1/../../../../arm-none-eabi/lib/thumb/v7e-m+fp/hard\libc_nano.a(libc_a-sbrkr.o)
 .ARM.attributes
                0x000006c3       0x34 C:/Program Files/STM32CubeIDE_1.18.1/STM32CubeIDE/plugins/com.st.stm32cube.ide.mcu.externaltools.gnu-tools-for-stm32.13.3.rel1.win32_1.0.0.202411081344/tools/bin/../lib/gcc/arm-none-eabi/13.3.1/../../../../arm-none-eabi/lib/thumb/v7e-m+fp/hard\libc_nano.a(libc_a-errno.o)
 .ARM.attributes
                0x000006f7       0x34 C:/Program Files/STM32CubeIDE_1.18.1/STM32CubeIDE/plugins/com.st.stm32cube.ide.mcu.externaltools.gnu-tools-for-stm32.13.3.rel1.win32_1.0.0.202411081344/tools/bin/../lib/gcc/arm-none-eabi/13.3.1/../../../../arm-none-eabi/lib/thumb/v7e-m+fp/hard\libc_nano.a(libc_a-init.o)
 .ARM.attributes
                0x0000072b       0x34 C:/Program Files/STM32CubeIDE_1.18.1/STM32CubeIDE/plugins/com.st.stm32cube.ide.mcu.externaltools.gnu-tools-for-stm32.13.3.rel1.win32_1.0.0.202411081344/tools/bin/../lib/gcc/arm-none-eabi/13.3.1/../../../../arm-none-eabi/lib/thumb/v7e-m+fp/hard\libc_nano.a(libc_a-lock.o)
 .ARM.attributes
                0x0000075f       0x34 C:/Program Files/STM32CubeIDE_1.18.1/STM32CubeIDE/plugins/com.st.stm32cube.ide.mcu.externaltools.gnu-tools-for-stm32.13.3.rel1.win32_1.0.0.202411081344/tools/bin/../lib/gcc/arm-none-eabi/13.3.1/../../../../arm-none-eabi/lib/thumb/v7e-m+fp/hard\libc_nano.a(libc_a-memcpy-stub.o)
 .ARM.attributes
                0x00000793       0x17 C:/Program Files/STM32CubeIDE_1.18.1/STM32CubeIDE/plugins/com.st.stm32cube.ide.mcu.externaltools.gnu-tools-for-stm32.13.3.rel1.win32_1.0.0.202411081344/tools/bin/../lib/gcc/arm-none-eabi/13.3.1/../../../../arm-none-eabi/lib/thumb/v7e-m+fp/hard\libc_nano.a(libc_a-strlen.o)
 .ARM.attributes
                0x000007aa       0x34 C:/Program Files/STM32CubeIDE_1.18.1/STM32CubeIDE/plugins/com.st.stm32cube.ide.mcu.externaltools.gnu-tools-for-stm32.13.3.rel1.win32_1.0.0.202411081344/tools/bin/../lib/gcc/arm-none-eabi/13.3.1/../../../../arm-none-eabi/lib/thumb/v7e-m+fp/hard\libc_nano.a(libc_a-freer.o)
 .ARM.attributes
                0x000007de       0x22 C:/Program Files/STM32CubeIDE_1.18.1/STM32CubeIDE/plugins/com.st.stm32cube.ide.mcu.externaltools.gnu-tools-for-stm32.13.3.rel1.win32_1.0.0.202411081344/tools/bin/../lib/gcc/arm-none-eabi/13.3.1/thumb/v7e-m+fp/hard\libgcc.a(_arm_addsubdf3.o)
 .ARM.attributes
                0x00000800       0x22 C:/Program Files/STM32CubeIDE_1.18.1/STM32CubeIDE/plugins/com.st.stm32cube.ide.mcu.externaltools.gnu-tools-for-stm32.13.3.rel1.win32_1.0.0.202411081344/tools/bin/../lib/gcc/arm-none-eabi/13.3.1/thumb/v7e-m+fp/hard\libgcc.a(_arm_muldivdf3.o)
 .ARM.attributes
                0x00000822       0x22 C:/Program Files/STM32CubeIDE_1.18.1/STM32CubeIDE/plugins/com.st.stm32cube.ide.mcu.externaltools.gnu-tools-for-stm32.13.3.rel1.win32_1.0.0.202411081344/tools/bin/../lib/gcc/arm-none-eabi/13.3.1/thumb/v7e-m+fp/hard\libgcc.a(_arm_fixdfsi.o)
 .ARM.attributes
                0x00000844       0x22 C:/Program Files/STM32CubeIDE_1.18.1/STM32CubeIDE/plugins/com.st.stm32cube.ide.mcu.externaltools.gnu-tools-for-stm32.13.3.rel1.win32_1.0.0.202411081344/tools/bin/../lib/gcc/arm-none-eabi/13.3.1/thumb/v7e-m+fp/hard\libgcc.a(_aeabi_uldivmod.o)
 .ARM.attributes
                0x00000866       0x34 C:/Program Files/STM32CubeIDE_1.18.1/STM32CubeIDE/plugins/com.st.stm32cube.ide.mcu.externaltools.gnu-tools-for-stm32.13.3.rel1.win32_1.0.0.202411081344/tools/bin/../lib/gcc/arm-none-eabi/13.3.1/thumb/v7e-m+fp/hard\libgcc.a(_udivmoddi4.o)
 .ARM.attributes
                0x0000089a       0x22 C:/Program Files/STM32CubeIDE_1.18.1/STM32CubeIDE/plugins/com.st.stm32cube.ide.mcu.externaltools.gnu-tools-for-stm32.13.3.rel1.win32_1.0.0.202411081344/tools/bin/../lib/gcc/arm-none-eabi/13.3.1/thumb/v7e-m+fp/hard\libgcc.a(_dvmd_tls.o)
 .ARM.attributes
                0x000008bc       0x22 C:/Program Files/STM32CubeIDE_1.18.1/STM32CubeIDE/plugins/com.st.stm32cube.ide.mcu.externaltools.gnu-tools-for-stm32.13.3.rel1.win32_1.0.0.202411081344/tools/bin/../lib/gcc/arm-none-eabi/13.3.1/thumb/v7e-m+fp/hard/crtn.o
OUTPUT(STM32F4.elf elf32-littlearm)
LOAD linker stubs
LOAD C:/Program Files/STM32CubeIDE_1.18.1/STM32CubeIDE/plugins/com.st.stm32cube.ide.mcu.externaltools.gnu-tools-for-stm32.13.3.rel1.win32_1.0.0.202411081344/tools/bin/../lib/gcc/arm-none-eabi/13.3.1/../../../../arm-none-eabi/lib/thumb/v7e-m+fp/hard\libc.a
LOAD C:/Program Files/STM32CubeIDE_1.18.1/STM32CubeIDE/plugins/com.st.stm32cube.ide.mcu.externaltools.gnu-tools-for-stm32.13.3.rel1.win32_1.0.0.202411081344/tools/bin/../lib/gcc/arm-none-eabi/13.3.1/../../../../arm-none-eabi/lib/thumb/v7e-m+fp/hard\libm.a
LOAD C:/Program Files/STM32CubeIDE_1.18.1/STM32CubeIDE/plugins/com.st.stm32cube.ide.mcu.externaltools.gnu-tools-for-stm32.13.3.rel1.win32_1.0.0.202411081344/tools/bin/../lib/gcc/arm-none-eabi/13.3.1/thumb/v7e-m+fp/hard\libgcc.a

.debug_info     0x00000000    0x17b5e
 .debug_info    0x00000000      0x2ce ./Core/Src/display/helper.o
 .debug_info    0x000002ce     0x128f ./Core/Src/display/ssd1306.o
 .debug_info    0x0000155d      0x14c ./Core/Src/display/ssd1306_fonts.o
 .debug_info    0x000016a9     0x22f6 ./Core/Src/main.o
 .debug_info    0x0000399f     0x1529 ./Core/Src/stm32f4xx_hal_msp.o
 .debug_info    0x00004ec8      0x801 ./Core/Src/stm32f4xx_it.o
 .debug_info    0x000056c9      0x168 ./Core/Src/sysmem.o
 .debug_info    0x00005831      0x54a ./Core/Src/system_stm32f4xx.o
 .debug_info    0x00005d7b     0x2060 ./Core/Src/tmc2209.o
 .debug_info    0x00007ddb      0xe7d ./Core/Src/tmc2209_if.o
 .debug_info    0x00008c58     0x196e ./Core/Src/motor/motor_control.o
 .debug_info    0x0000a5c6     0x12d2 ./Core/Src/motor/motor_init.o
 .debug_info    0x0000b898       0x30 ./Core/Startup/startup_stm32f446retx.o
 .debug_info    0x0000b8c8      0x99a ./Drivers/STM32F4xx_HAL_Driver/Src/stm32f4xx_hal.o
 .debug_info    0x0000c262      0xdaa ./Drivers/STM32F4xx_HAL_Driver/Src/stm32f4xx_hal_cortex.o
 .debug_info    0x0000d00c      0x70b ./Drivers/STM32F4xx_HAL_Driver/Src/stm32f4xx_hal_gpio.o
 .debug_info    0x0000d717     0x2421 ./Drivers/STM32F4xx_HAL_Driver/Src/stm32f4xx_hal_i2c.o
 .debug_info    0x0000fb38      0x8ff ./Drivers/STM32F4xx_HAL_Driver/Src/stm32f4xx_hal_rcc.o
 .debug_info    0x00010437      0x960 ./Drivers/STM32F4xx_HAL_Driver/Src/stm32f4xx_hal_rcc_ex.o
 .debug_info    0x00010d97     0x299d ./Drivers/STM32F4xx_HAL_Driver/Src/stm32f4xx_hal_tim.o
 .debug_info    0x00013734     0x14db ./Drivers/STM32F4xx_HAL_Driver/Src/stm32f4xx_hal_tim_ex.o
 .debug_info    0x00014c0f     0x2f4f ./Drivers/STM32F4xx_HAL_Driver/Src/stm32f4xx_hal_uart.o

.debug_abbrev   0x00000000     0x312a
 .debug_abbrev  0x00000000      0x143 ./Core/Src/display/helper.o
 .debug_abbrev  0x00000143      0x357 ./Core/Src/display/ssd1306.o
 .debug_abbrev  0x0000049a       0xae ./Core/Src/display/ssd1306_fonts.o
 .debug_abbrev  0x00000548      0x38e ./Core/Src/main.o
 .debug_abbrev  0x000008d6      0x21f ./Core/Src/stm32f4xx_hal_msp.o
 .debug_abbrev  0x00000af5      0x1c4 ./Core/Src/stm32f4xx_it.o
 .debug_abbrev  0x00000cb9       0xbc ./Core/Src/sysmem.o
 .debug_abbrev  0x00000d75      0x11a ./Core/Src/system_stm32f4xx.o
 .debug_abbrev  0x00000e8f      0x33d ./Core/Src/tmc2209.o
 .debug_abbrev  0x000011cc      0x28a ./Core/Src/tmc2209_if.o
 .debug_abbrev  0x00001456      0x3c0 ./Core/Src/motor/motor_control.o
 .debug_abbrev  0x00001816      0x26d ./Core/Src/motor/motor_init.o
 .debug_abbrev  0x00001a83       0x24 ./Core/Startup/startup_stm32f446retx.o
 .debug_abbrev  0x00001aa7      0x214 ./Drivers/STM32F4xx_HAL_Driver/Src/stm32f4xx_hal.o
 .debug_abbrev  0x00001cbb      0x31d ./Drivers/STM32F4xx_HAL_Driver/Src/stm32f4xx_hal_cortex.o
 .debug_abbrev  0x00001fd8      0x1d4 ./Drivers/STM32F4xx_HAL_Driver/Src/stm32f4xx_hal_gpio.o
 .debug_abbrev  0x000021ac      0x2ad ./Drivers/STM32F4xx_HAL_Driver/Src/stm32f4xx_hal_i2c.o
 .debug_abbrev  0x00002459      0x2b7 ./Drivers/STM32F4xx_HAL_Driver/Src/stm32f4xx_hal_rcc.o
 .debug_abbrev  0x00002710      0x211 ./Drivers/STM32F4xx_HAL_Driver/Src/stm32f4xx_hal_rcc_ex.o
 .debug_abbrev  0x00002921      0x278 ./Drivers/STM32F4xx_HAL_Driver/Src/stm32f4xx_hal_tim.o
 .debug_abbrev  0x00002b99      0x283 ./Drivers/STM32F4xx_HAL_Driver/Src/stm32f4xx_hal_tim_ex.o
 .debug_abbrev  0x00002e1c      0x30e ./Drivers/STM32F4xx_HAL_Driver/Src/stm32f4xx_hal_uart.o

.debug_aranges  0x00000000     0x1458
 .debug_aranges
                0x00000000       0x20 ./Core/Src/display/helper.o
 .debug_aranges
                0x00000020       0xe8 ./Core/Src/display/ssd1306.o
 .debug_aranges
                0x00000108       0x18 ./Core/Src/display/ssd1306_fonts.o
 .debug_aranges
                0x00000120       0xc8 ./Core/Src/main.o
 .debug_aranges
                0x000001e8       0x50 ./Core/Src/stm32f4xx_hal_msp.o
 .debug_aranges
                0x00000238       0xb0 ./Core/Src/stm32f4xx_it.o
 .debug_aranges
                0x000002e8       0x20 ./Core/Src/sysmem.o
 .debug_aranges
                0x00000308       0x28 ./Core/Src/system_stm32f4xx.o
 .debug_aranges
                0x00000330      0x258 ./Core/Src/tmc2209.o
 .debug_aranges
                0x00000588       0x48 ./Core/Src/tmc2209_if.o
 .debug_aranges
                0x000005d0       0xb8 ./Core/Src/motor/motor_control.o
 .debug_aranges
                0x00000688       0x48 ./Core/Src/motor/motor_init.o
 .debug_aranges
                0x000006d0       0x28 ./Core/Startup/startup_stm32f446retx.o
 .debug_aranges
                0x000006f8       0xf0 ./Drivers/STM32F4xx_HAL_Driver/Src/stm32f4xx_hal.o
 .debug_aranges
                0x000007e8      0x130 ./Drivers/STM32F4xx_HAL_Driver/Src/stm32f4xx_hal_cortex.o
 .debug_aranges
                0x00000918       0x58 ./Drivers/STM32F4xx_HAL_Driver/Src/stm32f4xx_hal_gpio.o
 .debug_aranges
                0x00000970      0x2a8 ./Drivers/STM32F4xx_HAL_Driver/Src/stm32f4xx_hal_i2c.o
 .debug_aranges
                0x00000c18       0x88 ./Drivers/STM32F4xx_HAL_Driver/Src/stm32f4xx_hal_rcc.o
 .debug_aranges
                0x00000ca0       0x78 ./Drivers/STM32F4xx_HAL_Driver/Src/stm32f4xx_hal_rcc_ex.o
 .debug_aranges
                0x00000d18      0x3d0 ./Drivers/STM32F4xx_HAL_Driver/Src/stm32f4xx_hal_tim.o
 .debug_aranges
                0x000010e8      0x168 ./Drivers/STM32F4xx_HAL_Driver/Src/stm32f4xx_hal_tim_ex.o
 .debug_aranges
                0x00001250      0x208 ./Drivers/STM32F4xx_HAL_Driver/Src/stm32f4xx_hal_uart.o

.debug_rnglists
                0x00000000      0xfe8
 .debug_rnglists
                0x00000000       0x14 ./Core/Src/display/helper.o
 .debug_rnglists
                0x00000014       0xb4 ./Core/Src/display/ssd1306.o
 .debug_rnglists
                0x000000c8       0x9a ./Core/Src/main.o
 .debug_rnglists
                0x00000162       0x3c ./Core/Src/stm32f4xx_hal_msp.o
 .debug_rnglists
                0x0000019e       0x7f ./Core/Src/stm32f4xx_it.o
 .debug_rnglists
                0x0000021d       0x13 ./Core/Src/sysmem.o
 .debug_rnglists
                0x00000230       0x1a ./Core/Src/system_stm32f4xx.o
 .debug_rnglists
                0x0000024a      0x1c4 ./Core/Src/tmc2209.o
 .debug_rnglists
                0x0000040e       0x33 ./Core/Src/tmc2209_if.o
 .debug_rnglists
                0x00000441       0x8f ./Core/Src/motor/motor_control.o
 .debug_rnglists
                0x000004d0       0x36 ./Core/Src/motor/motor_init.o
 .debug_rnglists
                0x00000506       0x19 ./Core/Startup/startup_stm32f446retx.o
 .debug_rnglists
                0x0000051f       0xaf ./Drivers/STM32F4xx_HAL_Driver/Src/stm32f4xx_hal.o
 .debug_rnglists
                0x000005ce       0xe0 ./Drivers/STM32F4xx_HAL_Driver/Src/stm32f4xx_hal_cortex.o
 .debug_rnglists
                0x000006ae       0x3f ./Drivers/STM32F4xx_HAL_Driver/Src/stm32f4xx_hal_gpio.o
 .debug_rnglists
                0x000006ed      0x23c ./Drivers/STM32F4xx_HAL_Driver/Src/stm32f4xx_hal_i2c.o
 .debug_rnglists
                0x00000929       0x66 ./Drivers/STM32F4xx_HAL_Driver/Src/stm32f4xx_hal_rcc.o
 .debug_rnglists
                0x0000098f       0x5e ./Drivers/STM32F4xx_HAL_Driver/Src/stm32f4xx_hal_rcc_ex.o
 .debug_rnglists
                0x000009ed      0x31a ./Drivers/STM32F4xx_HAL_Driver/Src/stm32f4xx_hal_tim.o
 .debug_rnglists
                0x00000d07      0x125 ./Drivers/STM32F4xx_HAL_Driver/Src/stm32f4xx_hal_tim_ex.o
 .debug_rnglists
                0x00000e2c      0x1bc ./Drivers/STM32F4xx_HAL_Driver/Src/stm32f4xx_hal_uart.o

.debug_macro    0x00000000    0x241f7
 .debug_macro   0x00000000      0x319 ./Core/Src/display/helper.o
 .debug_macro   0x00000319      0xad8 ./Core/Src/display/helper.o
 .debug_macro   0x00000df1      0x190 ./Core/Src/display/helper.o
 .debug_macro   0x00000f81       0x22 ./Core/Src/display/helper.o
 .debug_macro   0x00000fa3       0x8e ./Core/Src/display/helper.o
 .debug_macro   0x00001031       0x51 ./Core/Src/display/helper.o
 .debug_macro   0x00001082      0x103 ./Core/Src/display/helper.o
 .debug_macro   0x00001185       0x6a ./Core/Src/display/helper.o
 .debug_macro   0x000011ef      0x1df ./Core/Src/display/helper.o
 .debug_macro   0x000013ce       0x61 ./Core/Src/display/helper.o
 .debug_macro   0x0000142f       0x2a ./Core/Src/display/helper.o
 .debug_macro   0x00001459       0x43 ./Core/Src/display/helper.o
 .debug_macro   0x0000149c       0x34 ./Core/Src/display/helper.o
 .debug_macro   0x000014d0       0x28 ./Core/Src/display/helper.o
 .debug_macro   0x000014f8      0x2a1 ./Core/Src/display/helper.o
 .debug_macro   0x00001799       0x28 ./Core/Src/display/helper.o
 .debug_macro   0x000017c1       0x28 ./Core/Src/display/helper.o
 .debug_macro   0x000017e9       0x1c ./Core/Src/display/helper.o
 .debug_macro   0x00001805       0x22 ./Core/Src/display/helper.o
 .debug_macro   0x00001827       0xfb ./Core/Src/display/helper.o
 .debug_macro   0x00001922     0x1011 ./Core/Src/display/helper.o
 .debug_macro   0x00002933      0x11f ./Core/Src/display/helper.o
 .debug_macro   0x00002a52    0x1675e ./Core/Src/display/helper.o
 .debug_macro   0x000191b0       0x6d ./Core/Src/display/helper.o
 .debug_macro   0x0001921d     0x3693 ./Core/Src/display/helper.o
 .debug_macro   0x0001c8b0       0x5c ./Core/Src/display/helper.o
 .debug_macro   0x0001c90c      0xca5 ./Core/Src/display/helper.o
 .debug_macro   0x0001d5b1      0x9e9 ./Core/Src/display/helper.o
 .debug_macro   0x0001df9a      0x115 ./Core/Src/display/helper.o
 .debug_macro   0x0001e0af      0x1a0 ./Core/Src/display/helper.o
 .debug_macro   0x0001e24f       0xa5 ./Core/Src/display/helper.o
 .debug_macro   0x0001e2f4      0x16d ./Core/Src/display/helper.o
 .debug_macro   0x0001e461      0x287 ./Core/Src/display/helper.o
 .debug_macro   0x0001e6e8       0x5f ./Core/Src/display/helper.o
 .debug_macro   0x0001e747      0x236 ./Core/Src/display/helper.o
 .debug_macro   0x0001e97d      0x132 ./Core/Src/display/helper.o
 .debug_macro   0x0001eaaf      0x29c ./Core/Src/display/helper.o
 .debug_macro   0x0001ed4b       0x2e ./Core/Src/display/helper.o
 .debug_macro   0x0001ed79      0x1b5 ./Core/Src/display/helper.o
 .debug_macro   0x0001ef2e       0x22 ./Core/Src/display/helper.o
 .debug_macro   0x0001ef50       0xd6 ./Core/Src/display/helper.o
 .debug_macro   0x0001f026      0x127 ./Core/Src/display/helper.o
 .debug_macro   0x0001f14d       0xe8 ./Core/Src/display/helper.o
 .debug_macro   0x0001f235       0x89 ./Core/Src/display/helper.o
 .debug_macro   0x0001f2be      0x8ed ./Core/Src/display/helper.o
 .debug_macro   0x0001fbab       0x53 ./Core/Src/display/helper.o
 .debug_macro   0x0001fbfe      0x2aa ./Core/Src/display/helper.o
 .debug_macro   0x0001fea8      0x126 ./Core/Src/display/helper.o
 .debug_macro   0x0001ffce       0x4c ./Core/Src/display/helper.o
 .debug_macro   0x0002001a      0x370 ./Core/Src/display/helper.o
 .debug_macro   0x0002038a       0x16 ./Core/Src/display/helper.o
 .debug_macro   0x000203a0       0x4a ./Core/Src/display/helper.o
 .debug_macro   0x000203ea       0x34 ./Core/Src/display/helper.o
 .debug_macro   0x0002041e       0x10 ./Core/Src/display/helper.o
 .debug_macro   0x0002042e       0x58 ./Core/Src/display/helper.o
 .debug_macro   0x00020486       0x8e ./Core/Src/display/helper.o
 .debug_macro   0x00020514       0x1c ./Core/Src/display/helper.o
 .debug_macro   0x00020530      0x185 ./Core/Src/display/helper.o
 .debug_macro   0x000206b5       0x10 ./Core/Src/display/helper.o
 .debug_macro   0x000206c5       0x3c ./Core/Src/display/helper.o
 .debug_macro   0x00020701       0x20 ./Core/Src/display/helper.o
 .debug_macro   0x00020721       0x16 ./Core/Src/display/helper.o
 .debug_macro   0x00020737       0x16 ./Core/Src/display/helper.o
 .debug_macro   0x0002074d       0x29 ./Core/Src/display/helper.o
 .debug_macro   0x00020776      0x312 ./Core/Src/display/ssd1306.o
 .debug_macro   0x00020a88      0x19b ./Core/Src/display/ssd1306.o
 .debug_macro   0x00020c23       0x16 ./Core/Src/display/ssd1306.o
 .debug_macro   0x00020c39      0x23d ./Core/Src/display/ssd1306_fonts.o
 .debug_macro   0x00020e76      0x3b8 ./Core/Src/main.o
 .debug_macro   0x0002122e       0x2e ./Core/Src/main.o
 .debug_macro   0x0002125c       0x16 ./Core/Src/main.o
 .debug_macro   0x00021272       0x16 ./Core/Src/main.o
 .debug_macro   0x00021288      0x142 ./Core/Src/main.o
 .debug_macro   0x000213ca      0x1c6 ./Core/Src/main.o
 .debug_macro   0x00021590       0x22 ./Core/Src/main.o
 .debug_macro   0x000215b2      0x219 ./Core/Src/main.o
 .debug_macro   0x000217cb      0x2ce ./Core/Src/stm32f4xx_hal_msp.o
 .debug_macro   0x00021a99      0x2d8 ./Core/Src/stm32f4xx_it.o
 .debug_macro   0x00021d71      0x112 ./Core/Src/sysmem.o
 .debug_macro   0x00021e83      0x23c ./Core/Src/sysmem.o
 .debug_macro   0x000220bf      0x1e7 ./Core/Src/system_stm32f4xx.o
 .debug_macro   0x000222a6      0x2ea ./Core/Src/tmc2209.o
 .debug_macro   0x00022590      0x2ee ./Core/Src/tmc2209_if.o
 .debug_macro   0x0002287e      0x3d4 ./Core/Src/motor/motor_control.o
 .debug_macro   0x00022c52      0x3ac ./Core/Src/motor/motor_init.o
 .debug_macro   0x00022ffe      0x247 ./Drivers/STM32F4xx_HAL_Driver/Src/stm32f4xx_hal.o
 .debug_macro   0x00023245      0x1e7 ./Drivers/STM32F4xx_HAL_Driver/Src/stm32f4xx_hal_cortex.o
 .debug_macro   0x0002342c      0x1ed ./Drivers/STM32F4xx_HAL_Driver/Src/stm32f4xx_hal_gpio.o
 .debug_macro   0x00023619      0x235 ./Drivers/STM32F4xx_HAL_Driver/Src/stm32f4xx_hal_i2c.o
 .debug_macro   0x0002384e      0x20b ./Drivers/STM32F4xx_HAL_Driver/Src/stm32f4xx_hal_rcc.o
 .debug_macro   0x00023a59      0x1e7 ./Drivers/STM32F4xx_HAL_Driver/Src/stm32f4xx_hal_rcc_ex.o
 .debug_macro   0x00023c40      0x1e8 ./Drivers/STM32F4xx_HAL_Driver/Src/stm32f4xx_hal_tim.o
 .debug_macro   0x00023e28      0x1e7 ./Drivers/STM32F4xx_HAL_Driver/Src/stm32f4xx_hal_tim_ex.o
 .debug_macro   0x0002400f      0x1e8 ./Drivers/STM32F4xx_HAL_Driver/Src/stm32f4xx_hal_uart.o

.debug_line     0x00000000    0x19959
 .debug_line    0x00000000      0xabb ./Core/Src/display/helper.o
 .debug_line    0x00000abb     0x12e0 ./Core/Src/display/ssd1306.o
 .debug_line    0x00001d9b      0x97d ./Core/Src/display/ssd1306_fonts.o
 .debug_line    0x00002718     0x11a5 ./Core/Src/main.o
 .debug_line    0x000038bd      0xd12 ./Core/Src/stm32f4xx_hal_msp.o
 .debug_line    0x000045cf      0xb5e ./Core/Src/stm32f4xx_it.o
 .debug_line    0x0000512d      0x67b ./Core/Src/sysmem.o
 .debug_line    0x000057a8      0x7e9 ./Core/Src/system_stm32f4xx.o
 .debug_line    0x00005f91     0x14b6 ./Core/Src/tmc2209.o
 .debug_line    0x00007447      0xb16 ./Core/Src/tmc2209_if.o
 .debug_line    0x00007f5d     0x132e ./Core/Src/motor/motor_control.o
 .debug_line    0x0000928b      0xd02 ./Core/Src/motor/motor_init.o
 .debug_line    0x00009f8d       0x7a ./Core/Startup/startup_stm32f446retx.o
 .debug_line    0x0000a007      0xa65 ./Drivers/STM32F4xx_HAL_Driver/Src/stm32f4xx_hal.o
 .debug_line    0x0000aa6c      0xd35 ./Drivers/STM32F4xx_HAL_Driver/Src/stm32f4xx_hal_cortex.o
 .debug_line    0x0000b7a1      0xba9 ./Drivers/STM32F4xx_HAL_Driver/Src/stm32f4xx_hal_gpio.o
 .debug_line    0x0000c34a     0x3b12 ./Drivers/STM32F4xx_HAL_Driver/Src/stm32f4xx_hal_i2c.o
 .debug_line    0x0000fe5c      0xe80 ./Drivers/STM32F4xx_HAL_Driver/Src/stm32f4xx_hal_rcc.o
 .debug_line    0x00010cdc     0x1531 ./Drivers/STM32F4xx_HAL_Driver/Src/stm32f4xx_hal_rcc_ex.o
 .debug_line    0x0001220d     0x37da ./Drivers/STM32F4xx_HAL_Driver/Src/stm32f4xx_hal_tim.o
 .debug_line    0x000159e7     0x19c5 ./Drivers/STM32F4xx_HAL_Driver/Src/stm32f4xx_hal_tim_ex.o
 .debug_line    0x000173ac     0x25ad ./Drivers/STM32F4xx_HAL_Driver/Src/stm32f4xx_hal_uart.o

.debug_str      0x00000000    0xd7293
 .debug_str     0x00000000    0xd7293 ./Core/Src/display/helper.o
                              0xce697 (size before relaxing)
 .debug_str     0x000d7293    0xcf70b ./Core/Src/display/ssd1306.o
 .debug_str     0x000d7293    0xcb603 ./Core/Src/display/ssd1306_fonts.o
 .debug_str     0x000d7293    0xd260d ./Core/Src/main.o
 .debug_str     0x000d7293    0xcfe8b ./Core/Src/stm32f4xx_hal_msp.o
 .debug_str     0x000d7293    0xcf418 ./Core/Src/stm32f4xx_it.o
 .debug_str     0x000d7293     0x7772 ./Core/Src/sysmem.o
 .debug_str     0x000d7293    0xcb28c ./Core/Src/system_stm32f4xx.o
 .debug_str     0x000d7293    0xd0aa8 ./Core/Src/tmc2209.o
 .debug_str     0x000d7293    0xcfe14 ./Core/Src/tmc2209_if.o
 .debug_str     0x000d7293    0xd1c27 ./Core/Src/motor/motor_control.o
 .debug_str     0x000d7293    0xd180a ./Core/Src/motor/motor_init.o
 .debug_str     0x000d7293       0x74 ./Core/Startup/startup_stm32f446retx.o
 .debug_str     0x000d7293    0xcbe51 ./Drivers/STM32F4xx_HAL_Driver/Src/stm32f4xx_hal.o
 .debug_str     0x000d7293    0xcbba8 ./Drivers/STM32F4xx_HAL_Driver/Src/stm32f4xx_hal_cortex.o
 .debug_str     0x000d7293    0xcb407 ./Drivers/STM32F4xx_HAL_Driver/Src/stm32f4xx_hal_gpio.o
 .debug_str     0x000d7293    0xcc28a ./Drivers/STM32F4xx_HAL_Driver/Src/stm32f4xx_hal_i2c.o
 .debug_str     0x000d7293    0xcb6c5 ./Drivers/STM32F4xx_HAL_Driver/Src/stm32f4xx_hal_rcc.o
 .debug_str     0x000d7293    0xcb6f8 ./Drivers/STM32F4xx_HAL_Driver/Src/stm32f4xx_hal_rcc_ex.o
 .debug_str     0x000d7293    0xcc5f1 ./Drivers/STM32F4xx_HAL_Driver/Src/stm32f4xx_hal_tim.o
 .debug_str     0x000d7293    0xcbdfd ./Drivers/STM32F4xx_HAL_Driver/Src/stm32f4xx_hal_tim_ex.o
 .debug_str     0x000d7293    0xcbc7c ./Drivers/STM32F4xx_HAL_Driver/Src/stm32f4xx_hal_uart.o

.comment        0x00000000       0x43
 .comment       0x00000000       0x43 ./Core/Src/display/helper.o
                                 0x44 (size before relaxing)
 .comment       0x00000043       0x44 ./Core/Src/display/ssd1306.o
 .comment       0x00000043       0x44 ./Core/Src/display/ssd1306_fonts.o
 .comment       0x00000043       0x44 ./Core/Src/main.o
 .comment       0x00000043       0x44 ./Core/Src/stm32f4xx_hal_msp.o
 .comment       0x00000043       0x44 ./Core/Src/stm32f4xx_it.o
 .comment       0x00000043       0x44 ./Core/Src/sysmem.o
 .comment       0x00000043       0x44 ./Core/Src/system_stm32f4xx.o
 .comment       0x00000043       0x44 ./Core/Src/tmc2209.o
 .comment       0x00000043       0x44 ./Core/Src/tmc2209_if.o
 .comment       0x00000043       0x44 ./Core/Src/motor/motor_control.o
 .comment       0x00000043       0x44 ./Core/Src/motor/motor_init.o
 .comment       0x00000043       0x44 ./Drivers/STM32F4xx_HAL_Driver/Src/stm32f4xx_hal.o
 .comment       0x00000043       0x44 ./Drivers/STM32F4xx_HAL_Driver/Src/stm32f4xx_hal_cortex.o
 .comment       0x00000043       0x44 ./Drivers/STM32F4xx_HAL_Driver/Src/stm32f4xx_hal_gpio.o
 .comment       0x00000043       0x44 ./Drivers/STM32F4xx_HAL_Driver/Src/stm32f4xx_hal_i2c.o
 .comment       0x00000043       0x44 ./Drivers/STM32F4xx_HAL_Driver/Src/stm32f4xx_hal_rcc.o
 .comment       0x00000043       0x44 ./Drivers/STM32F4xx_HAL_Driver/Src/stm32f4xx_hal_rcc_ex.o
 .comment       0x00000043       0x44 ./Drivers/STM32F4xx_HAL_Driver/Src/stm32f4xx_hal_tim.o
 .comment       0x00000043       0x44 ./Drivers/STM32F4xx_HAL_Driver/Src/stm32f4xx_hal_tim_ex.o
 .comment       0x00000043       0x44 ./Drivers/STM32F4xx_HAL_Driver/Src/stm32f4xx_hal_uart.o

.debug_frame    0x00000000     0x5b34
 .debug_frame   0x00000000       0x38 ./Core/Src/display/helper.o
 .debug_frame   0x00000038      0x3e4 ./Core/Src/display/ssd1306.o
 .debug_frame   0x0000041c      0x2d8 ./Core/Src/main.o
 .debug_frame   0x000006f4      0x114 ./Core/Src/stm32f4xx_hal_msp.o
 .debug_frame   0x00000808      0x21c ./Core/Src/stm32f4xx_it.o
 .debug_frame   0x00000a24       0x34 ./Core/Src/sysmem.o
 .debug_frame   0x00000a58       0x58 ./Core/Src/system_stm32f4xx.o
 .debug_frame   0x00000ab0      0xa54 ./Core/Src/tmc2209.o
 .debug_frame   0x00001504      0x108 ./Core/Src/tmc2209_if.o
 .debug_frame   0x0000160c      0x2f4 ./Core/Src/motor/motor_control.o
 .debug_frame   0x00001900      0x114 ./Core/Src/motor/motor_init.o
 .debug_frame   0x00001a14      0x374 ./Drivers/STM32F4xx_HAL_Driver/Src/stm32f4xx_hal.o
 .debug_frame   0x00001d88      0x508 ./Drivers/STM32F4xx_HAL_Driver/Src/stm32f4xx_hal_cortex.o
 .debug_frame   0x00002290      0x14c ./Drivers/STM32F4xx_HAL_Driver/Src/stm32f4xx_hal_gpio.o
 .debug_frame   0x000023dc      0xc84 ./Drivers/STM32F4xx_HAL_Driver/Src/stm32f4xx_hal_i2c.o
 .debug_frame   0x00003060      0x1f4 ./Drivers/STM32F4xx_HAL_Driver/Src/stm32f4xx_hal_rcc.o
 .debug_frame   0x00003254      0x1e8 ./Drivers/STM32F4xx_HAL_Driver/Src/stm32f4xx_hal_rcc_ex.o
 .debug_frame   0x0000343c     0x11c0 ./Drivers/STM32F4xx_HAL_Driver/Src/stm32f4xx_hal_tim.o
 .debug_frame   0x000045fc      0x638 ./Drivers/STM32F4xx_HAL_Driver/Src/stm32f4xx_hal_tim_ex.o
 .debug_frame   0x00004c34      0x954 ./Drivers/STM32F4xx_HAL_Driver/Src/stm32f4xx_hal_uart.o