Archive member included to satisfy reference by file (symbol)

C:/Program Files/STM32CubeIDE_1.18.1/STM32CubeIDE/plugins/com.st.stm32cube.ide.mcu.externaltools.gnu-tools-for-stm32.13.3.rel1.win32_1.0.0.202411081344/tools/bin/../lib/gcc/arm-none-eabi/13.3.1/../../../../arm-none-eabi/lib/thumb/v7e-m+fp/hard\libm.a(libm_a-wf_sqrt.o)
                              ./Core/Src/motor/motor_control.o (sqrtf)
C:/Program Files/STM32CubeIDE_1.18.1/STM32CubeIDE/plugins/com.st.stm32cube.ide.mcu.externaltools.gnu-tools-for-stm32.13.3.rel1.win32_1.0.0.202411081344/tools/bin/../lib/gcc/arm-none-eabi/13.3.1/../../../../arm-none-eabi/lib/thumb/v7e-m+fp/hard\libm.a(libm_a-sf_cos.o)
                              ./Core/Src/display/ssd1306.o (cosf)
C:/Program Files/STM32CubeIDE_1.18.1/STM32CubeIDE/plugins/com.st.stm32cube.ide.mcu.externaltools.gnu-tools-for-stm32.13.3.rel1.win32_1.0.0.202411081344/tools/bin/../lib/gcc/arm-none-eabi/13.3.1/../../../../arm-none-eabi/lib/thumb/v7e-m+fp/hard\libm.a(libm_a-sf_sin.o)
                              ./Core/Src/display/ssd1306.o (sinf)
C:/Program Files/STM32CubeIDE_1.18.1/STM32CubeIDE/plugins/com.st.stm32cube.ide.mcu.externaltools.gnu-tools-for-stm32.13.3.rel1.win32_1.0.0.202411081344/tools/bin/../lib/gcc/arm-none-eabi/13.3.1/../../../../arm-none-eabi/lib/thumb/v7e-m+fp/hard\libm.a(libm_a-ef_sqrt.o)
                              C:/Program Files/STM32CubeIDE_1.18.1/STM32CubeIDE/plugins/com.st.stm32cube.ide.mcu.externaltools.gnu-tools-for-stm32.13.3.rel1.win32_1.0.0.202411081344/tools/bin/../lib/gcc/arm-none-eabi/13.3.1/../../../../arm-none-eabi/lib/thumb/v7e-m+fp/hard\libm.a(libm_a-wf_sqrt.o) (__ieee754_sqrtf)
C:/Program Files/STM32CubeIDE_1.18.1/STM32CubeIDE/plugins/com.st.stm32cube.ide.mcu.externaltools.gnu-tools-for-stm32.13.3.rel1.win32_1.0.0.202411081344/tools/bin/../lib/gcc/arm-none-eabi/13.3.1/../../../../arm-none-eabi/lib/thumb/v7e-m+fp/hard\libm.a(libm_a-kf_cos.o)
                              C:/Program Files/STM32CubeIDE_1.18.1/STM32CubeIDE/plugins/com.st.stm32cube.ide.mcu.externaltools.gnu-tools-for-stm32.13.3.rel1.win32_1.0.0.202411081344/tools/bin/../lib/gcc/arm-none-eabi/13.3.1/../../../../arm-none-eabi/lib/thumb/v7e-m+fp/hard\libm.a(libm_a-sf_cos.o) (__kernel_cosf)
C:/Program Files/STM32CubeIDE_1.18.1/STM32CubeIDE/plugins/com.st.stm32cube.ide.mcu.externaltools.gnu-tools-for-stm32.13.3.rel1.win32_1.0.0.202411081344/tools/bin/../lib/gcc/arm-none-eabi/13.3.1/../../../../arm-none-eabi/lib/thumb/v7e-m+fp/hard\libm.a(libm_a-kf_sin.o)
                              C:/Program Files/STM32CubeIDE_1.18.1/STM32CubeIDE/plugins/com.st.stm32cube.ide.mcu.externaltools.gnu-tools-for-stm32.13.3.rel1.win32_1.0.0.202411081344/tools/bin/../lib/gcc/arm-none-eabi/13.3.1/../../../../arm-none-eabi/lib/thumb/v7e-m+fp/hard\libm.a(libm_a-sf_cos.o) (__kernel_sinf)
C:/Program Files/STM32CubeIDE_1.18.1/STM32CubeIDE/plugins/com.st.stm32cube.ide.mcu.externaltools.gnu-tools-for-stm32.13.3.rel1.win32_1.0.0.202411081344/tools/bin/../lib/gcc/arm-none-eabi/13.3.1/../../../../arm-none-eabi/lib/thumb/v7e-m+fp/hard\libm.a(libm_a-ef_rem_pio2.o)
                              C:/Program Files/STM32CubeIDE_1.18.1/STM32CubeIDE/plugins/com.st.stm32cube.ide.mcu.externaltools.gnu-tools-for-stm32.13.3.rel1.win32_1.0.0.202411081344/tools/bin/../lib/gcc/arm-none-eabi/13.3.1/../../../../arm-none-eabi/lib/thumb/v7e-m+fp/hard\libm.a(libm_a-sf_cos.o) (__ieee754_rem_pio2f)
C:/Program Files/STM32CubeIDE_1.18.1/STM32CubeIDE/plugins/com.st.stm32cube.ide.mcu.externaltools.gnu-tools-for-stm32.13.3.rel1.win32_1.0.0.202411081344/tools/bin/../lib/gcc/arm-none-eabi/13.3.1/../../../../arm-none-eabi/lib/thumb/v7e-m+fp/hard\libm.a(libm_a-sf_fabs.o)
                              C:/Program Files/STM32CubeIDE_1.18.1/STM32CubeIDE/plugins/com.st.stm32cube.ide.mcu.externaltools.gnu-tools-for-stm32.13.3.rel1.win32_1.0.0.202411081344/tools/bin/../lib/gcc/arm-none-eabi/13.3.1/../../../../arm-none-eabi/lib/thumb/v7e-m+fp/hard\libm.a(libm_a-ef_rem_pio2.o) (fabsf)
C:/Program Files/STM32CubeIDE_1.18.1/STM32CubeIDE/plugins/com.st.stm32cube.ide.mcu.externaltools.gnu-tools-for-stm32.13.3.rel1.win32_1.0.0.202411081344/tools/bin/../lib/gcc/arm-none-eabi/13.3.1/../../../../arm-none-eabi/lib/thumb/v7e-m+fp/hard\libm.a(libm_a-kf_rem_pio2.o)
                              C:/Program Files/STM32CubeIDE_1.18.1/STM32CubeIDE/plugins/com.st.stm32cube.ide.mcu.externaltools.gnu-tools-for-stm32.13.3.rel1.win32_1.0.0.202411081344/tools/bin/../lib/gcc/arm-none-eabi/13.3.1/../../../../arm-none-eabi/lib/thumb/v7e-m+fp/hard\libm.a(libm_a-ef_rem_pio2.o) (__kernel_rem_pio2f)
C:/Program Files/STM32CubeIDE_1.18.1/STM32CubeIDE/plugins/com.st.stm32cube.ide.mcu.externaltools.gnu-tools-for-stm32.13.3.rel1.win32_1.0.0.202411081344/tools/bin/../lib/gcc/arm-none-eabi/13.3.1/../../../../arm-none-eabi/lib/thumb/v7e-m+fp/hard\libm.a(libm_a-sf_scalbn.o)
[...]
Memory Configuration

Name             Origin             Length             Attributes
RAM              0x20000000         0x00020000         xrw
FLASH            0x08000000         0x00080000         xr
*default*        0x00000000         0xffffffff

Linker script and memory map

LOAD C:/Program Files/STM32CubeIDE_1.18.1/STM32CubeIDE/plugins/com.st.stm32cube.ide.mcu.externaltools.gnu-tools-for-stm32.13.3.rel1.win32_1.0.0.202411081344/tools/bin/../lib/gcc/arm-none-eabi/13.3.1/thumb/v7e-m+fp/hard/crti.o
LOAD C:/Program Files/STM32CubeIDE_1.18.1/STM32CubeIDE/plugins/com.st.stm32cube.ide.mcu.externaltools.gnu-tools-for-stm32.13.3.rel1.win32_1.0.0.202411081344/tools/bin/../lib/gcc/arm-none-eabi/13.3.1/thumb/v7e-m+fp/hard/crtbegin.o
LOAD C:/Program Files/STM32CubeIDE_1.18.1/STM32CubeIDE/plugins/com.st.stm32cube.ide.mcu.externaltools.gnu-tools-for-stm32.13.3.rel1.win32_1.0.0.202411081344/tools/bin/../lib/gcc/arm-none-eabi/13.3.1/../../../../arm-none-eabi/lib/thumb/v7e-m+fp/hard/crt0.o
LOAD ./Core/Src/display/helper.o
LOAD ./Core/Src/display/ssd1306.o
LOAD ./Core/Src/display/ssd1306_fonts.o
LOAD ./Core/Src/display/ssd1306_tests.o
LOAD ./Core/Src/main.o
LOAD ./Core/Src/stm32f4xx_hal_msp.o
LOAD ./Core/Src/stm32f4xx_it.o
LOAD ./Core/Src/syscalls.o
LOAD ./Core/Src/sysmem.o
LOAD ./Core/Src/system_stm32f4xx.o
LOAD ./Core/Src/tmc2209.o
LOAD ./Core/Src/tmc2209_if.o
LOAD ./Core/Src/motor/motor_control.o
LOAD ./Core/Src/motor/motor_init.o
LOAD ./Core/Startup/startup_stm32f446retx.o
LOAD ./Drivers/STM32F4xx_HAL_Driver/Src/stm32f4xx_hal.o
LOAD ./Drivers/STM32F4xx_HAL_Driver/Src/stm32f4xx_hal_cortex.o
LOAD ./Drivers/STM32F4xx_HAL_Driver/Src/stm32f4xx_hal_dma.o
LOAD ./Drivers/STM32F4xx_HAL_Driver/Src/stm32f4xx_hal_dma_ex.o
LOAD ./Drivers/STM32F4xx_HAL_Driver/Src/stm32f4xx_hal_exti.o
LOAD ./Drivers/STM32F4xx_HAL_Driver/Src/stm32f4xx_hal_flash.o
LOAD ./Drivers/STM32F4xx_HAL_Driver/Src/stm32f4xx_hal_flash_ex.o
LOAD ./Drivers/STM32F4xx_HAL_Driver/Src/stm32f4xx_hal_flash_ramfunc.o
LOAD ./Drivers/STM32F4xx_HAL_Driver/Src/stm32f4xx_hal_gpio.o
LOAD ./Drivers/STM32F4xx_HAL_Driver/Src/stm32f4xx_hal_i2c.o
LOAD ./Drivers/STM32F4xx_HAL_Driver/Src/stm32f4xx_hal_i2c_ex.o
LOAD ./Drivers/STM32F4xx_HAL_Driver/Src/stm32f4xx_hal_pwr.o
LOAD ./Drivers/STM32F4xx_HAL_Driver/Src/stm32f4xx_hal_pwr_ex.o
LOAD ./Drivers/STM32F4xx_HAL_Driver/Src/stm32f4xx_hal_rcc.o
LOAD ./Drivers/STM32F4xx_HAL_Driver/Src/stm32f4xx_hal_rcc_ex.o
LOAD ./Drivers/STM32F4xx_HAL_Driver/Src/stm32f4xx_hal_tim.o
LOAD ./Drivers/STM32F4xx_HAL_Driver/Src/stm32f4xx_hal_tim_ex.o
LOAD ./Drivers/STM32F4xx_HAL_Driver/Src/stm32f4xx_hal_uart.o
START GROUP
LOAD C:/Program Files/STM32CubeIDE_1.18.1/STM32CubeIDE/plugins/com.st.stm32cube.ide.mcu.externaltools.gnu-tools-for-stm32.13.3.rel1.win32_1.0.0.202411081344/tools/bin/../lib/gcc/arm-none-eabi/13.3.1/../../../../arm-none-eabi/lib/thumb/v7e-m+fp/hard\libstdc++_nano.a
LOAD C:/Program Files/STM32CubeIDE_1.18.1/STM32CubeIDE/plugins/com.st.stm32cube.ide.mcu.externaltools.gnu-tools-for-stm32.13.3.rel1.win32_1.0.0.202411081344/tools/bin/../lib/gcc/arm-none-eabi/13.3.1/../../../../arm-none-eabi/lib/thumb/v7e-m+fp/hard\libsupc++_nano.a
END GROUP
LOAD C:/Program Files/STM32CubeIDE_1.18.1/STM32CubeIDE/plugins/com.st.stm32cube.ide.mcu.externaltools.gnu-tools-for-stm32.13.3.rel1.win32_1.0.0.202411081344/tools/bin/../lib/gcc/arm-none-eabi/13.3.1/../../../../arm-none-eabi/lib/thumb/v7e-m+fp/hard\libstdc++_nano.a
LOAD C:/Program Files/STM32CubeIDE_1.18.1/STM32CubeIDE/plugins/com.st.stm32cube.ide.mcu.externaltools.gnu-tools-for-stm32.13.3.rel1.win32_1.0.0.202411081344/tools/bin/../lib/gcc/arm-none-eabi/13.3.1/../../../../arm-none-eabi/lib/thumb/v7e-m+fp/hard\libm.a
LOAD C:/Program Files/STM32CubeIDE_1.18.1/STM32CubeIDE/plugins/com.st.stm32cube.ide.mcu.externaltools.gnu-tools-for-stm32.13.3.rel1.win32_1.0.0.202411081344/tools/bin/../lib/gcc/arm-none-eabi/13.3.1/../../../../arm-none-eabi/lib/thumb/v7e-m+fp/hard\libc_nano.a
START GROUP
LOAD C:/Program Files/STM32CubeIDE_1.18.1/STM32CubeIDE/plugins/com.st.stm32cube.ide.mcu.externaltools.gnu-tools-for-stm32.13.3.rel1.win32_1.0.0.202411081344/tools/bin/../lib/gcc/arm-none-eabi/13.3.1/thumb/v7e-m+fp/hard\libgcc.a
LOAD C:/Program Files/STM32CubeIDE_1.18.1/STM32CubeIDE/plugins/com.st.stm32cube.ide.mcu.externaltools.gnu-tools-for-stm32.13.3.rel1.win32_1.0.0.202411081344/tools/bin/../lib/gcc/arm-none-eabi/13.3.1/../../../../arm-none-eabi/lib/thumb/v7e-m+fp/hard\libc_nano.a
END GROUP
START GROUP
LOAD C:/Program Files/STM32CubeIDE_1.18.1/STM32CubeIDE/plugins/com.st.stm32cube.ide.mcu.externaltools.gnu-tools-for-stm32.13.3.rel1.win32_1.0.0.202411081344/tools/bin/../lib/gcc/arm-none-eabi/13.3.1/thumb/v7e-m+fp/hard\libgcc.a
LOAD C:/Program Files/STM32CubeIDE_1.18.1/STM32CubeIDE/plugins/com.st.stm32cube.ide.mcu.externaltools.gnu-tools-for-stm32.13.3.rel1.win32_1.0.0.202411081344/tools/bin/../lib/gcc/arm-none-eabi/13.3.1/../../../../arm-none-eabi/lib/thumb/v7e-m+fp/hard\libc_nano.a
LOAD C:/Program Files/STM32CubeIDE_1.18.1/STM32CubeIDE/plugins/com.st.stm32cube.ide.mcu.externaltools.gnu-tools-for-stm32.13.3.rel1.win32_1.0.0.202411081344/tools/bin/../lib/gcc/arm-none-eabi/13.3.1/../../../../arm-none-eabi/lib/thumb/v7e-m+fp/hard\libnosys.a
END GROUP
START GROUP
LOAD C:/Program Files/STM32CubeIDE_1.18.1/STM32CubeIDE/plugins/com.st.stm32cube.ide.mcu.externaltools.gnu-tools-for-stm32.13.3.rel1.win32_1.0.0.202411081344/tools/bin/../lib/gcc/arm-none-eabi/13.3.1/thumb/v7e-m+fp/hard\libgcc.a
LOAD C:/Program Files/STM32CubeIDE_1.18.1/STM32CubeIDE/plugins/com.st.stm32cube.ide.mcu.externaltools.gnu-tools-for-stm32.13.3.rel1.win32_1.0.0.202411081344/tools/bin/../lib/gcc/arm-none-eabi/13.3.1/../../../../arm-none-eabi/lib/thumb/v7e-m+fp/hard\libc_nano.a
LOAD C:/Program Files/STM32CubeIDE_1.18.1/STM32CubeIDE/plugins/com.st.stm32cube.ide.mcu.externaltools.gnu-tools-for-stm32.13.3.rel1.win32_1.0.0.202411081344/tools/bin/../lib/gcc/arm-none-eabi/13.3.1/../../../../arm-none-eabi/lib/thumb/v7e-m+fp/hard\libnosys.a
END GROUP
LOAD C:/Program Files/STM32CubeIDE_1.18.1/STM32CubeIDE/plugins/com.st.stm32cube.ide.mcu.externaltools.gnu-tools-for-stm32.13.3.rel1.win32_1.0.0.202411081344/tools/bin/../lib/gcc/arm-none-eabi/13.3.1/thumb/v7e-m+fp/hard/crtend.o
LOAD C:/Program Files/STM32CubeIDE_1.18.1/STM32CubeIDE/plugins/com.st.stm32cube.ide.mcu.externaltools.gnu-tools-for-stm32.13.3.rel1.win32_1.0.0.202411081344/tools/bin/../lib/gcc/arm-none-eabi/13.3.1/thumb/v7e-m+fp/hard/crtn.o
                0x20020000                        _estack = (ORIGIN (RAM) + LENGTH (RAM))
                0x00000200                        _Min_Heap_Size = 0x200
                0x00000400                        _Min_Stack_Size = 0x400

.isr_vector     0x08000000      0x1c4
                0x08000000                        . = ALIGN (0x4)
 *(.isr_vector)
 .isr_vector    0x08000000      0x1c4 ./Core/Startup/startup_stm32f446retx.o
                0x08000000                g_pfnVectors
                0x080001c4                        . = ALIGN (0x4)

.text           0x080001c4     0x6dac
                0x080001c4                        . = ALIGN (0x4)
 *(.text)
 .text          0x080001c4       0x40 C:/Program Files/STM32CubeIDE_1.18.1/STM32CubeIDE/plugins/com.st.stm32cube.ide.mcu.externaltools.gnu-tools-for-stm32.13.3.rel1.win32_1.0.0.202411081344/tools/bin/../lib/gcc/arm-none-eabi/13.3.1/thumb/v7e-m+fp/hard/crtbegin.o
 .text          0x08000204      0x378 C:/Program Files/STM32CubeIDE_1.18.1/STM32CubeIDE/plugins/com.st.stm32cube.ide.mcu.externaltools.gnu-tools-for-stm32.13.3.rel1.win32_1.0.0.202411081344/tools/bin/../lib/gcc/arm-none-eabi/13.3.1/thumb/v7e-m+fp/hard\libgcc.a(_arm_addsubdf3.o)
                0x08000204                __aeabi_drsub
                0x0800020c                __aeabi_dsub
                0x0800020c                __subdf3
                0x08000210                __aeabi_dadd
                0x08000210                __adddf3
                0x08000488                __floatunsidf
                0x08000488                __aeabi_ui2d
                0x080004a8                __floatsidf
                0x080004a8                __aeabi_i2d
                0x080004cc                __aeabi_f2d
                0x080004cc                __extendsfdf2
                0x08000510                __floatundidf
                0x08000510                __aeabi_ul2d
                0x08000520                __floatdidf
                0x08000520                __aeabi_l2d
 .text          0x0800057c      0x424 C:/Program Files/STM32CubeIDE_1.18.1/STM32CubeIDE/plugins/com.st.stm32cube.ide.mcu.externaltools.gnu-tools-for-stm32.13.3.rel1.win32_1.0.0.202411081344/tools/bin/../lib/gcc/arm-none-eabi/13.3.1/thumb/v7e-m+fp/hard\libgcc.a(_arm_muldivdf3.o)
                0x0800057c                __aeabi_dmul
                0x0800057c                __muldf3
                0x080007d0                __divdf3
                0x080007d0                __aeabi_ddiv
 .text          0x080009a0       0x50 C:/Program Files/STM32CubeIDE_1.18.1/STM32CubeIDE/plugins/com.st.stm32cube.ide.mcu.externaltools.gnu-tools-for-stm32.13.3.rel1.win32_1.0.0.202411081344/tools/bin/../lib/gcc/arm-none-eabi/13.3.1/thumb/v7e-m+fp/hard\libgcc.a(_arm_fixdfsi.o)
                0x080009a0                __aeabi_d2iz
                0x080009a0                __fixdfsi
 .text          0x080009f0       0x30 C:/Program Files/STM32CubeIDE_1.18.1/STM32CubeIDE/plugins/com.st.stm32cube.ide.mcu.externaltools.gnu-tools-for-stm32.13.3.rel1.win32_1.0.0.202411081344/tools/bin/../lib/gcc/arm-none-eabi/13.3.1/thumb/v7e-m+fp/hard\libgcc.a(_aeabi_uldivmod.o)
                0x080009f0                __aeabi_uldivmod
 .text          0x08000a20      0x2f8 C:/Program Files/STM32CubeIDE_1.18.1/STM32CubeIDE/plugins/com.st.stm32cube.ide.mcu.externaltools.gnu-tools-for-stm32.13.3.rel1.win32_1.0.0.202411081344/tools/bin/../lib/gcc/arm-none-eabi/13.3.1/thumb/v7e-m+fp/hard\libgcc.a(_udivmoddi4.o)
                0x08000a20                __udivmoddi4
 .text          0x08000d18        0x4 C:/Program Files/STM32CubeIDE_1.18.1/STM32CubeIDE/plugins/com.st.stm32cube.ide.mcu.externaltools.gnu-tools-for-stm32.13.3.rel1.win32_1.0.0.202411081344/tools/bin/../lib/gcc/arm-none-eabi/13.3.1/thumb/v7e-m+fp/hard\libgcc.a(_dvmd_tls.o)
                0x08000d18                __aeabi_idiv0
                0x08000d18                __aeabi_ldiv0
 *(.text*)
 .text.main     0x08000d1c       0xdc ./Core/Src/main.o
                0x08000d1c                main
 .text.SystemClock_Config
                0x08000df8       0xdc ./Core/Src/main.o
                0x08000df8                SystemClock_Config
 .text.MX_I2C1_Init
                0x08000ed4       0x5c ./Core/Src/main.o
 .text.MX_TIM1_Init
                0x08000f30       0xa0 ./Core/Src/main.o
 .text.MX_TIM3_Init
                0x08000fd0       0xe8 ./Core/Src/main.o
 .text.MX_TIM4_Init
                0x080010b8       0xe8 ./Core/Src/main.o
 .text.MX_TIM6_Init
                0x080011a0       0x6c ./Core/Src/main.o
 .text.MX_TIM7_Init
                0x0800120c       0x6c ./Core/Src/main.o
 .text.MX_TIM8_Init
                0x08001278      0x13c ./Core/Src/main.o
 .text.MX_TIM9_Init
                0x080013b4       0x74 ./Core/Src/main.o
 .text.MX_TIM10_Init
                0x08001428       0x48 ./Core/Src/main.o
 .text.MX_TIM12_Init
                0x08001470       0xc0 ./Core/Src/main.o
 .text.MX_TIM13_Init
                0x08001530       0x94 ./Core/Src/main.o
 .text.MX_UART4_Init
                0x080015c4       0x54 ./Core/Src/main.o
 .text.MX_UART5_Init
                0x08001618       0x54 ./Core/Src/main.o
 .text.MX_USART1_UART_Init
                0x0800166c       0x54 ./Core/Src/main.o
 .text.MX_USART2_UART_Init
                0x080016c0       0x54 ./Core/Src/main.o
 .text.MX_USART3_UART_Init
                0x08001714       0x54 ./Core/Src/main.o
 .text.MX_USART6_UART_Init
                0x08001768       0x54 ./Core/Src/main.o
 .text.MX_GPIO_Init
                0x080017bc      0x1b4 ./Core/Src/main.o
 .text.Error_Handler
                0x08001970        0xc ./Core/Src/main.o
                0x08001970                Error_Handler
 .text.HAL_MspInit
                0x0800197c       0x50 ./Core/Src/stm32f4xx_hal_msp.o
                0x0800197c                HAL_MspInit
 .text.HAL_I2C_MspInit
                0x080019cc       0x90 ./Core/Src/stm32f4xx_hal_msp.o
                0x080019cc                HAL_I2C_MspInit
 .text.HAL_TIM_Base_MspInit
                0x08001a5c      0x29c ./Core/Src/stm32f4xx_hal_msp.o
                0x08001a5c                HAL_TIM_Base_MspInit
 .text.HAL_UART_MspInit
                0x08001cf8      0x32c ./Core/Src/stm32f4xx_hal_msp.o
                0x08001cf8                HAL_UART_MspInit
 .text.NMI_Handler
                0x08002024        0x8 ./Core/Src/stm32f4xx_it.o
                0x08002024                NMI_Handler
 .text.HardFault_Handler
                0x0800202c        0x8 ./Core/Src/stm32f4xx_it.o
                0x0800202c                HardFault_Handler
 .text.MemManage_Handler
                0x08002034        0x8 ./Core/Src/stm32f4xx_it.o
                0x08002034                MemManage_Handler
 .text.BusFault_Handler
                0x0800203c        0x8 ./Core/Src/stm32f4xx_it.o
                0x0800203c                BusFault_Handler
 .text.UsageFault_Handler
                0x08002044        0x8 ./Core/Src/stm32f4xx_it.o
                0x08002044                UsageFault_Handler
 .text.SVC_Handler
                0x0800204c        0xe ./Core/Src/stm32f4xx_it.o
                0x0800204c                SVC_Handler
 .text.DebugMon_Handler
                0x0800205a        0xe ./Core/Src/stm32f4xx_it.o
                0x0800205a                DebugMon_Handler
 .text.PendSV_Handler
                0x08002068        0xe ./Core/Src/stm32f4xx_it.o
                0x08002068                PendSV_Handler
 .text.SysTick_Handler
                0x08002076        0xc ./Core/Src/stm32f4xx_it.o
                0x08002076                SysTick_Handler
 *fill*         0x08002082        0x2 
 .text.TIM1_BRK_TIM9_IRQHandler
                0x08002084       0x1c ./Core/Src/stm32f4xx_it.o
                0x08002084                TIM1_BRK_TIM9_IRQHandler
 .text.TIM1_UP_TIM10_IRQHandler
                0x080020a0       0x1c ./Core/Src/stm32f4xx_it.o
                0x080020a0                TIM1_UP_TIM10_IRQHandler
 .text.TIM3_IRQHandler
                0x080020bc       0x14 ./Core/Src/stm32f4xx_it.o
                0x080020bc                TIM3_IRQHandler
 .text.TIM4_IRQHandler
                0x080020d0       0x14 ./Core/Src/stm32f4xx_it.o
                0x080020d0                TIM4_IRQHandler
 .text.EXTI15_10_IRQHandler
                0x080020e4       0x10 ./Core/Src/stm32f4xx_it.o
                0x080020e4                EXTI15_10_IRQHandler
 .text.TIM8_BRK_TIM12_IRQHandler
                0x080020f4       0x1c ./Core/Src/stm32f4xx_it.o
                0x080020f4                TIM8_BRK_TIM12_IRQHandler
 .text.TIM8_UP_TIM13_IRQHandler
                0x08002110       0x1c ./Core/Src/stm32f4xx_it.o
                0x08002110                TIM8_UP_TIM13_IRQHandler
 .text.TIM8_CC_IRQHandler
                0x0800212c       0x14 ./Core/Src/stm32f4xx_it.o
                0x0800212c                TIM8_CC_IRQHandler
 .text.TIM6_DAC_IRQHandler
                0x08002140       0x14 ./Core/Src/stm32f4xx_it.o
                0x08002140                TIM6_DAC_IRQHandler
 .text.TIM7_IRQHandler
                0x08002154       0x14 ./Core/Src/stm32f4xx_it.o
                0x08002154                TIM7_IRQHandler
 .text.SystemInit
                0x08002168       0x24 ./Core/Src/system_stm32f4xx.o
                0x08002168                SystemInit
 .text.tmc2209_setup
                0x0800218c       0x36 ./Core/Src/tmc2209.o
                0x0800218c                tmc2209_setup
 .text.map      0x080021c2       0x38 ./Core/Src/tmc2209.o
                0x080021c2                map
 .text.constrain
                0x080021fa       0x32 ./Core/Src/tmc2209.o
                0x080021fa                constrain
 .text.set_micro_steps_per_step
                0x0800222c       0x50 ./Core/Src/tmc2209.o
                0x0800222c                set_micro_steps_per_step
 .text.set_micro_steps_per_step_power_of_two
                0x0800227c       0xe8 ./Core/Src/tmc2209.o
                0x0800227c                set_micro_steps_per_step_power_of_two
 .text.set_all_current_percent_values
                0x08002364       0x94 ./Core/Src/tmc2209.o
                0x08002364                set_all_current_percent_values
 .text.enable_inverse_motor_direction
                0x080023f8       0x24 ./Core/Src/tmc2209.o
                0x080023f8                enable_inverse_motor_direction
 .text.disable_inverse_motor_direction
                0x0800241c       0x24 ./Core/Src/tmc2209.o
                0x0800241c                disable_inverse_motor_direction
 .text.enable_automatic_current_scaling
                0x08002440       0x24 ./Core/Src/tmc2209.o
                0x08002440                enable_automatic_current_scaling
 .text.enable_automatic_gradient_adaptation
                0x08002464       0x24 ./Core/Src/tmc2209.o
                0x08002464                enable_automatic_gradient_adaptation
 .text.enable_cool_step
                0x08002488       0x7a ./Core/Src/tmc2209.o
                0x08002488                enable_cool_step
 .text.get_stall_guard_result
                0x08002502       0x1c ./Core/Src/tmc2209.o
                0x08002502                get_stall_guard_result
 .text.tmc2209_initialize
                0x0800251e       0x44 ./Core/Src/tmc2209.o
                0x0800251e                tmc2209_initialize
 .text.set_operation_mode_to_serial
                0x08002562       0x5e ./Core/Src/tmc2209.o
                0x08002562                set_operation_mode_to_serial
 .text.set_registers_to_default
                0x080025c0      0x10c ./Core/Src/tmc2209.o
                0x080025c0                set_registers_to_default
 .text.minimize_motor_current
                0x080026cc       0x32 ./Core/Src/tmc2209.o
                0x080026cc                minimize_motor_current
 .text.reverse_data
                0x080026fe       0x54 ./Core/Src/tmc2209.o
                0x080026fe                reverse_data
 .text.calculate_crc_write
                0x08002752       0xc8 ./Core/Src/tmc2209.o
                0x08002752                calculate_crc_write
 .text.calculate_crc_read
                0x0800281a       0xb2 ./Core/Src/tmc2209.o
                0x0800281a                calculate_crc_read
 .text.percent_to_current_settings
                0x080028cc       0x3a ./Core/Src/tmc2209.o
                0x080028cc                percent_to_current_settings
 .text.percent_to_hold_delay_setting
                0x08002906       0x3a ./Core/Src/tmc2209.o
                0x08002906                percent_to_hold_delay_setting
 .text.write_stored_global_config
                0x08002940       0x1e ./Core/Src/tmc2209.o
                0x08002940                write_stored_global_config
 .text.write_stored_driver_current
                0x0800295e       0x64 ./Core/Src/tmc2209.o
                0x0800295e                write_stored_driver_current
 .text.write_stored_chopper_config
                0x080029c2       0x1e ./Core/Src/tmc2209.o
                0x080029c2                write_stored_chopper_config
 .text.write_stored_pwm_config
                0x080029e0       0x1e ./Core/Src/tmc2209.o
                0x080029e0                write_stored_pwm_config
 .text.tmc2209_set_uart
                0x080029fe       0x30 ./Core/Src/tmc2209_if.o
                0x080029fe                tmc2209_set_uart
 .text.tmc2209_set_hardware_enable_pin
                0x08002a2e       0x2e ./Core/Src/tmc2209_if.o
                0x08002a2e                tmc2209_set_hardware_enable_pin
 .text.tmc2209_enable
                0x08002a5c       0x3e ./Core/Src/tmc2209_if.o
                0x08002a5c                tmc2209_enable
 .text.tmc2209_disable
                0x08002a9a       0x34 ./Core/Src/tmc2209_if.o
                0x08002a9a                tmc2209_disable
 .text.tmc2209_write
                0x08002ace       0xbc ./Core/Src/tmc2209_if.o
                0x08002ace                tmc2209_write
 .text.tmc2209_read
                0x08002b8a      0x150 ./Core/Src/tmc2209_if.o
                0x08002b8a                tmc2209_read
 *fill*         0x08002cda        0x2 
 .text.toSteps  0x08002cdc       0x98 ./Core/Src/motor/motor_control.o
                0x08002cdc                toSteps
 .text.stopMotorMovement
                0x08002d74       0x28 ./Core/Src/motor/motor_control.o
 .text.trapezMove
                0x08002d9c       0xd8 ./Core/Src/motor/motor_control.o
 .text.HAL_TIM_OC_DelayElapsedCallback
                0x08002e74      0x180 ./Core/Src/motor/motor_control.o
                0x08002e74                HAL_TIM_OC_DelayElapsedCallback
 .text.HAL_TIM_PeriodElapsedCallback
                0x08002ff4       0x6c ./Core/Src/motor/motor_control.o
                0x08002ff4                HAL_TIM_PeriodElapsedCallback
 .text.HAL_GPIO_EXTI_Callback
                0x08003060       0x2c ./Core/Src/motor/motor_control.o
                0x08003060                HAL_GPIO_EXTI_Callback
 .text.moveDegrees
                0x0800308c       0xde ./Core/Src/motor/motor_control.o
                0x0800308c                moveDegrees
 *fill*         0x0800316a        0x2 
 .text.grip     0x0800316c       0xb8 ./Core/Src/motor/motor_control.o
                0x0800316c                grip
 .text.goHome   0x08003224      0x140 ./Core/Src/motor/motor_control.o
                0x08003224                goHome
 .text.initMovementVars
                0x08003364       0x34 ./Core/Src/motor/motor_control.o
                0x08003364                initMovementVars
 .text.startMovement
                0x08003398       0x3e ./Core/Src/motor/motor_control.o
                0x08003398                startMovement
 .text.startStatusChecks
                0x080033d6       0x2c ./Core/Src/motor/motor_control.o
                0x080033d6                startStatusChecks
 .text.checkStall
                0x08003402       0xee ./Core/Src/motor/motor_control.o
                0x08003402                checkStall
 .text.checkDriverStatus
                0x080034f0       0x3c ./Core/Src/motor/motor_control.o
                0x080034f0                checkDriverStatus
 .text.toggle_inverse_motor_direction
                0x0800352c       0x3c ./Core/Src/motor/motor_control.o
                0x0800352c                toggle_inverse_motor_direction
 .text.init_motor_1
                0x08003568      0x164 ./Core/Src/motor/motor_init.o
                0x08003568                init_motor_1
 .text.init_motor_2
                0x080036cc      0x19c ./Core/Src/motor/motor_init.o
                0x080036cc                init_motor_2
 .text.init_motor_3
                0x08003868      0x178 ./Core/Src/motor/motor_init.o
                0x08003868                init_motor_3
 .text.init_motor_4
                0x080039e0      0x168 ./Core/Src/motor/motor_init.o
                0x080039e0                init_motor_4
 .text.init_motor_5
                0x08003b48      0x164 ./Core/Src/motor/motor_init.o
                0x08003b48                init_motor_5
 .text.initializeDefaults
                0x08003cac       0x72 ./Core/Src/motor/motor_init.o
                0x08003cac                initializeDefaults
 *fill*         0x08003d1e        0x2 
 .text.Reset_Handler
                0x08003d20       0x50 ./Core/Startup/startup_stm32f446retx.o
                0x08003d20                Reset_Handler
 .text.Default_Handler
                0x08003d70        0x2 ./Core/Startup/startup_stm32f446retx.o
                0x08003d70                RTC_Alarm_IRQHandler
                0x08003d70                EXTI2_IRQHandler
                0x08003d70                FMPI2C1_EV_IRQHandler
                0x08003d70                SPI4_IRQHandler
                0x08003d70                TIM1_CC_IRQHandler
                0x08003d70                DMA2_Stream5_IRQHandler
                0x08003d70                DMA1_Stream5_IRQHandler
                0x08003d70                PVD_IRQHandler
                0x08003d70                SDIO_IRQHandler
                0x08003d70                TAMP_STAMP_IRQHandler
                0x08003d70                CAN2_RX1_IRQHandler
                0x08003d70                EXTI3_IRQHandler
                0x08003d70                TIM8_TRG_COM_TIM14_IRQHandler
                0x08003d70                I2C3_ER_IRQHandler
                0x08003d70                EXTI0_IRQHandler
                0x08003d70                I2C2_EV_IRQHandler
                0x08003d70                DMA1_Stream2_IRQHandler
                0x08003d70                CAN1_RX0_IRQHandler
                0x08003d70                FPU_IRQHandler
                0x08003d70                OTG_HS_WKUP_IRQHandler
                0x08003d70                CAN2_SCE_IRQHandler
                0x08003d70                DMA2_Stream2_IRQHandler
                0x08003d70                SPI1_IRQHandler
                0x08003d70                DCMI_IRQHandler
                0x08003d70                CAN2_RX0_IRQHandler
                0x08003d70                DMA2_Stream3_IRQHandler
                0x08003d70                SAI2_IRQHandler
                0x08003d70                USART6_IRQHandler
                0x08003d70                USART3_IRQHandler
                0x08003d70                CAN1_RX1_IRQHandler
                0x08003d70                UART5_IRQHandler
                0x08003d70                DMA2_Stream0_IRQHandler
                0x08003d70                QUADSPI_IRQHandler
                0x08003d70                I2C1_EV_IRQHandler
                0x08003d70                DMA1_Stream6_IRQHandler
                0x08003d70                DMA1_Stream1_IRQHandler
                0x08003d70                UART4_IRQHandler
                0x08003d70                RCC_IRQHandler
                0x08003d70                Default_Handler
                0x08003d70                CEC_IRQHandler
                0x08003d70                ADC_IRQHandler
                0x08003d70                DMA1_Stream7_IRQHandler
                0x08003d70                CAN2_TX_IRQHandler
                0x08003d70                TIM5_IRQHandler
                0x08003d70                DMA2_Stream7_IRQHandler
                0x08003d70                I2C3_EV_IRQHandler
                0x08003d70                EXTI9_5_IRQHandler
                0x08003d70                RTC_WKUP_IRQHandler
                0x08003d70                SPDIF_RX_IRQHandler
                0x08003d70                SPI2_IRQHandler
                0x08003d70                OTG_HS_EP1_IN_IRQHandler
                0x08003d70                DMA1_Stream0_IRQHandler
                0x08003d70                CAN1_TX_IRQHandler
                0x08003d70                FMPI2C1_ER_IRQHandler
                0x08003d70                EXTI4_IRQHandler
                0x08003d70                OTG_HS_EP1_OUT_IRQHandler
                0x08003d70                WWDG_IRQHandler
                0x08003d70                TIM2_IRQHandler
                0x08003d70                OTG_FS_WKUP_IRQHandler
                0x08003d70                TIM1_TRG_COM_TIM11_IRQHandler
                0x08003d70                OTG_HS_IRQHandler
                0x08003d70                EXTI1_IRQHandler
                0x08003d70                USART2_IRQHandler
                0x08003d70                I2C2_ER_IRQHandler
                0x08003d70                DMA2_Stream1_IRQHandler
                0x08003d70                CAN1_SCE_IRQHandler
                0x08003d70                FLASH_IRQHandler
                0x08003d70                DMA2_Stream4_IRQHandler
                0x08003d70                USART1_IRQHandler
                0x08003d70                OTG_FS_IRQHandler
                0x08003d70                SPI3_IRQHandler
                0x08003d70                DMA1_Stream4_IRQHandler
                0x08003d70                I2C1_ER_IRQHandler
                0x08003d70                FMC_IRQHandler
                0x08003d70                DMA2_Stream6_IRQHandler
                0x08003d70                SAI1_IRQHandler
                0x08003d70                DMA1_Stream3_IRQHandler
 *fill*         0x08003d72        0x2 
 .text.HAL_Init
                0x08003d74       0x44 ./Drivers/STM32F4xx_HAL_Driver/Src/stm32f4xx_hal.o
                0x08003d74                HAL_Init
 .text.HAL_InitTick
                0x08003db8       0x60 ./Drivers/STM32F4xx_HAL_Driver/Src/stm32f4xx_hal.o
                0x08003db8                HAL_InitTick
 .text.HAL_IncTick
                0x08003e18       0x28 ./Drivers/STM32F4xx_HAL_Driver/Src/stm32f4xx_hal.o
                0x08003e18                HAL_IncTick
 .text.HAL_GetTick
                0x08003e40       0x18 ./Drivers/STM32F4xx_HAL_Driver/Src/stm32f4xx_hal.o
                0x08003e40                HAL_GetTick
 .text.__NVIC_SetPriorityGrouping
                0x08003e58       0x48 ./Drivers/STM32F4xx_HAL_Driver/Src/stm32f4xx_hal_cortex.o
 .text.__NVIC_GetPriorityGrouping
                0x08003ea0       0x1c ./Drivers/STM32F4xx_HAL_Driver/Src/stm32f4xx_hal_cortex.o
 .text.__NVIC_EnableIRQ
                0x08003ebc       0x3c ./Drivers/STM32F4xx_HAL_Driver/Src/stm32f4xx_hal_cortex.o
 .text.__NVIC_SetPriority
                0x08003ef8       0x54 ./Drivers/STM32F4xx_HAL_Driver/Src/stm32f4xx_hal_cortex.o
 .text.NVIC_EncodePriority
                0x08003f4c       0x66 ./Drivers/STM32F4xx_HAL_Driver/Src/stm32f4xx_hal_cortex.o
 *fill*         0x08003fb2        0x2 
 .text.SysTick_Config
                0x08003fb4       0x44 ./Drivers/STM32F4xx_HAL_Driver/Src/stm32f4xx_hal_cortex.o
 .text.HAL_NVIC_SetPriorityGrouping
                0x08003ff8       0x16 ./Drivers/STM32F4xx_HAL_Driver/Src/stm32f4xx_hal_cortex.o
                0x08003ff8                HAL_NVIC_SetPriorityGrouping
 .text.HAL_NVIC_SetPriority
                0x0800400e       0x38 ./Drivers/STM32F4xx_HAL_Driver/Src/stm32f4xx_hal_cortex.o
                0x0800400e                HAL_NVIC_SetPriority
 .text.HAL_NVIC_EnableIRQ
                0x08004046       0x1c ./Drivers/STM32F4xx_HAL_Driver/Src/stm32f4xx_hal_cortex.o
                0x08004046                HAL_NVIC_EnableIRQ
 .text.HAL_SYSTICK_Config
                0x08004062       0x18 ./Drivers/STM32F4xx_HAL_Driver/Src/stm32f4xx_hal_cortex.o
                0x08004062                HAL_SYSTICK_Config
 *fill*         0x0800407a        0x2 
 .text.HAL_GPIO_Init
                0x0800407c      0x328 ./Drivers/STM32F4xx_HAL_Driver/Src/stm32f4xx_hal_gpio.o
                0x0800407c                HAL_GPIO_Init
 .text.HAL_GPIO_ReadPin
                0x080043a4       0x30 ./Drivers/STM32F4xx_HAL_Driver/Src/stm32f4xx_hal_gpio.o
                0x080043a4                HAL_GPIO_ReadPin
 .text.HAL_GPIO_WritePin
                0x080043d4       0x32 ./Drivers/STM32F4xx_HAL_Driver/Src/stm32f4xx_hal_gpio.o
                0x080043d4                HAL_GPIO_WritePin
 .text.HAL_GPIO_TogglePin
                0x08004406       0x34 ./Drivers/STM32F4xx_HAL_Driver/Src/stm32f4xx_hal_gpio.o
                0x08004406                HAL_GPIO_TogglePin
 *fill*         0x0800443a        0x2 
 .text.HAL_GPIO_EXTI_IRQHandler
                0x0800443c       0x30 ./Drivers/STM32F4xx_HAL_Driver/Src/stm32f4xx_hal_gpio.o
                0x0800443c                HAL_GPIO_EXTI_IRQHandler
 .text.HAL_I2C_Init
                0x0800446c      0x288 ./Drivers/STM32F4xx_HAL_Driver/Src/stm32f4xx_hal_i2c.o
                0x0800446c                HAL_I2C_Init
 .text.HAL_RCC_ClockConfig
                0x080046f4      0x1cc ./Drivers/STM32F4xx_HAL_Driver/Src/stm32f4xx_hal_rcc.o
                0x080046f4                HAL_RCC_ClockConfig
 .text.HAL_RCC_GetHCLKFreq
                0x080048c0       0x18 ./Drivers/STM32F4xx_HAL_Driver/Src/stm32f4xx_hal_rcc.o
                0x080048c0                HAL_RCC_GetHCLKFreq
 .text.HAL_RCC_GetPCLK1Freq
                0x080048d8       0x28 ./Drivers/STM32F4xx_HAL_Driver/Src/stm32f4xx_hal_rcc.o
                0x080048d8                HAL_RCC_GetPCLK1Freq
 .text.HAL_RCC_GetPCLK2Freq
                0x08004900       0x28 ./Drivers/STM32F4xx_HAL_Driver/Src/stm32f4xx_hal_rcc.o
                0x08004900                HAL_RCC_GetPCLK2Freq
 .text.HAL_RCC_GetSysClockFreq
                0x08004928      0x460 ./Drivers/STM32F4xx_HAL_Driver/Src/stm32f4xx_hal_rcc_ex.o
                0x08004928                HAL_RCC_GetSysClockFreq
 .text.HAL_RCC_OscConfig
                0x08004d88      0x53c ./Drivers/STM32F4xx_HAL_Driver/Src/stm32f4xx_hal_rcc_ex.o
                0x08004d88                HAL_RCC_OscConfig
 .text.HAL_TIM_Base_Init
                0x080052c4       0x9e ./Drivers/STM32F4xx_HAL_Driver/Src/stm32f4xx_hal_tim.o
                0x080052c4                HAL_TIM_Base_Init
 *fill*         0x08005362        0x2 
 .text.HAL_TIM_Base_Start_IT
                0x08005364       0xe0 ./Drivers/STM32F4xx_HAL_Driver/Src/stm32f4xx_hal_tim.o
                0x08005364                HAL_TIM_Base_Start_IT
 .text.HAL_TIM_Base_Stop_IT
                0x08005444       0x5e ./Drivers/STM32F4xx_HAL_Driver/Src/stm32f4xx_hal_tim.o
                0x08005444                HAL_TIM_Base_Stop_IT
 .text.HAL_TIM_OC_Init
                0x080054a2       0x9e ./Drivers/STM32F4xx_HAL_Driver/Src/stm32f4xx_hal_tim.o
                0x080054a2                HAL_TIM_OC_Init
 .text.HAL_TIM_OC_MspInit
                0x08005540       0x14 ./Drivers/STM32F4xx_HAL_Driver/Src/stm32f4xx_hal_tim.o
                0x08005540                HAL_TIM_OC_MspInit
 .text.HAL_TIM_OC_Start_IT
                0x08005554      0x22c ./Drivers/STM32F4xx_HAL_Driver/Src/stm32f4xx_hal_tim.o
                0x08005554                HAL_TIM_OC_Start_IT
 .text.HAL_TIM_OC_Stop_IT
                0x08005780      0x17c ./Drivers/STM32F4xx_HAL_Driver/Src/stm32f4xx_hal_tim.o
                0x08005780                HAL_TIM_OC_Stop_IT
 .text.HAL_TIM_IRQHandler
                0x080058fc      0x1e0 ./Drivers/STM32F4xx_HAL_Driver/Src/stm32f4xx_hal_tim.o
                0x080058fc                HAL_TIM_IRQHandler
 .text.HAL_TIM_OC_ConfigChannel
                0x08005adc       0xb8 ./Drivers/STM32F4xx_HAL_Driver/Src/stm32f4xx_hal_tim.o
                0x08005adc                HAL_TIM_OC_ConfigChannel
 .text.HAL_TIM_ConfigClockSource
                0x08005b94      0x18e ./Drivers/STM32F4xx_HAL_Driver/Src/stm32f4xx_hal_tim.o
                0x08005b94                HAL_TIM_ConfigClockSource
 .text.HAL_TIM_IC_CaptureCallback
                0x08005d22       0x14 ./Drivers/STM32F4xx_HAL_Driver/Src/stm32f4xx_hal_tim.o
                0x08005d22                HAL_TIM_IC_CaptureCallback
 .text.HAL_TIM_PWM_PulseFinishedCallback
                0x08005d36       0x14 ./Drivers/STM32F4xx_HAL_Driver/Src/stm32f4xx_hal_tim.o
                0x08005d36                HAL_TIM_PWM_PulseFinishedCallback
 .text.HAL_TIM_TriggerCallback
                0x08005d4a       0x14 ./Drivers/STM32F4xx_HAL_Driver/Src/stm32f4xx_hal_tim.o
                0x08005d4a                HAL_TIM_TriggerCallback
 *fill*         0x08005d5e        0x2 
 .text.TIM_Base_SetConfig
                0x08005d60      0x14c ./Drivers/STM32F4xx_HAL_Driver/Src/stm32f4xx_hal_tim.o
                0x08005d60                TIM_Base_SetConfig
 .text.TIM_OC1_SetConfig
                0x08005eac       0xe0 ./Drivers/STM32F4xx_HAL_Driver/Src/stm32f4xx_hal_tim.o
 .text.TIM_OC2_SetConfig
                0x08005f8c       0xec ./Drivers/STM32F4xx_HAL_Driver/Src/stm32f4xx_hal_tim.o
                0x08005f8c                TIM_OC2_SetConfig
 .text.TIM_OC3_SetConfig
                0x08006078       0xe8 ./Drivers/STM32F4xx_HAL_Driver/Src/stm32f4xx_hal_tim.o
 .text.TIM_OC4_SetConfig
                0x08006160       0xac ./Drivers/STM32F4xx_HAL_Driver/Src/stm32f4xx_hal_tim.o
 .text.TIM_TI1_ConfigInputStage
                0x0800620c       0x5e ./Drivers/STM32F4xx_HAL_Driver/Src/stm32f4xx_hal_tim.o
 .text.TIM_TI2_ConfigInputStage
                0x0800626a       0x60 ./Drivers/STM32F4xx_HAL_Driver/Src/stm32f4xx_hal_tim.o
 .text.TIM_ITRx_SetConfig
                0x080062ca       0x36 ./Drivers/STM32F4xx_HAL_Driver/Src/stm32f4xx_hal_tim.o
 .text.TIM_ETR_SetConfig
                0x08006300       0x40 ./Drivers/STM32F4xx_HAL_Driver/Src/stm32f4xx_hal_tim.o
                0x08006300                TIM_ETR_SetConfig
 .text.TIM_CCxChannelCmd
                0x08006340       0x4a ./Drivers/STM32F4xx_HAL_Driver/Src/stm32f4xx_hal_tim.o
                0x08006340                TIM_CCxChannelCmd
 *fill*         0x0800638a        0x2 
 .text.HAL_TIMEx_MasterConfigSynchronization
                0x0800638c       0xf8 ./Drivers/STM32F4xx_HAL_Driver/Src/stm32f4xx_hal_tim_ex.o
                0x0800638c                HAL_TIMEx_MasterConfigSynchronization
 .text.HAL_TIMEx_ConfigBreakDeadTime
                0x08006484       0xa4 ./Drivers/STM32F4xx_HAL_Driver/Src/stm32f4xx_hal_tim_ex.o
                0x08006484                HAL_TIMEx_ConfigBreakDeadTime
 .text.HAL_TIMEx_CommutCallback
                0x08006528       0x14 ./Drivers/STM32F4xx_HAL_Driver/Src/stm32f4xx_hal_tim_ex.o
                0x08006528                HAL_TIMEx_CommutCallback
 .text.HAL_TIMEx_BreakCallback
                0x0800653c       0x14 ./Drivers/STM32F4xx_HAL_Driver/Src/stm32f4xx_hal_tim_ex.o
                0x0800653c                HAL_TIMEx_BreakCallback
 .text.HAL_UART_Init
                0x08006550       0xa0 ./Drivers/STM32F4xx_HAL_Driver/Src/stm32f4xx_hal_uart.o
                0x08006550                HAL_UART_Init
 .text.HAL_UART_Transmit
                0x080065f0      0x116 ./Drivers/STM32F4xx_HAL_Driver/Src/stm32f4xx_hal_uart.o
                0x080065f0                HAL_UART_Transmit
 .text.HAL_UART_Receive
                0x08006706      0x12e ./Drivers/STM32F4xx_HAL_Driver/Src/stm32f4xx_hal_uart.o
                0x08006706                HAL_UART_Receive
 .text.UART_WaitOnFlagUntilTimeout
                0x08006834       0xb2 ./Drivers/STM32F4xx_HAL_Driver/Src/stm32f4xx_hal_uart.o
 .text.UART_EndRxTransfer
                0x080068e6       0xc6 ./Drivers/STM32F4xx_HAL_Driver/Src/stm32f4xx_hal_uart.o
 .text.UART_SetConfig
                0x080069ac      0x4e8 ./Drivers/STM32F4xx_HAL_Driver/Src/stm32f4xx_hal_uart.o
 .text.sqrtf    0x08006e94       0x3c C:/Program Files/STM32CubeIDE_1.18.1/STM32CubeIDE/plugins/com.st.stm32cube.ide.mcu.externaltools.gnu-tools-for-stm32.13.3.rel1.win32_1.0.0.202411081344/tools/bin/../lib/gcc/arm-none-eabi/13.3.1/../../../../arm-none-eabi/lib/thumb/v7e-m+fp/hard\libm.a(libm_a-wf_sqrt.o)
                0x08006e94                sqrtf
 .text.__ieee754_sqrtf
                0x08006ed0        0x6 C:/Program Files/STM32CubeIDE_1.18.1/STM32CubeIDE/plugins/com.st.stm32cube.ide.mcu.externaltools.gnu-tools-for-stm32.13.3.rel1.win32_1.0.0.202411081344/tools/bin/../lib/gcc/arm-none-eabi/13.3.1/../../../../arm-none-eabi/lib/thumb/v7e-m+fp/hard\libm.a(libm_a-ef_sqrt.o)
                0x08006ed0                __ieee754_sqrtf
 .text.memset   0x08006ed6       0x10 C:/Program Files/STM32CubeIDE_1.18.1/STM32CubeIDE/plugins/com.st.stm32cube.ide.mcu.externaltools.gnu-tools-for-stm32.13.3.rel1.win32_1.0.0.202411081344/tools/bin/../lib/gcc/arm-none-eabi/13.3.1/../../../../arm-none-eabi/lib/thumb/v7e-m+fp/hard\libc_nano.a(libc_a-memset.o)
                0x08006ed6                memset
 *fill*         0x08006ee6        0x2 
 .text.__errno  0x08006ee8        0xc C:/Program Files/STM32CubeIDE_1.18.1/STM32CubeIDE/plugins/com.st.stm32cube.ide.mcu.externaltools.gnu-tools-for-stm32.13.3.rel1.win32_1.0.0.202411081344/tools/bin/../lib/gcc/arm-none-eabi/13.3.1/../../../../arm-none-eabi/lib/thumb/v7e-m+fp/hard\libc_nano.a(libc_a-errno.o)
                0x08006ee8                __errno
 .text.__libc_init_array
                0x08006ef4       0x48 C:/Program Files/STM32CubeIDE_1.18.1/STM32CubeIDE/plugins/com.st.stm32cube.ide.mcu.externaltools.gnu-tools-for-stm32.13.3.rel1.win32_1.0.0.202411081344/tools/bin/../lib/gcc/arm-none-eabi/13.3.1/../../../../arm-none-eabi/lib/thumb/v7e-m+fp/hard\libc_nano.a(libc_a-init.o)
                0x08006ef4                __libc_init_array
 .text.memcpy   0x08006f3c       0x1c C:/Program Files/STM32CubeIDE_1.18.1/STM32CubeIDE/plugins/com.st.stm32cube.ide.mcu.externaltools.gnu-tools-for-stm32.13.3.rel1.win32_1.0.0.202411081344/tools/bin/../lib/gcc/arm-none-eabi/13.3.1/../../../../arm-none-eabi/lib/thumb/v7e-m+fp/hard\libc_nano.a(libc_a-memcpy-stub.o)
                0x08006f3c                memcpy
 *(.glue_7)
 .glue_7        0x08006f58        0x0 linker stubs
 *(.glue_7t)
 .glue_7t       0x08006f58        0x0 linker stubs
 *(.eh_frame)
 .eh_frame      0x08006f58        0x0 C:/Program Files/STM32CubeIDE_1.18.1/STM32CubeIDE/plugins/com.st.stm32cube.ide.mcu.externaltools.gnu-tools-for-stm32.13.3.rel1.win32_1.0.0.202411081344/tools/bin/../lib/gcc/arm-none-eabi/13.3.1/thumb/v7e-m+fp/hard/crtbegin.o
 *(.init)
 .init          0x08006f58        0x4 C:/Program Files/STM32CubeIDE_1.18.1/STM32CubeIDE/plugins/com.st.stm32cube.ide.mcu.externaltools.gnu-tools-for-stm32.13.3.rel1.win32_1.0.0.202411081344/tools/bin/../lib/gcc/arm-none-eabi/13.3.1/thumb/v7e-m+fp/hard/crti.o
                0x08006f58                _init
 .init          0x08006f5c        0x8 C:/Program Files/STM32CubeIDE_1.18.1/STM32CubeIDE/plugins/com.st.stm32cube.ide.mcu.externaltools.gnu-tools-for-stm32.13.3.rel1.win32_1.0.0.202411081344/tools/bin/../lib/gcc/arm-none-eabi/13.3.1/thumb/v7e-m+fp/hard/crtn.o
 *(.fini)
 .fini          0x08006f64        0x4 C:/Program Files/STM32CubeIDE_1.18.1/STM32CubeIDE/plugins/com.st.stm32cube.ide.mcu.externaltools.gnu-tools-for-stm32.13.3.rel1.win32_1.0.0.202411081344/tools/bin/../lib/gcc/arm-none-eabi/13.3.1/thumb/v7e-m+fp/hard/crti.o
                0x08006f64                _fini
 .fini          0x08006f68        0x8 C:/Program Files/STM32CubeIDE_1.18.1/STM32CubeIDE/plugins/com.st.stm32cube.ide.mcu.externaltools.gnu-tools-for-stm32.13.3.rel1.win32_1.0.0.202411081344/tools/bin/../lib/gcc/arm-none-eabi/13.3.1/thumb/v7e-m+fp/hard/crtn.o
                0x08006f70                        . = ALIGN (0x4)
                0x08006f70                        _etext = .

.vfp11_veneer   0x08006f70        0x0
 .vfp11_veneer  0x08006f70        0x0 linker stubs

.v4_bx          0x08006f70        0x0
 .v4_bx         0x08006f70        0x0 linker stubs

.iplt           0x08006f70        0x0
 .iplt          0x08006f70        0x0 C:/Program Files/STM32CubeIDE_1.18.1/STM32CubeIDE/plugins/com.st.stm32cube.ide.mcu.externaltools.gnu-tools-for-stm32.13.3.rel1.win32_1.0.0.202411081344/tools/bin/../lib/gcc/arm-none-eabi/13.3.1/thumb/v7e-m+fp/hard/crtbegin.o

.rodata         0x08006f70       0x18
                0x08006f70                        . = ALIGN (0x4)
 *(.rodata)
 *(.rodata*)
 .rodata.AHBPrescTable
                0x08006f70       0x10 ./Core/Src/system_stm32f4xx.o
                0x08006f70                AHBPrescTable
 .rodata.APBPrescTable
                0x08006f80        0x8 ./Core/Src/system_stm32f4xx.o
                0x08006f80                APBPrescTable
                0x08006f88                        . = ALIGN (0x4)

.ARM.extab      0x08006f88        0x0
                0x08006f88                        . = ALIGN (0x4)
 *(.ARM.extab* .gnu.linkonce.armextab.*)
                0x08006f88                        . = ALIGN (0x4)

.ARM            0x08006f88        0x8
                0x08006f88                        . = ALIGN (0x4)
                0x08006f88                        __exidx_start = .
 *(.ARM.exidx*)
 .ARM.exidx     0x08006f88        0x8 C:/Program Files/STM32CubeIDE_1.18.1/STM32CubeIDE/plugins/com.st.stm32cube.ide.mcu.externaltools.gnu-tools-for-stm32.13.3.rel1.win32_1.0.0.202411081344/tools/bin/../lib/gcc/arm-none-eabi/13.3.1/thumb/v7e-m+fp/hard\libgcc.a(_udivmoddi4.o)
                0x08006f90                        __exidx_end = .
                0x08006f90                        . = ALIGN (0x4)

.preinit_array  0x08006f90        0x0
                0x08006f90                        . = ALIGN (0x4)
                0x08006f90                        PROVIDE (__preinit_array_start = .)
 *(.preinit_array*)
                0x08006f90                        PROVIDE (__preinit_array_end = .)
                0x08006f90                        . = ALIGN (0x4)

.init_array     0x08006f90        0x4
                0x08006f90                        . = ALIGN (0x4)
                0x08006f90                        PROVIDE (__init_array_start = .)
 *(SORT_BY_NAME(.init_array.*))
 *(.init_array*)
 .init_array    0x08006f90        0x4 C:/Program Files/STM32CubeIDE_1.18.1/STM32CubeIDE/plugins/com.st.stm32cube.ide.mcu.externaltools.gnu-tools-for-stm32.13.3.rel1.win32_1.0.0.202411081344/tools/bin/../lib/gcc/arm-none-eabi/13.3.1/thumb/v7e-m+fp/hard/crtbegin.o
                0x08006f94                        PROVIDE (__init_array_end = .)
                0x08006f94                        . = ALIGN (0x4)

.fini_array     0x08006f94        0x4
                0x08006f94                        . = ALIGN (0x4)
                [!provide]                        PROVIDE (__fini_array_start = .)
 *(SORT_BY_NAME(.fini_array.*))
 *(.fini_array*)
 .fini_array    0x08006f94        0x4 C:/Program Files/STM32CubeIDE_1.18.1/STM32CubeIDE/plugins/com.st.stm32cube.ide.mcu.externaltools.gnu-tools-for-stm32.13.3.rel1.win32_1.0.0.202411081344/tools/bin/../lib/gcc/arm-none-eabi/13.3.1/thumb/v7e-m+fp/hard/crtbegin.o
                [!provide]                        PROVIDE (__fini_array_end = .)
                0x08006f98                        . = ALIGN (0x4)
                0x08006f98                        _sidata = LOADADDR (.data)

.rel.dyn        0x08006f98        0x0
 .rel.iplt      0x08006f98        0x0 C:/Program Files/STM32CubeIDE_1.18.1/STM32CubeIDE/plugins/com.st.stm32cube.ide.mcu.externaltools.gnu-tools-for-stm32.13.3.rel1.win32_1.0.0.202411081344/tools/bin/../lib/gcc/arm-none-eabi/13.3.1/thumb/v7e-m+fp/hard/crtbegin.o

.data           0x20000000       0x5c load address 0x08006f98
                0x20000000                        . = ALIGN (0x4)
                0x20000000                        _sdata = .
 *(.data)
 *(.data*)
 .data.SystemCoreClock
                0x20000000        0x4 ./Core/Src/system_stm32f4xx.o
                0x20000000                SystemCoreClock
 .data.uwTickPrio
                0x20000004        0x4 ./Drivers/STM32F4xx_HAL_Driver/Src/stm32f4xx_hal.o
                0x20000004                uwTickPrio
 .data.uwTickFreq
                0x20000008        0x1 ./Drivers/STM32F4xx_HAL_Driver/Src/stm32f4xx_hal.o
                0x20000008                uwTickFreq
 *fill*         0x20000009        0x3 
 .data._impure_ptr
                0x2000000c        0x4 C:/Program Files/STM32CubeIDE_1.18.1/STM32CubeIDE/plugins/com.st.stm32cube.ide.mcu.externaltools.gnu-tools-for-stm32.13.3.rel1.win32_1.0.0.202411081344/tools/bin/../lib/gcc/arm-none-eabi/13.3.1/../../../../arm-none-eabi/lib/thumb/v7e-m+fp/hard\libc_nano.a(libc_a-impure.o)
                0x2000000c                _impure_ptr
 .data._impure_data
                0x20000010       0x4c C:/Program Files/STM32CubeIDE_1.18.1/STM32CubeIDE/plugins/com.st.stm32cube.ide.mcu.externaltools.gnu-tools-for-stm32.13.3.rel1.win32_1.0.0.202411081344/tools/bin/../lib/gcc/arm-none-eabi/13.3.1/../../../../arm-none-eabi/lib/thumb/v7e-m+fp/hard\libc_nano.a(libc_a-impure.o)
                0x20000010                _impure_data
 *(.RamFunc)
 *(.RamFunc*)
                0x2000005c                        . = ALIGN (0x4)
                0x2000005c                        _edata = .

.igot.plt       0x2000005c        0x0 load address 0x08006ff4
 .igot.plt      0x2000005c        0x0 C:/Program Files/STM32CubeIDE_1.18.1/STM32CubeIDE/plugins/com.st.stm32cube.ide.mcu.externaltools.gnu-tools-for-stm32.13.3.rel1.win32_1.0.0.202411081344/tools/bin/../lib/gcc/arm-none-eabi/13.3.1/thumb/v7e-m+fp/hard/crtbegin.o
                0x2000005c                        . = ALIGN (0x4)

.bss            0x2000005c      0x640 load address 0x08006ff4
                0x2000005c                        _sbss = .
                0x2000005c                        __bss_start__ = _sbss
 *(.bss)
 .bss           0x2000005c       0x1c C:/Program Files/STM32CubeIDE_1.18.1/STM32CubeIDE/plugins/com.st.stm32cube.ide.mcu.externaltools.gnu-tools-for-stm32.13.3.rel1.win32_1.0.0.202411081344/tools/bin/../lib/gcc/arm-none-eabi/13.3.1/thumb/v7e-m+fp/hard/crtbegin.o
 *(.bss*)
 .bss.hi2c1     0x20000078       0x54 ./Core/Src/main.o
                0x20000078                hi2c1
 .bss.htim1     0x200000cc       0x48 ./Core/Src/main.o
                0x200000cc                htim1
 .bss.htim3     0x20000114       0x48 ./Core/Src/main.o
                0x20000114                htim3
 .bss.htim4     0x2000015c       0x48 ./Core/Src/main.o
                0x2000015c                htim4
 .bss.htim6     0x200001a4       0x48 ./Core/Src/main.o
                0x200001a4                htim6
 .bss.htim7     0x200001ec       0x48 ./Core/Src/main.o
                0x200001ec                htim7
 .bss.htim8     0x20000234       0x48 ./Core/Src/main.o
                0x20000234                htim8
 .bss.htim9     0x2000027c       0x48 ./Core/Src/main.o
                0x2000027c                htim9
 .bss.htim10    0x200002c4       0x48 ./Core/Src/main.o
                0x200002c4                htim10
 .bss.htim12    0x2000030c       0x48 ./Core/Src/main.o
                0x2000030c                htim12
 .bss.htim13    0x20000354       0x48 ./Core/Src/main.o
                0x20000354                htim13
 .bss.huart4    0x2000039c       0x48 ./Core/Src/main.o
                0x2000039c                huart4
 .bss.huart5    0x200003e4       0x48 ./Core/Src/main.o
                0x200003e4                huart5
 .bss.huart1    0x2000042c       0x48 ./Core/Src/main.o
                0x2000042c                huart1
 .bss.huart2    0x20000474       0x48 ./Core/Src/main.o
                0x20000474                huart2
 .bss.huart3    0x200004bc       0x48 ./Core/Src/main.o
                0x200004bc                huart3
 .bss.huart6    0x20000504       0x48 ./Core/Src/main.o
                0x20000504                huart6
 .bss.motors    0x2000054c       0x14 ./Core/Src/main.o
                0x2000054c                motors
 .bss.uwTick    0x20000560        0x4 ./Drivers/STM32F4xx_HAL_Driver/Src/stm32f4xx_hal.o
                0x20000560                uwTick
 .bss.__sf      0x20000564      0x138 C:/Program Files/STM32CubeIDE_1.18.1/STM32CubeIDE/plugins/com.st.stm32cube.ide.mcu.externaltools.gnu-tools-for-stm32.13.3.rel1.win32_1.0.0.202411081344/tools/bin/../lib/gcc/arm-none-eabi/13.3.1/../../../../arm-none-eabi/lib/thumb/v7e-m+fp/hard\libc_nano.a(libc_a-findfp.o)
                0x20000564                __sf
 *(COMMON)
                0x2000069c                        . = ALIGN (0x4)
                0x2000069c                        _ebss = .
                0x2000069c                        __bss_end__ = _ebss

._user_heap_stack
                0x2000069c      0x604 load address 0x08006ff4
                0x200006a0                        . = ALIGN (0x8)
 *fill*         0x2000069c        0x4 
                [!provide]                        PROVIDE (end = .)
                0x200006a0                        PROVIDE (_end = .)
                0x200008a0                        . = (. + _Min_Heap_Size)
 *fill*         0x200006a0      0x200 
                0x20000ca0                        . = (. + _Min_Stack_Size)
 *fill*         0x200008a0      0x400 
                0x20000ca0                        . = ALIGN (0x8)

/DISCARD/
 libc.a(*)
 libm.a(*)
 libgcc.a(*)

.ARM.attributes
                0x00000000       0x30
 *(.ARM.attributes)
 .ARM.attributes
                0x00000000       0x22 C:/Program Files/STM32CubeIDE_1.18.1/STM32CubeIDE/plugins/com.st.stm32cube.ide.mcu.externaltools.gnu-tools-for-stm32.13.3.rel1.win32_1.0.0.202411081344/tools/bin/../lib/gcc/arm-none-eabi/13.3.1/thumb/v7e-m+fp/hard/crti.o
 .ARM.attributes
                0x00000022       0x34 C:/Program Files/STM32CubeIDE_1.18.1/STM32CubeIDE/plugins/com.st.stm32cube.ide.mcu.externaltools.gnu-tools-for-stm32.13.3.rel1.win32_1.0.0.202411081344/tools/bin/../lib/gcc/arm-none-eabi/13.3.1/thumb/v7e-m+fp/hard/crtbegin.o
 .ARM.attributes
                0x00000056       0x34 ./Core/Src/main.o
 .ARM.attributes
                0x0000008a       0x34 ./Core/Src/stm32f4xx_hal_msp.o
 .ARM.attributes
                0x000000be       0x34 ./Core/Src/stm32f4xx_it.o
 .ARM.attributes
                0x000000f2       0x34 ./Core/Src/system_stm32f4xx.o
 .ARM.attributes
                0x00000126       0x34 ./Core/Src/tmc2209.o
 .ARM.attributes
                0x0000015a       0x34 ./Core/Src/tmc2209_if.o
 .ARM.attributes
                0x0000018e       0x34 ./Core/Src/motor/motor_control.o
 .ARM.attributes
                0x000001c2       0x34 ./Core/Src/motor/motor_init.o
 .ARM.attributes
                0x000001f6       0x21 ./Core/Startup/startup_stm32f446retx.o
 .ARM.attributes
                0x00000217       0x34 ./Drivers/STM32F4xx_HAL_Driver/Src/stm32f4xx_hal.o
 .ARM.attributes
                0x0000024b       0x34 ./Drivers/STM32F4xx_HAL_Driver/Src/stm32f4xx_hal_cortex.o
 .ARM.attributes
                0x0000027f       0x34 ./Drivers/STM32F4xx_HAL_Driver/Src/stm32f4xx_hal_gpio.o
 .ARM.attributes
                0x000002b3       0x34 ./Drivers/STM32F4xx_HAL_Driver/Src/stm32f4xx_hal_i2c.o
 .ARM.attributes
                0x000002e7       0x34 ./Drivers/STM32F4xx_HAL_Driver/Src/stm32f4xx_hal_rcc.o
 .ARM.attributes
                0x0000031b       0x34 ./Drivers/STM32F4xx_HAL_Driver/Src/stm32f4xx_hal_rcc_ex.o
 .ARM.attributes
                0x0000034f       0x34 ./Drivers/STM32F4xx_HAL_Driver/Src/stm32f4xx_hal_tim.o
 .ARM.attributes
                0x00000383       0x34 ./Drivers/STM32F4xx_HAL_Driver/Src/stm32f4xx_hal_tim_ex.o
 .ARM.attributes
                0x000003b7       0x34 ./Drivers/STM32F4xx_HAL_Driver/Src/stm32f4xx_hal_uart.o
 .ARM.attributes
                0x000003eb       0x34 C:/Program Files/STM32CubeIDE_1.18.1/STM32CubeIDE/plugins/com.st.stm32cube.ide.mcu.externaltools.gnu-tools-for-stm32.13.3.rel1.win32_1.0.0.202411081344/tools/bin/../lib/gcc/arm-none-eabi/13.3.1/../../../../arm-none-eabi/lib/thumb/v7e-m+fp/hard\libm.a(libm_a-wf_sqrt.o)
 .ARM.attributes
                0x0000041f       0x34 C:/Program Files/STM32CubeIDE_1.18.1/STM32CubeIDE/plugins/com.st.stm32cube.ide.mcu.externaltools.gnu-tools-for-stm32.13.3.rel1.win32_1.0.0.202411081344/tools/bin/../lib/gcc/arm-none-eabi/13.3.1/../../../../arm-none-eabi/lib/thumb/v7e-m+fp/hard\libm.a(libm_a-ef_sqrt.o)
 .ARM.attributes
                0x00000453       0x34 C:/Program Files/STM32CubeIDE_1.18.1/STM32CubeIDE/plugins/com.st.stm32cube.ide.mcu.externaltools.gnu-tools-for-stm32.13.3.rel1.win32_1.0.0.202411081344/tools/bin/../lib/gcc/arm-none-eabi/13.3.1/../../../../arm-none-eabi/lib/thumb/v7e-m+fp/hard\libc_nano.a(libc_a-findfp.o)
 .ARM.attributes
                0x00000487       0x34 C:/Program Files/STM32CubeIDE_1.18.1/STM32CubeIDE/plugins/com.st.stm32cube.ide.mcu.externaltools.gnu-tools-for-stm32.13.3.rel1.win32_1.0.0.202411081344/tools/bin/../lib/gcc/arm-none-eabi/13.3.1/../../../../arm-none-eabi/lib/thumb/v7e-m+fp/hard\libc_nano.a(libc_a-memset.o)
 .ARM.attributes
                0x000004bb       0x34 C:/Program Files/STM32CubeIDE_1.18.1/STM32CubeIDE/plugins/com.st.stm32cube.ide.mcu.externaltools.gnu-tools-for-stm32.13.3.rel1.win32_1.0.0.202411081344/tools/bin/../lib/gcc/arm-none-eabi/13.3.1/../../../../arm-none-eabi/lib/thumb/v7e-m+fp/hard\libc_nano.a(libc_a-impure.o)
 .ARM.attributes
                0x000004ef       0x34 C:/Program Files/STM32CubeIDE_1.18.1/STM32CubeIDE/plugins/com.st.stm32cube.ide.mcu.externaltools.gnu-tools-for-stm32.13.3.rel1.win32_1.0.0.202411081344/tools/bin/../lib/gcc/arm-none-eabi/13.3.1/../../../../arm-none-eabi/lib/thumb/v7e-m+fp/hard\libc_nano.a(libc_a-errno.o)
 .ARM.attributes
                0x00000523       0x34 C:/Program Files/STM32CubeIDE_1.18.1/STM32CubeIDE/plugins/com.st.stm32cube.ide.mcu.externaltools.gnu-tools-for-stm32.13.3.rel1.win32_1.0.0.202411081344/tools/bin/../lib/gcc/arm-none-eabi/13.3.1/../../../../arm-none-eabi/lib/thumb/v7e-m+fp/hard\libc_nano.a(libc_a-init.o)
 .ARM.attributes
                0x00000557       0x34 C:/Program Files/STM32CubeIDE_1.18.1/STM32CubeIDE/plugins/com.st.stm32cube.ide.mcu.externaltools.gnu-tools-for-stm32.13.3.rel1.win32_1.0.0.202411081344/tools/bin/../lib/gcc/arm-none-eabi/13.3.1/../../../../arm-none-eabi/lib/thumb/v7e-m+fp/hard\libc_nano.a(libc_a-memcpy-stub.o)
 .ARM.attributes
                0x0000058b       0x22 C:/Program Files/STM32CubeIDE_1.18.1/STM32CubeIDE/plugins/com.st.stm32cube.ide.mcu.externaltools.gnu-tools-for-stm32.13.3.rel1.win32_1.0.0.202411081344/tools/bin/../lib/gcc/arm-none-eabi/13.3.1/thumb/v7e-m+fp/hard\libgcc.a(_arm_addsubdf3.o)
 .ARM.attributes
                0x000005ad       0x22 C:/Program Files/STM32CubeIDE_1.18.1/STM32CubeIDE/plugins/com.st.stm32cube.ide.mcu.externaltools.gnu-tools-for-stm32.13.3.rel1.win32_1.0.0.202411081344/tools/bin/../lib/gcc/arm-none-eabi/13.3.1/thumb/v7e-m+fp/hard\libgcc.a(_arm_muldivdf3.o)
 .ARM.attributes
                0x000005cf       0x22 C:/Program Files/STM32CubeIDE_1.18.1/STM32CubeIDE/plugins/com.st.stm32cube.ide.mcu.externaltools.gnu-tools-for-stm32.13.3.rel1.win32_1.0.0.202411081344/tools/bin/../lib/gcc/arm-none-eabi/13.3.1/thumb/v7e-m+fp/hard\libgcc.a(_arm_fixdfsi.o)
 .ARM.attributes
                0x000005f1       0x22 C:/Program Files/STM32CubeIDE_1.18.1/STM32CubeIDE/plugins/com.st.stm32cube.ide.mcu.externaltools.gnu-tools-for-stm32.13.3.rel1.win32_1.0.0.202411081344/tools/bin/../lib/gcc/arm-none-eabi/13.3.1/thumb/v7e-m+fp/hard\libgcc.a(_aeabi_uldivmod.o)
 .ARM.attributes
                0x00000613       0x34 C:/Program Files/STM32CubeIDE_1.18.1/STM32CubeIDE/plugins/com.st.stm32cube.ide.mcu.externaltools.gnu-tools-for-stm32.13.3.rel1.win32_1.0.0.202411081344/tools/bin/../lib/gcc/arm-none-eabi/13.3.1/thumb/v7e-m+fp/hard\libgcc.a(_udivmoddi4.o)
 .ARM.attributes
                0x00000647       0x22 C:/Program Files/STM32CubeIDE_1.18.1/STM32CubeIDE/plugins/com.st.stm32cube.ide.mcu.externaltools.gnu-tools-for-stm32.13.3.rel1.win32_1.0.0.202411081344/tools/bin/../lib/gcc/arm-none-eabi/13.3.1/thumb/v7e-m+fp/hard\libgcc.a(_dvmd_tls.o)
 .ARM.attributes
                0x00000669       0x22 C:/Program Files/STM32CubeIDE_1.18.1/STM32CubeIDE/plugins/com.st.stm32cube.ide.mcu.externaltools.gnu-tools-for-stm32.13.3.rel1.win32_1.0.0.202411081344/tools/bin/../lib/gcc/arm-none-eabi/13.3.1/thumb/v7e-m+fp/hard/crtn.o
OUTPUT(STM32F4.elf elf32-littlearm)
LOAD linker stubs
LOAD C:/Program Files/STM32CubeIDE_1.18.1/STM32CubeIDE/plugins/com.st.stm32cube.ide.mcu.externaltools.gnu-tools-for-stm32.13.3.rel1.win32_1.0.0.202411081344/tools/bin/../lib/gcc/arm-none-eabi/13.3.1/../../../../arm-none-eabi/lib/thumb/v7e-m+fp/hard\libc.a
LOAD C:/Program Files/STM32CubeIDE_1.18.1/STM32CubeIDE/plugins/com.st.stm32cube.ide.mcu.externaltools.gnu-tools-for-stm32.13.3.rel1.win32_1.0.0.202411081344/tools/bin/../lib/gcc/arm-none-eabi/13.3.1/../../../../arm-none-eabi/lib/thumb/v7e-m+fp/hard\libm.a
LOAD C:/Program Files/STM32CubeIDE_1.18.1/STM32CubeIDE/plugins/com.st.stm32cube.ide.mcu.externaltools.gnu-tools-for-stm32.13.3.rel1.win32_1.0.0.202411081344/tools/bin/../lib/gcc/arm-none-eabi/13.3.1/thumb/v7e-m+fp/hard\libgcc.a

.debug_info     0x00000000    0x16073
 .debug_info    0x00000000     0x22e9 ./Core/Src/main.o
 .debug_info    0x000022e9     0x1529 ./Core/Src/stm32f4xx_hal_msp.o
 .debug_info    0x00003812      0x801 ./Core/Src/stm32f4xx_it.o
 .debug_info    0x00004013      0x54a ./Core/Src/system_stm32f4xx.o
 .debug_info    0x0000455d     0x2060 ./Core/Src/tmc2209.o
 .debug_info    0x000065bd      0xe7d ./Core/Src/tmc2209_if.o
 .debug_info    0x0000743a     0x16ae ./Core/Src/motor/motor_control.o
 .debug_info    0x00008ae8     0x12c5 ./Core/Src/motor/motor_init.o
 .debug_info    0x00009dad       0x30 ./Core/Startup/startup_stm32f446retx.o
 .debug_info    0x00009ddd      0x99a ./Drivers/STM32F4xx_HAL_Driver/Src/stm32f4xx_hal.o
 .debug_info    0x0000a777      0xdaa ./Drivers/STM32F4xx_HAL_Driver/Src/stm32f4xx_hal_cortex.o
 .debug_info    0x0000b521      0x70b ./Drivers/STM32F4xx_HAL_Driver/Src/stm32f4xx_hal_gpio.o
 .debug_info    0x0000bc2c     0x2421 ./Drivers/STM32F4xx_HAL_Driver/Src/stm32f4xx_hal_i2c.o
 .debug_info    0x0000e04d      0x8ff ./Drivers/STM32F4xx_HAL_Driver/Src/stm32f4xx_hal_rcc.o
 .debug_info    0x0000e94c      0x960 ./Drivers/STM32F4xx_HAL_Driver/Src/stm32f4xx_hal_rcc_ex.o
 .debug_info    0x0000f2ac     0x299d ./Drivers/STM32F4xx_HAL_Driver/Src/stm32f4xx_hal_tim.o
 .debug_info    0x00011c49     0x14db ./Drivers/STM32F4xx_HAL_Driver/Src/stm32f4xx_hal_tim_ex.o
 .debug_info    0x00013124     0x2f4f ./Drivers/STM32F4xx_HAL_Driver/Src/stm32f4xx_hal_uart.o

.debug_abbrev   0x00000000     0x2ad3
 .debug_abbrev  0x00000000      0x38e ./Core/Src/main.o
 .debug_abbrev  0x0000038e      0x21f ./Core/Src/stm32f4xx_hal_msp.o
 .debug_abbrev  0x000005ad      0x1c4 ./Core/Src/stm32f4xx_it.o
 .debug_abbrev  0x00000771      0x11a ./Core/Src/system_stm32f4xx.o
 .debug_abbrev  0x0000088b      0x33d ./Core/Src/tmc2209.o
 .debug_abbrev  0x00000bc8      0x28a ./Core/Src/tmc2209_if.o
 .debug_abbrev  0x00000e52      0x36d ./Core/Src/motor/motor_control.o
 .debug_abbrev  0x000011bf      0x26d ./Core/Src/motor/motor_init.o
 .debug_abbrev  0x0000142c       0x24 ./Core/Startup/startup_stm32f446retx.o
 .debug_abbrev  0x00001450      0x214 ./Drivers/STM32F4xx_HAL_Driver/Src/stm32f4xx_hal.o
 .debug_abbrev  0x00001664      0x31d ./Drivers/STM32F4xx_HAL_Driver/Src/stm32f4xx_hal_cortex.o
 .debug_abbrev  0x00001981      0x1d4 ./Drivers/STM32F4xx_HAL_Driver/Src/stm32f4xx_hal_gpio.o
 .debug_abbrev  0x00001b55      0x2ad ./Drivers/STM32F4xx_HAL_Driver/Src/stm32f4xx_hal_i2c.o
 .debug_abbrev  0x00001e02      0x2b7 ./Drivers/STM32F4xx_HAL_Driver/Src/stm32f4xx_hal_rcc.o
 .debug_abbrev  0x000020b9      0x211 ./Drivers/STM32F4xx_HAL_Driver/Src/stm32f4xx_hal_rcc_ex.o
 .debug_abbrev  0x000022ca      0x278 ./Drivers/STM32F4xx_HAL_Driver/Src/stm32f4xx_hal_tim.o
 .debug_abbrev  0x00002542      0x283 ./Drivers/STM32F4xx_HAL_Driver/Src/stm32f4xx_hal_tim_ex.o
 .debug_abbrev  0x000027c5      0x30e ./Drivers/STM32F4xx_HAL_Driver/Src/stm32f4xx_hal_uart.o

.debug_aranges  0x00000000     0x12f8
 .debug_aranges
                0x00000000       0xc8 ./Core/Src/main.o
 .debug_aranges
                0x000000c8       0x50 ./Core/Src/stm32f4xx_hal_msp.o
 .debug_aranges
                0x00000118       0xb0 ./Core/Src/stm32f4xx_it.o
 .debug_aranges
                0x000001c8       0x28 ./Core/Src/system_stm32f4xx.o
 .debug_aranges
                0x000001f0      0x258 ./Core/Src/tmc2209.o
 .debug_aranges
                0x00000448       0x48 ./Core/Src/tmc2209_if.o
 .debug_aranges
                0x00000490       0x98 ./Core/Src/motor/motor_control.o
 .debug_aranges
                0x00000528       0x48 ./Core/Src/motor/motor_init.o
 .debug_aranges
                0x00000570       0x28 ./Core/Startup/startup_stm32f446retx.o
 .debug_aranges
                0x00000598       0xf0 ./Drivers/STM32F4xx_HAL_Driver/Src/stm32f4xx_hal.o
 .debug_aranges
                0x00000688      0x130 ./Drivers/STM32F4xx_HAL_Driver/Src/stm32f4xx_hal_cortex.o
 .debug_aranges
                0x000007b8       0x58 ./Drivers/STM32F4xx_HAL_Driver/Src/stm32f4xx_hal_gpio.o
 .debug_aranges
                0x00000810      0x2a8 ./Drivers/STM32F4xx_HAL_Driver/Src/stm32f4xx_hal_i2c.o
 .debug_aranges
                0x00000ab8       0x88 ./Drivers/STM32F4xx_HAL_Driver/Src/stm32f4xx_hal_rcc.o
 .debug_aranges
                0x00000b40       0x78 ./Drivers/STM32F4xx_HAL_Driver/Src/stm32f4xx_hal_rcc_ex.o
 .debug_aranges
                0x00000bb8      0x3d0 ./Drivers/STM32F4xx_HAL_Driver/Src/stm32f4xx_hal_tim.o
 .debug_aranges
                0x00000f88      0x168 ./Drivers/STM32F4xx_HAL_Driver/Src/stm32f4xx_hal_tim_ex.o
 .debug_aranges
                0x000010f0      0x208 ./Drivers/STM32F4xx_HAL_Driver/Src/stm32f4xx_hal_uart.o

.debug_rnglists
                0x00000000      0xef2
 .debug_rnglists
                0x00000000       0x9a ./Core/Src/main.o
 .debug_rnglists
                0x0000009a       0x3c ./Core/Src/stm32f4xx_hal_msp.o
 .debug_rnglists
                0x000000d6       0x7f ./Core/Src/stm32f4xx_it.o
 .debug_rnglists
                0x00000155       0x1a ./Core/Src/system_stm32f4xx.o
 .debug_rnglists
                0x0000016f      0x1c4 ./Core/Src/tmc2209.o
 .debug_rnglists
                0x00000333       0x33 ./Core/Src/tmc2209_if.o
 .debug_rnglists
                0x00000366       0x74 ./Core/Src/motor/motor_control.o
 .debug_rnglists
                0x000003da       0x36 ./Core/Src/motor/motor_init.o
 .debug_rnglists
                0x00000410       0x19 ./Core/Startup/startup_stm32f446retx.o
 .debug_rnglists
                0x00000429       0xaf ./Drivers/STM32F4xx_HAL_Driver/Src/stm32f4xx_hal.o
 .debug_rnglists
                0x000004d8       0xe0 ./Drivers/STM32F4xx_HAL_Driver/Src/stm32f4xx_hal_cortex.o
 .debug_rnglists
                0x000005b8       0x3f ./Drivers/STM32F4xx_HAL_Driver/Src/stm32f4xx_hal_gpio.o
 .debug_rnglists
                0x000005f7      0x23c ./Drivers/STM32F4xx_HAL_Driver/Src/stm32f4xx_hal_i2c.o
 .debug_rnglists
                0x00000833       0x66 ./Drivers/STM32F4xx_HAL_Driver/Src/stm32f4xx_hal_rcc.o
 .debug_rnglists
                0x00000899       0x5e ./Drivers/STM32F4xx_HAL_Driver/Src/stm32f4xx_hal_rcc_ex.o
 .debug_rnglists
                0x000008f7      0x31a ./Drivers/STM32F4xx_HAL_Driver/Src/stm32f4xx_hal_tim.o
 .debug_rnglists
                0x00000c11      0x125 ./Drivers/STM32F4xx_HAL_Driver/Src/stm32f4xx_hal_tim_ex.o
 .debug_rnglists
                0x00000d36      0x1bc ./Drivers/STM32F4xx_HAL_Driver/Src/stm32f4xx_hal_uart.o

.debug_macro    0x00000000     0x2fec
 .debug_macro   0x00000000      0x3b2 ./Core/Src/main.o
 .debug_macro   0x000003b2       0x2e ./Core/Src/main.o
 .debug_macro   0x000003e0       0x16 ./Core/Src/main.o
 .debug_macro   0x000003f6       0x16 ./Core/Src/main.o
 .debug_macro   0x0000040c      0x142 ./Core/Src/main.o
 .debug_macro   0x0000054e      0x1c0 ./Core/Src/main.o
 .debug_macro   0x0000070e       0x22 ./Core/Src/main.o
 .debug_macro   0x00000730      0x219 ./Core/Src/main.o
 .debug_macro   0x00000949      0x2ce ./Core/Src/stm32f4xx_hal_msp.o
 .debug_macro   0x00000c17      0x2d8 ./Core/Src/stm32f4xx_it.o
 .debug_macro   0x00000eef      0x1e7 ./Core/Src/system_stm32f4xx.o
 .debug_macro   0x000010d6      0x2ea ./Core/Src/tmc2209.o
 .debug_macro   0x000013c0      0x2ee ./Core/Src/tmc2209_if.o
 .debug_macro   0x000016ae      0x39f ./Core/Src/motor/motor_control.o
 .debug_macro   0x00001a4d      0x3a6 ./Core/Src/motor/motor_init.o
 .debug_macro   0x00001df3      0x247 ./Drivers/STM32F4xx_HAL_Driver/Src/stm32f4xx_hal.o
 .debug_macro   0x0000203a      0x1e7 ./Drivers/STM32F4xx_HAL_Driver/Src/stm32f4xx_hal_cortex.o
 .debug_macro   0x00002221      0x1ed ./Drivers/STM32F4xx_HAL_Driver/Src/stm32f4xx_hal_gpio.o
 .debug_macro   0x0000240e      0x235 ./Drivers/STM32F4xx_HAL_Driver/Src/stm32f4xx_hal_i2c.o
 .debug_macro   0x00002643      0x20b ./Drivers/STM32F4xx_HAL_Driver/Src/stm32f4xx_hal_rcc.o
 .debug_macro   0x0000284e      0x1e7 ./Drivers/STM32F4xx_HAL_Driver/Src/stm32f4xx_hal_rcc_ex.o
 .debug_macro   0x00002a35      0x1e8 ./Drivers/STM32F4xx_HAL_Driver/Src/stm32f4xx_hal_tim.o
 .debug_macro   0x00002c1d      0x1e7 ./Drivers/STM32F4xx_HAL_Driver/Src/stm32f4xx_hal_tim_ex.o
 .debug_macro   0x00002e04      0x1e8 ./Drivers/STM32F4xx_HAL_Driver/Src/stm32f4xx_hal_uart.o

.debug_line     0x00000000    0x168d8
 .debug_line    0x00000000     0x11a3 ./Core/Src/main.o
 .debug_line    0x000011a3      0xd12 ./Core/Src/stm32f4xx_hal_msp.o
 .debug_line    0x00001eb5      0xb5e ./Core/Src/stm32f4xx_it.o
 .debug_line    0x00002a13      0x7e9 ./Core/Src/system_stm32f4xx.o
 .debug_line    0x000031fc     0x14b6 ./Core/Src/tmc2209.o
 .debug_line    0x000046b2      0xb16 ./Core/Src/tmc2209_if.o
 .debug_line    0x000051c8     0x1042 ./Core/Src/motor/motor_control.o
 .debug_line    0x0000620a      0xd02 ./Core/Src/motor/motor_init.o
 .debug_line    0x00006f0c       0x7a ./Core/Startup/startup_stm32f446retx.o
 .debug_line    0x00006f86      0xa65 ./Drivers/STM32F4xx_HAL_Driver/Src/stm32f4xx_hal.o
 .debug_line    0x000079eb      0xd35 ./Drivers/STM32F4xx_HAL_Driver/Src/stm32f4xx_hal_cortex.o
 .debug_line    0x00008720      0xba9 ./Drivers/STM32F4xx_HAL_Driver/Src/stm32f4xx_hal_gpio.o
 .debug_line    0x000092c9     0x3b12 ./Drivers/STM32F4xx_HAL_Driver/Src/stm32f4xx_hal_i2c.o
 .debug_line    0x0000cddb      0xe80 ./Drivers/STM32F4xx_HAL_Driver/Src/stm32f4xx_hal_rcc.o
 .debug_line    0x0000dc5b     0x1531 ./Drivers/STM32F4xx_HAL_Driver/Src/stm32f4xx_hal_rcc_ex.o
 .debug_line    0x0000f18c     0x37da ./Drivers/STM32F4xx_HAL_Driver/Src/stm32f4xx_hal_tim.o
 .debug_line    0x00012966     0x19c5 ./Drivers/STM32F4xx_HAL_Driver/Src/stm32f4xx_hal_tim_ex.o
 .debug_line    0x0001432b     0x25ad ./Drivers/STM32F4xx_HAL_Driver/Src/stm32f4xx_hal_uart.o

.debug_str      0x00000000    0xd675e
 .debug_str     0x00000000    0xd675e ./Core/Src/main.o
                              0xd25d8 (size before relaxing)
 .debug_str     0x000d675e    0xcfe8b ./Core/Src/stm32f4xx_hal_msp.o
 .debug_str     0x000d675e    0xcf418 ./Core/Src/stm32f4xx_it.o
 .debug_str     0x000d675e    0xcb28c ./Core/Src/system_stm32f4xx.o
 .debug_str     0x000d675e    0xd0aa8 ./Core/Src/tmc2209.o
 .debug_str     0x000d675e    0xcfe14 ./Core/Src/tmc2209_if.o
 .debug_str     0x000d675e    0xd10ba ./Core/Src/motor/motor_control.o
 .debug_str     0x000d675e    0xd17d5 ./Core/Src/motor/motor_init.o
 .debug_str     0x000d675e       0x74 ./Core/Startup/startup_stm32f446retx.o
 .debug_str     0x000d675e    0xcbe51 ./Drivers/STM32F4xx_HAL_Driver/Src/stm32f4xx_hal.o
 .debug_str     0x000d675e    0xcbba8 ./Drivers/STM32F4xx_HAL_Driver/Src/stm32f4xx_hal_cortex.o
 .debug_str     0x000d675e    0xcb407 ./Drivers/STM32F4xx_HAL_Driver/Src/stm32f4xx_hal_gpio.o
 .debug_str     0x000d675e    0xcc28a ./Drivers/STM32F4xx_HAL_Driver/Src/stm32f4xx_hal_i2c.o
 .debug_str     0x000d675e    0xcb6c5 ./Drivers/STM32F4xx_HAL_Driver/Src/stm32f4xx_hal_rcc.o
 .debug_str     0x000d675e    0xcb6f8 ./Drivers/STM32F4xx_HAL_Driver/Src/stm32f4xx_hal_rcc_ex.o
 .debug_str     0x000d675e    0xcc5f1 ./Drivers/STM32F4xx_HAL_Driver/Src/stm32f4xx_hal_tim.o
 .debug_str     0x000d675e    0xcbdfd ./Drivers/STM32F4xx_HAL_Driver/Src/stm32f4xx_hal_tim_ex.o
 .debug_str     0x000d675e    0xcbc7c ./Drivers/STM32F4xx_HAL_Driver/Src/stm32f4xx_hal_uart.o

.comment        0x00000000       0x43
 .comment       0x00000000       0x43 ./Core/Src/main.o
                                 0x44 (size before relaxing)
 .comment       0x00000043       0x44 ./Core/Src/stm32f4xx_hal_msp.o
 .comment       0x00000043       0x44 ./Core/Src/stm32f4xx_it.o
 .comment       0x00000043       0x44 ./Core/Src/system_stm32f4xx.o
 .comment       0x00000043       0x44 ./Core/Src/tmc2209.o
 .comment       0x00000043       0x44 ./Core/Src/tmc2209_if.o
 .comment       0x00000043       0x44 ./Core/Src/motor/motor_control.o
 .comment       0x00000043       0x44 ./Core/Src/motor/motor_init.o
 .comment       0x00000043       0x44 ./Drivers/STM32F4xx_HAL_Driver/Src/stm32f4xx_hal.o
 .comment       0x00000043       0x44 ./Drivers/STM32F4xx_HAL_Driver/Src/stm32f4xx_hal_cortex.o
 .comment       0x00000043       0x44 ./Drivers/STM32F4xx_HAL_Driver/Src/stm32f4xx_hal_gpio.o
 .comment       0x00000043       0x44 ./Drivers/STM32F4xx_HAL_Driver/Src/stm32f4xx_hal_i2c.o
 .comment       0x00000043       0x44 ./Drivers/STM32F4xx_HAL_Driver/Src/stm32f4xx_hal_rcc.o
 .comment       0x00000043       0x44 ./Drivers/STM32F4xx_HAL_Driver/Src/stm32f4xx_hal_rcc_ex.o
 .comment       0x00000043       0x44 ./Drivers/STM32F4xx_HAL_Driver/Src/stm32f4xx_hal_tim.o
 .comment       0x00000043       0x44 ./Drivers/STM32F4xx_HAL_Driver/Src/stm32f4xx_hal_tim_ex.o
 .comment       0x00000043       0x44 ./Drivers/STM32F4xx_HAL_Driver/Src/stm32f4xx_hal_uart.o

.debug_frame    0x00000000     0x544c
 .debug_frame   0x00000000      0x2d8 ./Core/Src/main.o
 .debug_frame   0x000002d8      0x114 ./Core/Src/stm32f4xx_hal_msp.o
 .debug_frame   0x000003ec      0x21c ./Core/Src/stm32f4xx_it.o
 .debug_frame   0x00000608       0x58 ./Core/Src/system_stm32f4xx.o
 .debug_frame   0x00000660      0xa54 ./Core/Src/tmc2209.o
 .debug_frame   0x000010b4      0x108 ./Core/Src/tmc2209_if.o
 .debug_frame   0x000011bc      0x258 ./Core/Src/motor/motor_control.o
 .debug_frame   0x00001414      0x114 ./Core/Src/motor/motor_init.o
 .debug_frame   0x00001528      0x374 ./Drivers/STM32F4xx_HAL_Driver/Src/stm32f4xx_hal.o
 .debug_frame   0x0000189c      0x508 ./Drivers/STM32F4xx_HAL_Driver/Src/stm32f4xx_hal_cortex.o
 .debug_frame   0x00001da4      0x14c ./Drivers/STM32F4xx_HAL_Driver/Src/stm32f4xx_hal_gpio.o
 .debug_frame   0x00001ef0      0xc84 ./Drivers/STM32F4xx_HAL_Driver/Src/stm32f4xx_hal_i2c.o
 .debug_frame   0x00002b74      0x1f4 ./Drivers/STM32F4xx_HAL_Driver/Src/stm32f4xx_hal_rcc.o
 .debug_frame   0x00002d68      0x1e8 ./Drivers/STM32F4xx_HAL_Driver/Src/stm32f4xx_hal_rcc_ex.o
 .debug_frame   0x00002f50     0x11c0 ./Drivers/STM32F4xx_HAL_Driver/Src/stm32f4xx_hal_tim.o
 .debug_frame   0x00004110      0x638 ./Drivers/STM32F4xx_HAL_Driver/Src/stm32f4xx_hal_tim_ex.o
 .debug_frame   0x00004748      0x954 ./Drivers/STM32F4xx_HAL_Driver/Src/stm32f4xx_hal_uart.o
 .debug_frame   0x0000509c       0x38 C:/Program Files/STM32CubeIDE_1.18.1/STM32CubeIDE/plugins/com.st.stm32cube.ide.mcu.externaltools.gnu-tools-for-stm32.13.3.rel1.win32_1.0.0.202411081344/tools/bin/../lib/gcc/arm-none-eabi/13.3.1/../../../../arm-none-eabi/lib/thumb/v7e-m+fp/hard\libm.a(libm_a-wf_sqrt.o)
 .debug_frame   0x000050d4       0x20 C:/Program Files/STM32CubeIDE_1.18.1/STM32CubeIDE/plugins/com.st.stm32cube.ide.mcu.externaltools.gnu-tools-for-stm32.13.3.rel1.win32_1.0.0.202411081344/tools/bin/../lib/gcc/arm-none-eabi/13.3.1/../../../../arm-none-eabi/lib/thumb/v7e-m+fp/hard\libm.a(libm_a-ef_sqrt.o)
 .debug_frame   0x000050f4      0x144 C:/Program Files/STM32CubeIDE_1.18.1/STM32CubeIDE/plugins/com.st.stm32cube.ide.mcu.externaltools.gnu-tools-for-stm32.13.3.rel1.win32_1.0.0.202411081344/tools/bin/../lib/gcc/arm-none-eabi/13.3.1/../../../../arm-none-eabi/lib/thumb/v7e-m+fp/hard\libc_nano.a(libc_a-findfp.o)
 .debug_frame   0x00005238       0x20 C:/Program Files/STM32CubeIDE_1.18.1/STM32CubeIDE/plugins/com.st.stm32cube.ide.mcu.externaltools.gnu-tools-for-stm32.13.3.rel1.win32_1.0.0.202411081344/tools/bin/../lib/gcc/arm-none-eabi/13.3.1/../../../../arm-none-eabi/lib/thumb/v7e-m+fp/hard\libc_nano.a(libc_a-memset.o)
 .debug_frame   0x00005258       0x20 C:/Program Files/STM32CubeIDE_1.18.1/STM32CubeIDE/plugins/com.st.stm32cube.ide.mcu.externaltools.gnu-tools-for-stm32.13.3.rel1.win32_1.0.0.202411081344/tools/bin/../lib/gcc/arm-none-eabi/13.3.1/../../../../arm-none-eabi/lib/thumb/v7e-m+fp/hard\libc_nano.a(libc_a-errno.o)
 .debug_frame   0x00005278       0x2c C:/Program Files/STM32CubeIDE_1.18.1/STM32CubeIDE/plugins/com.st.stm32cube.ide.mcu.externaltools.gnu-tools-for-stm32.13.3.rel1.win32_1.0.0.202411081344/tools/bin/../lib/gcc/arm-none-eabi/13.3.1/../../../../arm-none-eabi/lib/thumb/v7e-m+fp/hard\libc_nano.a(libc_a-init.o)
 .debug_frame   0x000052a4       0x28 C:/Program Files/STM32CubeIDE_1.18.1/STM32CubeIDE/plugins/com.st.stm32cube.ide.mcu.externaltools.gnu-tools-for-stm32.13.3.rel1.win32_1.0.0.202411081344/tools/bin/../lib/gcc/arm-none-eabi/13.3.1/../../../../arm-none-eabi/lib/thumb/v7e-m+fp/hard\libc_nano.a(libc_a-memcpy-stub.o)
 .debug_frame   0x000052cc       0xac C:/Program Files/STM32CubeIDE_1.18.1/STM32CubeIDE/plugins/com.st.stm32cube.ide.mcu.externaltools.gnu-tools-for-stm32.13.3.rel1.win32_1.0.0.202411081344/tools/bin/../lib/gcc/arm-none-eabi/13.3.1/thumb/v7e-m+fp/hard\libgcc.a(_arm_addsubdf3.o)
 .debug_frame   0x00005378       0x50 C:/Program Files/STM32CubeIDE_1.18.1/STM32CubeIDE/plugins/com.st.stm32cube.ide.mcu.externaltools.gnu-tools-for-stm32.13.3.rel1.win32_1.0.0.202411081344/tools/bin/../lib/gcc/arm-none-eabi/13.3.1/thumb/v7e-m+fp/hard\libgcc.a(_arm_muldivdf3.o)
 .debug_frame   0x000053c8       0x24 C:/Program Files/STM32CubeIDE_1.18.1/STM32CubeIDE/plugins/com.st.stm32cube.ide.mcu.externaltools.gnu-tools-for-stm32.13.3.rel1.win32_1.0.0.202411081344/tools/bin/../lib/gcc/arm-none-eabi/13.3.1/thumb/v7e-m+fp/hard\libgcc.a(_arm_fixdfsi.o)
 .debug_frame   0x000053ec       0x2c C:/Program Files/STM32CubeIDE_1.18.1/STM32CubeIDE/plugins/com.st.stm32cube.ide.mcu.externaltools.gnu-tools-for-stm32.13.3.rel1.win32_1.0.0.202411081344/tools/bin/../lib/gcc/arm-none-eabi/13.3.1/thumb/v7e-m+fp/hard\libgcc.a(_aeabi_uldivmod.o)
 .debug_frame   0x00005418       0x34 C:/Program Files/STM32CubeIDE_1.18.1/STM32CubeIDE/plugins/com.st.stm32cube.ide.mcu.externaltools.gnu-tools-for-stm32.13.3.rel1.win32_1.0.0.202411081344/tools/bin/../lib/gcc/arm-none-eabi/13.3.1/thumb/v7e-m+fp/hard\libgcc.a(_udivmoddi4.o)

.debug_line_str
                0x00000000       0x58
 .debug_line_str
                0x00000000       0x58 ./Core/Startup/startup_stm32f446retx.o
