../Core/Src/motor/motor_control.c:33:6:initMovementVars	16	static
../Core/Src/motor/motor_control.c:42:15:startMovement	24	static
../Core/Src/motor/motor_control.c:59:6:stopMotorMovement	16	static
../Core/Src/motor/motor_control.c:109:20:trapezMove	16	static
../Core/Src/motor/motor_control.c:133:6:HAL_TIM_OC_DelayElapsedCallback	40	static
../Core/Src/motor/motor_control.c:201:6:HAL_TIM_PeriodElapsedCallback	24	static
../Core/Src/motor/motor_control.c:219:15:moveAbsolute	32	static
../Core/Src/motor/motor_control.c:282:15:moveDegrees	24	static
../Core/Src/motor/motor_control.c:343:15:movePolar	48	static
../Core/Src/motor/motor_control.c:367:15:moveToCoordinates	112	static
../Core/Src/motor/motor_control.c:394:15:openGripper	16	static
../Core/Src/motor/motor_control.c:401:15:grip	16	static
../Core/Src/motor/motor_control.c:408:15:moveGripper	32	static
../Core/Src/motor/motor_control.c:451:15:goHome	24	static
../Core/Src/motor/motor_control.c:515:6:toggle_inverse_motor_direction	16	static
