../Core/Src/motor/motor_control.c:41:9:toSteps	32	static
../Core/Src/motor/motor_control.c:48:20:stopMotorMovement	16	static
../Core/Src/motor/motor_control.c:54:20:trapezMove	16	static
../Core/Src/motor/motor_control.c:78:6:HAL_TIM_OC_DelayElapsedCallback	40	static
../Core/Src/motor/motor_control.c:142:6:HAL_TIM_PeriodElapsedCallback	24	static
../Core/Src/motor/motor_control.c:159:6:HAL_GPIO_EXTI_Callback	16	static
../Core/Src/motor/motor_control.c:171:6:moveDegrees	24	static
../Core/Src/motor/motor_control.c:198:6:grip	16	static
../Core/Src/motor/motor_control.c:216:6:goHome	24	static
../Core/Src/motor/motor_control.c:235:6:initMovementVars	16	static
../Core/Src/motor/motor_control.c:243:6:startMovement	16	static
../Core/Src/motor/motor_control.c:252:6:startStatusChecks	16	static
../Core/Src/motor/motor_control.c:268:6:checkOverheating	16	static
../Core/Src/motor/motor_control.c:283:6:checkStall	32	static
../Core/Src/motor/motor_control.c:345:6:checkDriverStatus	24	static
../Core/Src/motor/motor_control.c:362:6:toggle_inverse_motor_direction	16	static
