../Core/Src/motor/motor_control.c:50:9:toSteps	32	static
../Core/Src/motor/motor_control.c:57:20:stopMotorMovement	16	static
../Core/Src/motor/motor_control.c:107:20:trapezMove	16	static
../Core/Src/motor/motor_control.c:131:6:HAL_TIM_OC_DelayElapsedCallback	40	static
../Core/Src/motor/motor_control.c:196:6:HAL_TIM_PeriodElapsedCallback	24	static
../Core/Src/motor/motor_control.c:213:6:HAL_GPIO_EXTI_Callback	16	static
../Core/Src/motor/motor_control.c:221:6:moveAbsolute	24	static
../Core/Src/motor/motor_control.c:271:6:moveDegrees	24	static
../Core/Src/motor/motor_control.c:315:6:toPolar	24	static
../Core/Src/motor/motor_control.c:329:6:movePolar	72	static
../Core/Src/motor/motor_control.c:377:6:moveToCoordinates	32	static
../Core/Src/motor/motor_control.c:386:6:grip	16	static
../Core/Src/motor/motor_control.c:412:6:goHome	24	static
../Core/Src/motor/motor_control.c:466:6:initMovementVars	16	static
../Core/Src/motor/motor_control.c:474:6:startMovement	16	static
../Core/Src/motor/motor_control.c:483:6:startStatusChecks	16	static
../Core/Src/motor/motor_control.c:499:6:checkOverheating	16	static
../Core/Src/motor/motor_control.c:514:6:checkStall	32	static
../Core/Src/motor/motor_control.c:564:6:checkDriverStatus	24	static
../Core/Src/motor/motor_control.c:581:6:toggle_inverse_motor_direction	16	static
