../Core/Src/main.c:106:5:main	2312	static
../Core/Src/main.c:261:6:SystemClock_Config	88	static
../Core/Src/main.c:309:13:MX_I2C1_Init	8	static
../Core/Src/main.c:343:13:MX_TIM1_Init	32	static
../Core/Src/main.c:389:13:MX_TIM3_Init	64	static
../Core/Src/main.c:447:13:MX_TIM4_Init	64	static
../Core/Src/main.c:505:13:MX_TIM6_Init	16	static
../Core/Src/main.c:543:13:MX_TIM7_Init	16	static
../Core/Src/main.c:581:13:MX_TIM8_Init	96	static
../Core/Src/main.c:655:13:MX_TIM9_Init	24	static
../Core/Src/main.c:693:13:MX_TIM10_Init	8	static
../Core/Src/main.c:724:13:MX_TIM12_Init	56	static
../Core/Src/main.c:775:13:MX_TIM13_Init	40	static
../Core/Src/main.c:820:13:MX_UART4_Init	8	static
../Core/Src/main.c:853:13:MX_UART5_Init	8	static
../Core/Src/main.c:886:13:MX_USART1_UART_Init	8	static
../Core/Src/main.c:919:13:MX_USART2_UART_Init	8	static
../Core/Src/main.c:952:13:MX_USART3_UART_Init	8	static
../Core/Src/main.c:985:13:MX_USART6_UART_Init	8	static
../Core/Src/main.c:1018:13:MX_GPIO_Init	48	static
../Core/Src/main.c:1104:6:HAL_GPIO_EXTI_Callback	16	static
../Core/Src/main.c:1112:1:__io_putchar	16	static
../Core/Src/main.c:1126:6:Error_Handler	4	static,ignoring_inline_asm
